
 num     #instances         #bytes  class name
----------------------------------------------
   1:         12155       67855544  [I
   2:         62712       61777416  [B
   3:        365388       44893584  [C
   4:        584728       23389120  java.util.TreeMap$Entry
   5:        276515       11060600  java.util.HashMap$ValueIterator
   6:        106157        9341816  java.lang.reflect.Method
   7:        323753        7770072  java.lang.String
   8:         71355        6850080  java.util.jar.JarFile$JarFileEntry
   9:        276604        6638496  org.apache.catalina.LifecycleEvent
  10:        276148        5573520  [Lorg.apache.catalina.Container;
  11:        172336        5514752  java.util.HashMap$Node
  12:        126574        5062960  java.util.HashMap$KeyIterator
  13:        125367        3008808  java.util.Collections$UnmodifiableCollection$1
  14:         21830        2964288  [Ljava.util.HashMap$Node;
  15:         56220        2812912  [Ljava.lang.Object;
  16:         43914        2459184  java.util.concurrent.ConcurrentHashMap$ValueIterator
  17:         52929        2117160  java.util.LinkedHashMap$Entry
  18:         59991        1919712  java.util.concurrent.ConcurrentHashMap$Node
  19:         37699        1809552  java.util.TreeMap
  20:         33754        1620192  java.util.HashMap
  21:         13120        1385800  java.lang.Class
  22:         23207        1299592  java.util.LinkedHashMap
  23:         52378        1257072  java.util.ArrayList
  24:         19202        1228928  java.net.URL
  25:         37644        1204608  java.util.TreeMap$KeyIterator
  26:         54639        1199504  [Ljava.lang.Class;
  27:         38726        1162528  [Ljava.lang.String;
  28:         31672        1013504  java.lang.ref.WeakReference
  29:         20138         805520  java.lang.ref.Finalizer
  30:         10699         770328  java.lang.reflect.Field
  31:         14663         703824  org.aspectj.weaver.reflect.ShadowMatchImpl
  32:          1795         686896  [Ljava.util.concurrent.ConcurrentHashMap$Node;
  33:         37645         602320  java.util.TreeMap$KeySet
  34:         37644         602304  org.apache.catalina.webresources.Cache$EvictionOrder
  35:         12536         601728  org.apache.catalina.loader.ResourceEntry
  36:         34529         552464  java.lang.Integer
  37:         20525         492600  sun.reflect.generics.tree.SimpleClassTypeSignature
  38:          9922         476256  java.util.zip.Inflater
  39:         14663         469216  org.aspectj.weaver.patterns.ExposedState
  40:          5595         450600  [Ljava.lang.reflect.Method;
  41:         25913         414608  java.util.Collections$UnmodifiableSet
  42:         20525         383552  [Lsun.reflect.generics.tree.TypeArgument;
  43:         15725         377400  java.lang.StringBuilder
  44:          8792         351680  java.util.WeakHashMap$Entry
  45:          8717         348680  java.lang.ref.SoftReference
  46:         10342         330944  java.util.Collections$UnmodifiableMap
  47:         19931         318896  sun.reflect.generics.tree.ClassTypeSignature
  48:         12851         308424  org.apache.tomcat.util.bcel.classfile.ConstantUtf8
  49:          8772         280704  java.util.LinkedList
  50:         11504         276096  java.beans.MethodRef
  51:         11526         271968  [Ljava.lang.reflect.Type;
  52:          3300         264000  java.lang.reflect.Constructor
  53:          1471         252464  [Ljava.util.WeakHashMap$Entry;
  54:          9922         238128  java.util.zip.ZStreamRef
  55:          4898         235104  org.aspectj.weaver.reflect.ShadowMatchImpl
  56:          4168         233408  java.util.zip.ZipFile$ZipFileInputStream
  57:          4126         231056  java.util.zip.ZipFile$ZipFileInflaterInputStream
  58:         14399         230384  java.util.HashMap$KeySet
  59:          9283         222792  java.util.Collections$UnmodifiableRandomAccessList
  60:          6885         220320  java.util.ArrayList$Itr
  61:          6873         219936  java.util.Hashtable$Entry
  62:         13733         219728  java.util.HashSet
  63:          3828         214368  java.beans.MethodDescriptor
  64:          4911         196440  sun.reflect.generics.repository.MethodRepository
  65:          7603         194880  [Z
  66:          5808         185856  java.io.File
  67:          7292         175008  java.util.LinkedList$Node
  68:         10276         164416  java.util.LinkedHashSet
  69:         10068         161088  java.lang.Object
  70:          2477         158528  java.util.concurrent.ConcurrentHashMap
  71:          4916         157312  sun.reflect.generics.tree.MethodTypeSignature
  72:          4898         156736  org.aspectj.weaver.patterns.ExposedState
  73:          6237         149688  org.springframework.transaction.interceptor.AbstractFallbackTransactionAttributeSource$DefaultCacheKey
  74:          2716         138440  [[Ljava.lang.String;
  75:          7254         134760  [Lsun.reflect.generics.tree.FieldTypeSignature;
  76:          2355         131880  java.lang.Class$ReflectionData
  77:          4916         126856  [Lsun.reflect.generics.tree.TypeSignature;
  78:          1241         126696  [Ljava.util.Hashtable$Entry;
  79:          5203         124872  sun.reflect.generics.factory.CoreReflectionFactory
  80:          2144         120064  cn.nubia.framework.validator.internal.metadata.aggregated.ExecutableMetaData
  81:          1658         119376  java.beans.PropertyDescriptor
  82:          4911         117864  sun.reflect.generics.scope.MethodScope
  83:          1123         107808  org.springframework.beans.GenericTypeAwarePropertyDescriptor
  84:          4251         102024  sun.reflect.annotation.AnnotationInvocationHandler
  85:          1577         100928  org.springframework.core.annotation.AnnotationAttributes
  86:          6270         100320  [Lorg.apache.catalina.Session;
  87:          1019          97824  org.springframework.beans.GenericTypeAwarePropertyDescriptor
  88:          4063          97512  java.util.concurrent.atomic.AtomicLong
  89:          4037          96888  org.springframework.cglib.core.Signature
  90:          1008          96768  sun.util.calendar.Gregorian$Date
  91:           227          95936  [Lorg.apache.tomcat.util.bcel.classfile.Constant;
  92:          1956          93888  org.apache.tomcat.util.digester.CallMethodRule
  93:          5764          92224  java.util.LinkedHashMap$LinkedKeySet
  94:           141          91144  [J
  95:          5170          90168  [Lsun.reflect.generics.tree.FormalTypeParameter;
  96:          2812          89984  java.lang.ref.ReferenceQueue
  97:          2786          89152  com.sun.org.apache.xerces.internal.xni.QName
  98:          5385          86160  java.util.TreeSet
  99:          2144          85760  cn.nubia.framework.validator.internal.metadata.aggregated.ReturnValueMetaData
 100:          3570          85680  sun.reflect.generics.reflectiveObjects.ParameterizedTypeImpl
 101:          1402          78512  sun.nio.cs.UTF_8$Encoder
 102:           977          78160  sun.net.www.protocol.jar.URLJarFile
 103:          1380          77280  cn.nubia.framework.validator.internal.metadata.raw.ConstrainedExecutable
 104:          3168          76032  java.util.jar.Attributes$Name
 105:           912          72960  java.util.zip.ZipEntry
 106:          4526          72416  java.util.HashMap$EntrySet
 107:          1483          71184  org.springframework.util.ConcurrentReferenceHashMap$SoftEntryReference
 108:          2945          70672  [Lorg.aspectj.weaver.ast.Var;
 109:          1756          70240  javax.servlet.jsp.tagext.TagAttributeInfo
 110:          1453          69744  java.util.WeakHashMap
 111:          2104          67328  java.util.concurrent.locks.ReentrantLock$NonfairSync
 112:          4105          65680  java.util.Collections$UnmodifiableMap$UnmodifiableEntrySet
 113:          2722          65328  cn.nubia.framework.validator.internal.metadata.location.ConstraintLocation
 114:          3979          63664  java.util.LinkedHashMap$LinkedValues
 115:          1983          63456  org.springframework.cglib.proxy.MethodProxy
 116:          1982          63424  org.springframework.cglib.proxy.MethodProxy$CreateInfo
 117:           872          61352  [S
 118:          3808          60928  cn.nubia.framework.validator.internal.metadata.aggregated.GroupConversionHelper
 119:          1074          60144  cn.nubia.framework.validator.internal.metadata.aggregated.ExecutableMetaData
 120:           981          54936  java.lang.Package
 121:           828          52992  org.springframework.web.method.HandlerMethod$HandlerMethodParameter
 122:           336          51072  org.springframework.beans.factory.support.RootBeanDefinition
 123:          2112          50688  org.apache.tomcat.util.bcel.classfile.ConstantClass
 124:           398          48632  [Ljava.beans.MethodDescriptor;
 125:          1001          48048  java.util.Hashtable
 126:          1938          46512  java.util.Collections$SingletonList
 127:           638          45936  org.hibernate.mapping.Column
 128:          2814          45024  java.lang.ref.ReferenceQueue$Lock
 129:           915          43920  java.util.concurrent.ConcurrentHashMap$TreeNode
 130:          1370          43840  java.util.zip.ZipCoder
 131:          1023          43632  [Ljava.lang.reflect.Field;
 132:          1074          42960  cn.nubia.framework.validator.internal.metadata.aggregated.ReturnValueMetaData
 133:          2008          42936  [Ljava.lang.reflect.Constructor;
 134:          1740          41760  org.springframework.aop.framework.AdvisedSupport$MethodCacheKey
 135:           741          41496  org.springframework.core.MethodParameter
 136:          1276          40832  org.hibernate.annotations.common.reflection.java.JavaXProperty
 137:          1276          40832  org.hibernate.annotations.common.reflection.java.JavaXSimpleType
 138:           636          40704  org.hibernate.mapping.SimpleValue
 139:           705          39480  cn.nubia.framework.validator.internal.metadata.raw.ConstrainedExecutable
 140:           806          38688  org.apache.tomcat.util.modeler.AttributeInfo
 141:           960          38400  cn.nubia.framework.validator.internal.metadata.aggregated.ParameterMetaData
 142:           768          36864  org.springframework.web.method.HandlerMethod
 143:           768          36864  org.springframework.web.servlet.mvc.method.RequestMappingInfo
 144:            66          36432  org.hibernate.persister.entity.SingleTableEntityPersister
 145:           640          35840  org.hibernate.mapping.Property
 146:          1483          35592  org.springframework.util.ConcurrentReferenceHashMap$Entry
 147:           231          35112  org.springframework.beans.factory.support.RootBeanDefinition
 148:           726          34848  org.hibernate.loader.plan.exec.internal.EntityLoadQueryDetails
 149:           853          34808  [Ljava.beans.PropertyDescriptor;
 150:          1817          34768  [Ljava.lang.reflect.TypeVariable;
 151:           540          34560  org.springframework.core.annotation.AnnotationAttributes
 152:           862          34480  org.hibernate.loader.DefaultEntityAliases
 153:           708          33984  org.springframework.util.ConcurrentReferenceHashMap$SoftEntryReference
 154:           704          33792  cn.nubia.framework.validator.internal.metadata.aggregated.PropertyMetaData
 155:           704          33792  cn.nubia.framework.validator.internal.metadata.raw.ConstrainedParameter
 156:           134          33704  [[C
 157:          1382          33168  cn.nubia.framework.validator.internal.metadata.location.ConstraintLocation
 158:          1370          32880  java.util.ArrayDeque
 159:           140          32320  [Lcom.sun.org.apache.xerces.internal.xni.QName;
 160:           575          32200  org.springframework.core.MethodParameter
 161:          1304          31296  cn.nubia.framework.validator.internal.metadata.raw.ExecutableElement$MethodElement
 162:          1924          30784  java.util.LinkedHashMap$LinkedEntrySet
 163:          1276          30624  org.hibernate.annotations.common.reflection.java.JavaReflectionManager$MemberKey
 164:          1908          30528  cn.nubia.framework.validator.internal.metadata.aggregated.GroupConversionHelper
 165:           916          29312  org.springframework.asm.Type
 166:           726          29040  org.hibernate.loader.entity.plan.EntityLoader
 167:           726          29040  org.hibernate.loader.plan.build.internal.spaces.EntityQuerySpaceImpl
 168:           726          29040  org.hibernate.loader.plan.exec.internal.AliasResolutionContextImpl
 169:           570          27360  java.util.concurrent.locks.ReentrantReadWriteLock$NonfairSync
 170:            13          26832  [Lorg.apache.ibatis.ognl.OgnlRuntime$ClassCache$Entry;
 171:          1104          26496  java.util.Date
 172:          1097          26328  java.lang.Class$AnnotationData
 173:          1607          25712  sun.reflect.generics.tree.TypeVariableSignature
 174:           638          25520  cn.nubia.framework.validator.internal.metadata.raw.ConstrainedField
 175:          1053          25272  com.sun.org.apache.xerces.internal.util.PropertyState
 176:          1045          25080  com.sun.org.apache.xerces.internal.util.FeatureState
 177:           391          25024  java.util.jar.JarFile
 178:           347          24984  java.util.logging.Logger
 179:           768          24576  org.springframework.web.servlet.mvc.condition.PatternsRequestCondition
 180:           768          24576  org.springframework.web.servlet.mvc.condition.ProducesRequestCondition$ProduceMediaTypeExpression
 181:           352          24504  [Lorg.springframework.util.ConcurrentReferenceHashMap$Reference;
 182:           975          23400  org.springframework.beans.factory.annotation.InjectionMetadata
 183:           726          23232  org.hibernate.loader.entity.plan.EntityLoader$Builder
 184:           726          23232  org.hibernate.loader.plan.build.internal.LoadPlanImpl
 185:           726          23232  org.hibernate.loader.plan.build.internal.returns.EntityReturnImpl
 186:           726          23232  org.hibernate.loader.plan.build.internal.spaces.QuerySpacesImpl
 187:           726          23232  org.hibernate.loader.plan.exec.internal.EntityLoadQueryDetails$EntityLoaderReaderCollectorImpl
 188:           726          23232  org.hibernate.loader.plan.exec.internal.EntityLoadQueryDetails$EntityLoaderRowReader
 189:           724          23168  sun.reflect.generics.reflectiveObjects.TypeVariableImpl
 190:           961          23064  sun.reflect.generics.tree.FormalTypeParameter
 191:           320          23040  org.hibernate.mapping.Column
 192:           716          22912  javax.management.MBeanAttributeInfo
 193:           409          22904  org.springframework.core.type.classreading.MethodMetadataReadingVisitor
 194:           570          22800  org.hibernate.tuple.entity.EntityBasedBasicAttribute
 195:           937          22488  sun.misc.ProxyGenerator$ConstantPool$IndirectEntry
 196:           937          22488  sun.reflect.NativeConstructorAccessorImpl
 197:           691          22112  java.util.Vector
 198:          1358          21728  org.hibernate.annotations.common.reflection.java.JavaAnnotationReader
 199:           541          21640  java.security.ProtectionDomain
 200:           879          21096  org.springframework.http.MediaType
 201:           292          21024  java.util.regex.Pattern
 202:           640          20480  org.hibernate.annotations.common.reflection.java.JavaXProperty
 203:           640          20480  org.hibernate.annotations.common.reflection.java.JavaXSimpleType
 204:           319          20416  org.hibernate.mapping.SimpleValue
 205:          1272          20352  com.sun.proxy.$Proxy66
 206:           281          20232  sun.reflect.DelegatingClassLoader
 207:           336          19904  [Lorg.springframework.util.ConcurrentReferenceHashMap$Reference;
 208:           622          19904  sun.reflect.generics.reflectiveObjects.WildcardTypeImpl
 209:            99          19800  com.sun.org.apache.xerces.internal.impl.dv.xs.XSSimpleTypeDecl
 210:          1233          19728  java.util.HashMap$Values
 211:           352          19712  cn.nubia.framework.validator.internal.util.ConcurrentReferenceHashMap$Segment
 212:           154          19712  org.aspectj.weaver.reflect.ReflectionBasedResolvedMemberImpl
 213:           128          19456  [Lorg.hibernate.internal.util.collections.BoundedConcurrentHashMap$HashEntry;
 214:           128          19456  [Lorg.hibernate.internal.util.collections.BoundedConcurrentHashMap$HashEntry;
 215:           481          19240  cn.nubia.framework.validator.internal.metadata.aggregated.ParameterMetaData
 216:           398          19104  java.beans.BeanDescriptor
 217:           477          19080  org.apache.tomcat.util.digester.CallParamRule
 218:           395          18960  org.springframework.core.ResolvableType
 219:           591          18912  java.security.CodeSource
 220:           463          18520  org.apache.tomcat.util.descriptor.tld.TldRuleSet$Attribute
 221:           768          18432  org.springframework.web.servlet.mvc.condition.ProducesRequestCondition
 222:           574          18368  org.hibernate.tuple.BaselineAttributeInformation
 223:            33          18216  org.hibernate.persister.entity.SingleTableEntityPersister
 224:           322          18032  org.springframework.context.annotation.CommonAnnotationBeanPostProcessor$ResourceElement
 225:           321          17976  org.hibernate.mapping.Property
 226:           748          17952  org.hibernate.loader.PropertyPath
 227:           557          17824  sun.reflect.UnsafeObjectFieldAccessorImpl
 228:           318          17808  org.apache.tomcat.util.descriptor.tld.TagXml
 229:           768          17440  [Lorg.springframework.core.MethodParameter;
 230:           363          17424  org.hibernate.loader.plan.exec.internal.EntityLoadQueryDetails
 231:           726          17424  org.hibernate.loader.plan.exec.internal.EntityReferenceAliasesImpl
 232:           726          17424  org.hibernate.loader.plan.exec.internal.LoadQueryJoinAndFetchProcessor
 233:           726          17424  org.hibernate.loader.plan.exec.process.internal.EntityReferenceInitializerImpl
 234:           726          17424  org.hibernate.loader.plan.exec.process.internal.ResultSetProcessorImpl
 235:           432          17280  org.hibernate.loader.DefaultEntityAliases
 236:           357          17136  cn.nubia.framework.validator.internal.metadata.raw.ConstrainedParameter
 237:           354          16992  java.util.logging.LogManager$LoggerWeakRef
 238:           708          16992  org.springframework.util.ConcurrentReferenceHashMap$Entry
 239:           353          16944  cn.nubia.framework.validator.internal.metadata.aggregated.PropertyMetaData
 240:           688          16512  sun.reflect.generics.tree.Wildcard
 241:           410          16400  com.sun.org.apache.xerces.internal.impl.dtd.XMLSimpleType
 242:           404          16160  java.math.BigInteger
 243:           155          16120  org.springframework.context.annotation.ScannedGenericBeanDefinition
 244:          1002          16032  sun.reflect.DelegatingConstructorAccessorImpl
 245:           666          15984  cn.nubia.framework.validator.internal.metadata.raw.ExecutableElement$MethodElement
 246:           398          15920  java.beans.GenericBeanInfo
 247:           329          15792  [Lcom.sun.org.apache.xerces.internal.utils.XMLSecurityManager$Limit;
 248:           486          15552  java.io.FileDescriptor
 249:           644          15456  org.hibernate.property.DirectPropertyAccessor$DirectGetter
 250:           644          15456  org.hibernate.property.DirectPropertyAccessor$DirectSetter
 251:           384          15360  org.apache.log4j.Logger
 252:           640          15360  org.hibernate.annotations.common.reflection.java.JavaReflectionManager$MemberKey
 253:           172          15136  java.util.jar.JarVerifier
 254:           471          15072  java.io.FileInputStream
 255:            36          14976  [Ljava.util.concurrent.atomic.AtomicLong;
 256:           624          14976  org.springframework.beans.factory.annotation.InjectionMetadata
 257:           412          14920  [Ljavax.management.ObjectName$Property;
 258:           617          14808  org.apache.log4j.CategoryKey
 259:           140          14560  org.springframework.context.annotation.ScannedGenericBeanDefinition
 260:           363          14520  org.hibernate.loader.entity.plan.EntityLoader
 261:           363          14520  org.hibernate.loader.plan.build.internal.spaces.EntityQuerySpaceImpl
 262:           363          14520  org.hibernate.loader.plan.exec.internal.AliasResolutionContextImpl
 263:           598          14352  javax.management.ObjectName$Property
 264:            56          14320  [[Ljava.lang.Object;
 265:           891          14256  java.util.jar.Attributes
 266:            66          14256  org.hibernate.mapping.RootClass
 267:           352          14080  org.springframework.util.ConcurrentReferenceHashMap$Segment
 268:           352          13904  [Lcn.nubia.framework.validator.internal.util.ConcurrentReferenceHashMap$HashEntry;
 269:           571          13704  java.util.concurrent.locks.ReentrantReadWriteLock
 270:           567          13608  java.lang.Long
 271:           242          13552  org.apache.catalina.webresources.JarResource
 272:           282          13536  org.apache.tomcat.util.modeler.OperationInfo
 273:           561          13464  java.lang.StringBuffer
 274:           336          13440  org.springframework.util.ConcurrentReferenceHashMap$Segment
 275:           238          13328  org.springframework.context.annotation.CommonAnnotationBeanPostProcessor$ResourceElement
 276:           330          13200  sun.reflect.UnsafeQualifiedStaticIntegerFieldAccessorImpl
 277:           264          13128  [[I
 278:           819          13104  java.lang.Short
 279:           102          13056  org.aspectj.weaver.reflect.ReflectionBasedResolvedMemberImpl
 280:           541          12984  org.springframework.beans.MutablePropertyValues
 281:           541          12984  org.springframework.beans.factory.config.ConstructorArgumentValues
 282:            18          12816  [Lcom.sun.org.apache.xerces.internal.util.SymbolTable$Entry;
 283:           320          12800  cn.nubia.framework.validator.internal.metadata.raw.ConstrainedField
 284:           317          12680  org.springframework.beans.factory.support.DisposableBeanAdapter
 285:           132          12672  org.hibernate.loader.entity.CascadeEntityLoader
 286:           517          12408  com.sun.org.apache.xerces.internal.util.XMLStringBuffer
 287:           768          12288  org.springframework.web.servlet.mvc.condition.ConsumesRequestCondition
 288:           768          12288  org.springframework.web.servlet.mvc.condition.HeadersRequestCondition
 289:           768          12288  org.springframework.web.servlet.mvc.condition.ParamsRequestCondition
 290:           768          12288  org.springframework.web.servlet.mvc.condition.RequestConditionHolder
 291:           768          12288  org.springframework.web.servlet.mvc.condition.RequestMethodsRequestCondition
 292:           169          12168  org.apache.catalina.webresources.JarResourceSet
 293:           168          12096  org.apache.ibatis.mapping.ResultMapping
 294:           246          11808  org.springframework.beans.PropertyValue
 295:           363          11616  org.hibernate.loader.entity.plan.EntityLoader$Builder
 296:           726          11616  org.hibernate.loader.entity.plan.EntityLoader$Builder$1
 297:           363          11616  org.hibernate.loader.plan.build.internal.LoadPlanImpl
 298:           363          11616  org.hibernate.loader.plan.build.internal.returns.EntityReturnImpl
 299:           726          11616  org.hibernate.loader.plan.build.internal.returns.SimpleEntityIdentifierDescriptionImpl
 300:           363          11616  org.hibernate.loader.plan.build.internal.spaces.QuerySpacesImpl
 301:           363          11616  org.hibernate.loader.plan.exec.internal.EntityLoadQueryDetails$EntityLoaderReaderCollectorImpl
 302:           363          11616  org.hibernate.loader.plan.exec.internal.EntityLoadQueryDetails$EntityLoaderRowReader
 303:           726          11616  org.hibernate.loader.plan.exec.process.internal.EntityReturnReader
 304:           206          11536  java.util.ResourceBundle$CacheKey
 305:           360          11520  com.sun.org.apache.xerces.internal.impl.dtd.XMLElementDecl
 306:           286          11440  org.hibernate.tuple.entity.EntityBasedBasicAttribute
 307:           475          11400  org.apache.log4j.CategoryKey
 308:           283          11320  java.util.HashMap$EntryIterator
 309:           283          11320  org.apache.log4j.Logger
 310:            30          11280  java.lang.Thread
 311:           469          11256  java.util.concurrent.CopyOnWriteArrayList
 312:           468          11232  com.sun.org.apache.xerces.internal.xni.XMLString
 313:           155          11160  org.springframework.core.type.classreading.AnnotationMetadataReadingVisitor
 314:           228          10944  com.sun.org.apache.xerces.internal.util.XMLAttributesImpl$Attribute
 315:           684          10944  org.hibernate.annotations.common.reflection.java.JavaAnnotationReader
 316:           341          10912  sun.misc.FDBigInteger
 317:           192          10752  java.lang.invoke.MemberName
 318:            96          10752  java.util.GregorianCalendar
 319:           202          10656  [[Z
 320:           102          10608  sun.net.www.protocol.file.FileURLConnection
 321:           331          10592  org.apache.tomcat.util.digester.ObjectCreateRule
 322:           441          10584  org.apache.catalina.startup.ContextConfig$JavaClassCacheEntry
 323:           330          10560  org.hibernate.dialect.lock.SelectLockingStrategy
 324:            66          10560  org.hibernate.tuple.entity.EntityMetamodel
 325:           326          10432  org.apache.tomcat.util.digester.SetNextRule
 326:            10          10400  [Lcom.sun.org.apache.xerces.internal.impl.dtd.models.ContentModelValidator;
 327:            10          10400  [Lcom.sun.org.apache.xerces.internal.impl.dv.DatatypeValidator;
 328:            72          10368  org.aspectj.weaver.ReferenceType
 329:           645          10320  com.sun.proxy.$Proxy34
 330:           636          10176  java.util.concurrent.locks.ReentrantLock
 331:           254          10160  java.io.BufferedInputStream
 332:           253          10120  org.springframework.beans.factory.annotation.InitDestroyAnnotationBeanPostProcessor$LifecycleMetadata
 333:           140          10080  org.springframework.core.type.classreading.AnnotationMetadataReadingVisitor
 334:           419          10056  org.springframework.beans.MutablePropertyValues
 335:           419          10056  org.springframework.beans.factory.config.ConstructorArgumentValues
 336:           247           9880  com.sun.org.apache.xerces.internal.dom.DeferredAttrImpl
 337:           154           9856  org.apache.tomcat.util.net.jsse.openssl.Cipher
 338:           200           9600  java.util.Properties
 339:           237           9480  javax.management.MBeanOperationInfo
 340:           591           9456  sun.reflect.generics.tree.ArrayTypeSignature
 341:           194           9312  java.util.ResourceBundle$BundleReference
 342:           288           9216  org.hibernate.tuple.BaselineAttributeInformation
 343:           576           9216  org.springframework.util.LinkedMultiValueMap
 344:           286           9152  com.sun.org.apache.xerces.internal.util.SymbolTable$Entry
 345:           571           9136  java.util.concurrent.locks.ReentrantReadWriteLock$ReadLock
 346:           571           9136  java.util.concurrent.locks.ReentrantReadWriteLock$Sync$ThreadLocalHoldCounter
 347:           571           9136  java.util.concurrent.locks.ReentrantReadWriteLock$WriteLock
 348:           380           9120  org.springframework.core.convert.converter.GenericConverter$ConvertiblePair
 349:           374           8976  org.hibernate.loader.PropertyPath
 350:           160           8960  cn.nubia.framework.validator.internal.util.ConcurrentReferenceHashMap$Segment
 351:           280           8960  org.aspectj.weaver.Lint$Kind
 352:           373           8952  sun.reflect.generics.scope.ClassScope
 353:           101           8888  org.apache.catalina.webresources.CachedResource
 354:           363           8712  org.hibernate.loader.plan.exec.internal.EntityReferenceAliasesImpl
 355:           363           8712  org.hibernate.loader.plan.exec.internal.LoadQueryJoinAndFetchProcessor
 356:           363           8712  org.hibernate.loader.plan.exec.process.internal.EntityReferenceInitializerImpl
 357:           363           8712  org.hibernate.loader.plan.exec.process.internal.ResultSetProcessorImpl
 358:           541           8656  [Ljava.security.Principal;
 359:           541           8656  java.security.ProtectionDomain$Key
 360:           541           8656  org.springframework.beans.factory.support.MethodOverrides
 361:            36           8640  org.apache.catalina.core.StandardWrapper
 362:            49           8624  org.apache.tomcat.util.descriptor.web.WebXml
 363:           358           8592  org.apache.catalina.util.LifecycleSupport
 364:           355           8520  org.apache.juli.ClassLoaderLogManager$LogNode
 365:           354           8496  org.apache.ibatis.reflection.invoker.MethodInvoker
 366:           352           8448  org.springframework.util.ConcurrentReferenceHashMap$ReferenceManager
 367:           211           8440  org.apache.tomcat.util.bcel.classfile.ClassParser
 368:           105           8400  java.net.URI
 369:           205           8160  [Lorg.hibernate.type.Type;
 370:           254           8128  sun.reflect.generics.repository.ClassRepository
 371:           202           8080  org.springframework.beans.factory.annotation.InitDestroyAnnotationBeanPostProcessor$LifecycleMetadata
 372:           202           8080  org.springframework.beans.factory.support.DisposableBeanAdapter
 373:           202           8080  sun.nio.cs.UTF_8$Decoder
 374:           126           8064  com.mysql.jdbc.ConnectionPropertiesImpl$BooleanConnectionProperty
 375:           336           8064  org.springframework.util.ConcurrentReferenceHashMap$ReferenceManager
 376:           246           7872  com.sun.org.apache.xerces.internal.util.AugmentationsImpl$SmallContainer
 377:           163           7824  org.springframework.core.ResolvableType
 378:           122           7808  org.springframework.aop.framework.ProxyFactory
 379:           323           7752  org.hibernate.property.DirectPropertyAccessor$DirectGetter
 380:           323           7752  org.hibernate.property.DirectPropertyAccessor$DirectSetter
 381:           242           7744  java.security.Permissions
 382:           471           7680  [Lorg.springframework.web.bind.annotation.RequestMethod;
 383:           240           7680  java.io.FilePermission
 384:           315           7560  sun.reflect.NativeMethodAccessorImpl
 385:           312           7488  org.springframework.beans.BeanMetadataAttribute
 386:           233           7456  org.apache.log4j.ProvisionNode
 387:           307           7368  java.util.regex.Pattern$Slice
 388:           306           7344  org.springframework.core.annotation.AnnotationUtils$AnnotationCacheKey
 389:           414           7328  [Lorg.apache.catalina.LifecycleListener;
 390:           227           7264  java.io.DataInputStream
 391:           129           7224  org.hibernate.internal.util.collections.BoundedConcurrentHashMap$LIRSHashEntry
 392:           142           7184  [Lorg.hibernate.engine.spi.CascadeStyle;
 393:           128           7168  org.hibernate.internal.util.collections.BoundedConcurrentHashMap$LIRSHashEntry
 394:           112           7168  org.springframework.aop.framework.ProxyFactory
 395:            33           7128  org.hibernate.mapping.RootClass
 396:           220           7040  java.util.regex.Pattern$BnM
 397:           174           6960  javax.management.ObjectName
 398:           122           6832  sun.util.calendar.ZoneInfo
 399:           170           6800  com.sun.org.apache.xerces.internal.dom.DeferredTextImpl
 400:           425           6800  com.sun.proxy.$Proxy13
 401:           212           6784  org.apache.tomcat.util.modeler.ParameterInfo
 402:           211           6752  org.apache.tomcat.util.bcel.classfile.JavaClass
 403:           280           6720  org.springframework.beans.BeanMetadataAttribute
 404:           419           6704  org.springframework.beans.factory.support.MethodOverrides
 405:           119           6664  com.sun.org.apache.xerces.internal.dom.DeferredElementImpl
 406:            92           6656  [Ljavax.management.MBeanAttributeInfo;
 407:           276           6624  java.util.concurrent.ConcurrentLinkedQueue$Node
 408:           138           6624  org.springframework.beans.PropertyValue
 409:           244           6608  [Lorg.springframework.aop.Advisor;
 410:           206           6592  java.util.ResourceBundle$LoaderReference
 411:           274           6576  javax.management.ImmutableDescriptor
 412:           410           6560  java.util.Collections$UnmodifiableCollection
 413:           136           6528  cn.nubia.framework.validator.internal.util.ConcurrentReferenceHashMap$SoftKeyReference
 414:           136           6528  cn.nubia.framework.validator.internal.util.ConcurrentReferenceHashMap$SoftValueReference
 415:           408           6528  org.springframework.core.convert.support.GenericConversionService$ConvertersForPair
 416:           202           6464  com.sun.jmx.mbeanserver.ConvertingMethod
 417:           269           6456  java.io.ExpiringCache$Entry
 418:           269           6456  java.util.concurrent.ConcurrentLinkedQueue
 419:           201           6432  javax.management.MBeanParameterInfo
 420:           160           6352  [Lcn.nubia.framework.validator.internal.util.ConcurrentReferenceHashMap$HashEntry;
 421:            18           6336  com.sun.org.apache.xerces.internal.impl.XMLNSDocumentScannerImpl
 422:            72           6336  org.aspectj.weaver.ResolvedType$Primitive
 423:            66           6336  org.hibernate.loader.entity.CascadeEntityLoader
 424:           335           6280  [Lorg.aspectj.weaver.ResolvedType;
 425:           157           6280  java.lang.ClassNotFoundException
 426:           387           6192  sun.reflect.DelegatingMethodAccessorImpl
 427:           192           6144  org.apache.log4j.ProvisionNode
 428:           128           6144  org.hibernate.internal.util.collections.BoundedConcurrentHashMap$LIRS
 429:           128           6144  org.hibernate.internal.util.collections.BoundedConcurrentHashMap$LIRS
 430:           128           6144  org.hibernate.internal.util.collections.BoundedConcurrentHashMap$Segment
 431:           128           6144  org.hibernate.internal.util.collections.BoundedConcurrentHashMap$Segment
 432:           192           6144  org.springframework.core.annotation.DefaultAnnotationAttributeExtractor
 433:           254           6096  sun.reflect.generics.tree.ClassSignature
 434:           282           5896  [Lorg.apache.tomcat.util.modeler.ParameterInfo;
 435:           124           5896  [Lorg.springframework.asm.Type;
 436:           184           5888  org.springframework.core.convert.support.GenericConversionService$ConverterAdapter
 437:           122           5856  org.springframework.aop.framework.AdvisedSupport
 438:            91           5824  java.text.DateFormatSymbols
 439:           363           5808  org.hibernate.loader.entity.plan.EntityLoader$Builder$1
 440:           363           5808  org.hibernate.loader.plan.build.internal.returns.SimpleEntityIdentifierDescriptionImpl
 441:           363           5808  org.hibernate.loader.plan.exec.process.internal.EntityReturnReader
 442:           240           5760  java.io.FilePermissionCollection
 443:            40           5760  org.aspectj.weaver.ReferenceType
 444:           143           5720  java.lang.invoke.MethodType
 445:           143           5720  java.security.PrivilegedActionException
 446:            58           5568  sun.net.www.protocol.jar.URLJarFile$URLJarFileEntry
 447:            62           5456  org.aspectj.weaver.reflect.Java15ReflectionBasedReferenceTypeDelegate
 448:            61           5368  sun.net.www.protocol.jar.JarURLConnection
 449:           177           5328  [Ljava.util.Map;
 450:           165           5280  java.util.LinkedHashMap$LinkedKeyIterator
 451:           165           5280  org.hibernate.dialect.lock.SelectLockingStrategy
 452:            33           5280  org.hibernate.tuple.entity.EntityMetamodel
 453:            66           5280  org.hibernate.tuple.entity.PojoEntityTuplizer
 454:           254           5256  [Lsun.reflect.generics.tree.ClassTypeSignature;
 455:           326           5216  java.util.concurrent.atomic.AtomicInteger
 456:            50           5200  org.springframework.beans.factory.support.GenericBeanDefinition
 457:            36           5184  java.text.DecimalFormat
 458:            64           5120  org.hibernate.mapping.Table
 459:           212           5088  java.io.ByteArrayOutputStream
 460:            48           4992  org.springframework.beans.factory.support.GenericBeanDefinition
 461:           208           4992  org.springframework.cglib.core.Signature
 462:           208           4992  org.springframework.core.convert.converter.GenericConverter$ConvertiblePair
 463:           123           4920  org.springframework.cglib.proxy.Enhancer$EnhancerKey$$KeyFactoryByCGLIB$$4ce19e8f
 464:           153           4896  java.lang.invoke.MethodType$ConcurrentWeakInternSet$WeakEntry
 465:           152           4864  java.beans.PropertyChangeEvent
 466:           303           4848  org.springframework.expression.common.LiteralExpression
 467:           199           4784  [Lorg.hibernate.engine.spi.ExecuteUpdateResultCheckStyle;
 468:           198           4752  java.util.concurrent.locks.AbstractQueuedSynchronizer$ConditionObject
 469:           148           4736  sun.security.util.ObjectIdentifier
 470:            84           4704  org.springframework.core.type.classreading.MethodMetadataReadingVisitor
 471:           294           4704  org.springframework.expression.common.LiteralExpression
 472:           117           4680  java.util.Formatter$FormatSpecifier
 473:            83           4648  java.util.Calendar$Builder
 474:           192           4608  com.sun.org.apache.xerces.internal.util.SymbolHash$Entry
 475:           192           4608  java.net.URLClassLoader$1
 476:           192           4608  org.springframework.core.annotation.SynthesizedAnnotationInvocationHandler
 477:           189           4536  java.util.jar.Manifest
 478:           140           4480  org.aspectj.weaver.Lint$Kind
 479:           279           4464  sun.misc.ProxyGenerator$ConstantPool$ValueEntry
 480:            92           4416  javax.management.MBeanInfo
 481:           184           4416  org.jboss.logging.Log4jLogger
 482:           276           4416  org.springframework.aop.framework.adapter.MethodBeforeAdviceInterceptor
 483:           274           4384  java.lang.Byte
 484:           182           4368  java.lang.invoke.LambdaForm$Name
 485:           182           4368  org.springframework.util.AntPathMatcher$AntPathStringMatcher
 486:           136           4352  cn.nubia.framework.validator.internal.util.ConcurrentReferenceHashMap$HashEntry
 487:            68           4352  java.text.DecimalFormatSymbols
 488:           133           4256  java.lang.reflect.WeakCache$CacheValue
 489:           222           4208  [Lorg.aspectj.weaver.ResolvedType;
 490:           173           4152  com.sun.jmx.mbeanserver.NamedObject
 491:           104           4128  [Lorg.hibernate.type.Type;
 492:            12           4128  com.sun.org.apache.xerces.internal.impl.XMLDocumentScannerImpl
 493:           172           4128  java.security.Provider$ServiceKey
 494:             1           4112  [Lcom.sun.org.apache.xpath.internal.objects.XObject;
 495:           166           3984  org.hibernate.dialect.function.StandardSQLFunction
 496:            99           3960  [Ljava.util.Formatter$Flags;
 497:            55           3960  java.util.concurrent.ThreadPoolExecutor
 498:           165           3960  org.apache.tomcat.util.digester.ArrayStack
 499:            26           3952  org.aspectj.weaver.ArrayReferenceType
 500:           246           3936  com.sun.org.apache.xerces.internal.util.AugmentationsImpl
 501:           123           3936  org.springframework.beans.factory.config.TypedStringValue
 502:           244           3904  org.apache.juli.logging.DirectJDKLog
 503:            69           3864  java.security.Provider$Service
 504:           240           3840  org.springframework.core.convert.support.GenericConversionService$ConvertersForPair
 505:            96           3840  sun.reflect.UnsafeQualifiedStaticObjectFieldAccessorImpl
 506:           211           3832  [Lcom.sun.jmx.mbeanserver.MXBeanMapping;
 507:            95           3800  org.springframework.beans.factory.annotation.AutowiredAnnotationBeanPostProcessor$AutowiredFieldElement
 508:            59           3776  java.util.regex.Matcher
 509:           157           3768  org.apache.tomcat.util.scan.StandardJarScanner$ClassPathEntry
 510:           158           3760  [Lorg.springframework.core.ResolvableType;
 511:           234           3744  org.apache.ibatis.scripting.xmltags.StaticTextSqlNode
 512:           156           3744  redis.clients.jedis.Protocol$Command
 513:           156           3744  redis.clients.jedis.Protocol$Command
 514:           149           3704  [Ljavax.management.MBeanParameterInfo;
 515:            66           3696  cn.nubia.framework.validator.internal.metadata.aggregated.BeanMetaDataImpl
 516:           230           3680  org.springframework.util.LinkedMultiValueMap
 517:            73           3648  [Lorg.hibernate.FetchMode;
 518:           228           3648  com.sun.proxy.$Proxy27
 519:           152           3648  java.net.URLClassLoader$2
 520:           152           3648  java.util.Arrays$ArrayList
 521:            65           3640  javax.management.MBeanServerNotification
 522:           227           3632  org.apache.tomcat.util.bcel.classfile.ConstantPool
 523:            72           3616  [Lorg.hibernate.property.Getter;
 524:            72           3616  [Lorg.hibernate.property.Setter;
 525:            71           3608  [Lorg.hibernate.engine.spi.CascadeStyle;
 526:            18           3600  com.sun.org.apache.xerces.internal.impl.XMLDTDScannerImpl
 527:            64           3584  org.apache.tomcat.util.modeler.ManagedBean
 528:           149           3576  java.util.Collections$SynchronizedSet
 529:            13           3536  [Lcom.fasterxml.jackson.core.sym.Name;
 530:            39           3536  [Ljava.lang.invoke.LambdaForm;
 531:            71           3520  [[S
 532:           110           3520  com.sun.org.apache.xerces.internal.util.XMLResourceIdentifierImpl
 533:           220           3520  com.sun.proxy.$Proxy24
 534:           109           3488  java.lang.StackTraceElement
 535:            14           3472  [Ljava.lang.invoke.MethodHandle;
 536:            66           3472  [Lorg.hibernate.tuple.InDatabaseValueGenerationStrategy;
 537:            66           3472  [Lorg.hibernate.tuple.InMemoryValueGenerationStrategy;
 538:            66           3472  [Lorg.hibernate.tuple.NonIdentifierAttribute;
 539:            18           3456  com.sun.org.apache.xerces.internal.parsers.XIncludeAwareParserConfiguration
 540:           144           3456  org.jboss.logging.Log4jLogger
 541:           108           3456  org.springframework.asm.Type
 542:            54           3456  org.springframework.util.LinkedCaseInsensitiveMap
 543:            70           3360  java.util.concurrent.ConcurrentHashMap$TreeBin
 544:            70           3360  org.hibernate.type.ManyToOneType
 545:            69           3312  cn.nubia.framework.validator.internal.util.ConcurrentReferenceHashMap$SoftKeyReference
 546:            69           3312  cn.nubia.framework.validator.internal.util.ConcurrentReferenceHashMap$SoftValueReference
 547:           138           3312  org.apache.catalina.webresources.EmptyResource
 548:           135           3280  [Lorg.hibernate.LockMode;
 549:            34           3264  com.sun.xml.internal.stream.Entity$ScannedEntity
 550:           102           3264  org.springframework.web.servlet.mvc.condition.ProducesRequestCondition$ProduceMediaTypeExpression
 551:           101           3232  java.net.URI$Parser
 552:           134           3216  [Lorg.hibernate.loader.EntityAliases;
 553:           134           3216  [Lorg.hibernate.persister.entity.Loadable;
 554:           134           3216  [Lorg.hibernate.type.EntityType;
 555:           134           3216  org.apache.commons.logging.impl.Log4JLogger
 556:           100           3200  org.springframework.core.convert.support.GenericConversionService$ConverterAdapter
 557:           200           3200  sun.reflect.BootstrapConstructorAccessorImpl
 558:           133           3192  org.springframework.http.MediaType
 559:            18           3168  com.sun.org.apache.xerces.internal.impl.dtd.XMLNSDTDValidator
 560:            36           3168  org.aspectj.weaver.ResolvedType$Primitive
 561:            66           3168  org.hibernate.proxy.pojo.javassist.JavassistProxyFactory
 562:            98           3136  java.util.AbstractList$Itr
 563:            49           3136  javax.management.openmbean.OpenMBeanAttributeInfoSupport
 564:            98           3136  org.springframework.beans.factory.config.TypedStringValue
 565:            78           3120  com.sun.org.apache.xerces.internal.utils.XMLLimitAnalyzer
 566:           130           3120  java.util.concurrent.CopyOnWriteArrayList$COWIterator
 567:             6           3120  org.apache.catalina.core.StandardContext
 568:            71           3088  [Ljava.lang.invoke.LambdaForm$Name;
 569:            77           3080  org.apache.tomcat.util.modeler.BaseModelMBean
 570:           192           3072  com.sun.proxy.$Proxy42
 571:            96           3072  sun.misc.URLClassPath$JarLoader$2
 572:            76           3040  java.lang.reflect.Parameter
 573:            76           3040  org.springframework.core.convert.Property
 574:            63           3024  java.lang.invoke.LambdaForm
 575:            63           3024  java.nio.HeapCharBuffer
 576:            94           3008  java.lang.reflect.Proxy$Key1
 577:            34           2992  org.aspectj.weaver.reflect.Java15ReflectionBasedReferenceTypeDelegate
 578:            62           2976  java.nio.HeapByteBuffer
 579:           124           2976  org.springframework.beans.factory.config.RuntimeBeanReference
 580:           123           2952  org.springframework.aop.target.EmptyTargetSource
 581:           122           2928  org.hibernate.dialect.function.StandardSQLFunction
 582:           122           2928  org.springframework.aop.framework.CglibAopProxy$ProxyCallbackFilter
 583:            36           2880  org.apache.catalina.core.StandardWrapperValve
 584:           177           2872  [Ljava.security.CodeSigner;
 585:           119           2856  [Lorg.springframework.aop.Advisor;
 586:           119           2856  com.sun.org.apache.xerces.internal.dom.AttributeMap
 587:            89           2848  java.lang.invoke.DirectMethodHandle
 588:            59           2832  javax.management.Notification
 589:           174           2784  org.springframework.core.SerializableTypeWrapper$TypeProxyInvocationHandler
 590:            85           2776  [Lorg.apache.catalina.WebResource;
 591:            47           2752  [Lcom.sun.org.apache.xerces.internal.util.SymbolHash$Entry;
 592:            43           2752  com.mysql.jdbc.ConnectionPropertiesImpl$StringConnectionProperty
 593:           172           2752  java.util.jar.JarVerifier$3
 594:            38           2736  java.lang.invoke.MethodTypeForm
 595:            83           2720  [Ljavax.management.MBeanOperationInfo;
 596:            10           2720  com.sun.org.apache.xerces.internal.impl.dtd.DTDGrammar
 597:            84           2688  org.hibernate.annotations.common.reflection.java.JavaXClass
 598:            42           2688  org.springframework.web.method.HandlerMethod$HandlerMethodParameter
 599:           167           2672  java.lang.ThreadLocal
 600:           111           2664  org.apache.commons.logging.impl.Log4JLogger
 601:            66           2640  cn.nubia.framework.validator.internal.metadata.descriptor.BeanDescriptorImpl
 602:            55           2640  com.sun.org.apache.xerces.internal.util.URI
 603:            66           2640  org.aspectj.weaver.patterns.NamePattern
 604:            66           2640  org.hibernate.persister.entity.BasicEntityPropertyMapping
 605:            33           2640  org.hibernate.tuple.entity.PojoEntityTuplizer
 606:           110           2640  org.springframework.core.io.UrlResource
 607:            25           2600  org.apache.tomcat.util.digester.Digester
 608:           162           2592  com.sun.proxy.$Proxy10
 609:            54           2592  sun.net.www.MimeEntry
 610:            32           2560  org.hibernate.mapping.Table
 611:            27           2544  [[B
 612:           114           2536  [Lorg.springframework.web.bind.annotation.RequestMethod;
 613:           158           2528  org.springframework.core.$Proxy4
 614:            78           2496  java.util.RegularEnumSet
 615:            52           2496  org.springframework.web.method.HandlerMethod
 616:            52           2496  org.springframework.web.servlet.mvc.method.RequestMappingInfo
 617:           154           2464  org.aspectj.weaver.reflect.Java15GenericSignatureInformationProvider
 618:           102           2448  sun.net.www.MessageHeader
 619:            61           2440  java.io.ObjectStreamField
 620:            61           2440  org.springframework.beans.factory.config.ConstructorArgumentValues$ValueHolder
 621:            16           2432  org.aspectj.weaver.ArrayReferenceType
 622:           100           2408  [Lorg.hibernate.engine.spi.ExecuteUpdateResultCheckStyle;
 623:            60           2400  com.mysql.jdbc.MysqlCharset
 624:            75           2400  org.springframework.core.SerializableTypeWrapper$MethodParameterTypeProvider
 625:            74           2368  sun.reflect.annotation.AnnotationType
 626:            42           2352  [Ljava.util.regex.Pattern$GroupHead;
 627:            49           2352  java.util.concurrent.LinkedBlockingQueue
 628:            49           2352  org.apache.tomcat.util.descriptor.web.SessionConfig
 629:            98           2352  org.springframework.aop.framework.JdkDynamicAopProxy
 630:            73           2336  org.springframework.cglib.proxy.MethodProxy
 631:            73           2336  org.springframework.cglib.proxy.MethodProxy$CreateInfo
 632:            58           2320  com.sun.org.apache.xerces.internal.impl.dtd.XMLEntityDecl
 633:           143           2304  [Ljava.lang.annotation.Annotation;
 634:            18           2304  com.sun.org.apache.xerces.internal.impl.XMLEntityManager
 635:            96           2304  org.apache.tomcat.util.descriptor.web.MappedNameRule
 636:            72           2304  org.hibernate.tuple.PojoInstantiator
 637:            41           2296  sun.nio.cs.ISO_8859_1$Encoder
 638:            94           2256  org.apache.juli.ClassLoaderLogManager$3
 639:            70           2240  cn.nubia.framework.validator.internal.metadata.raw.BeanConfiguration
 640:           140           2240  java.io.FileInputStream$1
 641:           140           2240  java.util.Hashtable$EntrySet
 642:            70           2240  org.aspectj.apache.bcel.util.NonCachingClassLoaderRepository$SoftHashMap
 643:            69           2208  cn.nubia.framework.validator.internal.util.ConcurrentReferenceHashMap$HashEntry
 644:            68           2176  antlr.ANTLRHashString
 645:            18           2160  com.sun.org.apache.xerces.internal.jaxp.SAXParserImpl$JAXPSAXParser
 646:            90           2160  java.lang.invoke.LambdaForm$NamedFunction
 647:            54           2160  java.security.AccessControlContext
 648:            54           2160  org.springframework.beans.factory.config.ConstructorArgumentValues$ValueHolder
 649:            54           2160  org.springframework.transaction.interceptor.RuleBasedTransactionAttribute
 650:            38           2128  org.apache.tomcat.util.descriptor.tld.TaglibXml
 651:            12           2112  com.sun.org.apache.xerces.internal.impl.dtd.XMLDTDValidator
 652:           132           2112  com.sun.proxy.$Proxy64
 653:            66           2112  org.hibernate.dialect.lock.PessimisticReadSelectLockingStrategy
 654:            66           2112  org.hibernate.dialect.lock.PessimisticWriteSelectLockingStrategy
 655:            66           2112  org.hibernate.internal.FilterHelper
 656:            66           2112  org.hibernate.tuple.IdentifierProperty
 657:            66           2112  org.springframework.http.HttpStatus
 658:            88           2112  sun.misc.ProxyGenerator$ExceptionTableEntry
 659:            66           2112  sun.reflect.UnsafeStaticObjectFieldAccessorImpl
 660:            44           2112  sun.util.locale.LocaleObjectCache$CacheEntry
 661:            52           2080  org.apache.catalina.webresources.FileResource
 662:           129           2064  java.lang.Character
 663:            43           2064  sun.misc.URLClassPath$JarLoader
 664:           128           2048  com.sun.proxy.$Proxy65
 665:            64           2048  org.hibernate.cfg.Configuration$MappingsImpl$TableColumnNameBinding
 666:            85           2040  org.springframework.core.io.FileSystemResource
 667:           127           2032  java.util.Formatter$Flags
 668:            84           2016  org.hibernate.annotations.common.reflection.java.JavaReflectionManager$TypeKey
 669:            63           2016  org.hibernate.metamodel.relational.Size
 670:            63           2016  org.hibernate.metamodel.relational.Size
 671:            31           1984  java.text.SimpleDateFormat
 672:           122           1952  org.springframework.aop.framework.CglibAopProxy$AdvisedDispatcher
 673:           122           1952  org.springframework.aop.framework.CglibAopProxy$DynamicAdvisedInterceptor
 674:           122           1952  org.springframework.aop.framework.CglibAopProxy$EqualsInterceptor
 675:           122           1952  org.springframework.aop.framework.CglibAopProxy$HashCodeInterceptor
 676:           122           1952  org.springframework.aop.framework.CglibAopProxy$SerializableNoOp
 677:           122           1952  org.springframework.aop.framework.CglibAopProxy$StaticDispatcher
 678:           122           1952  org.springframework.aop.framework.DefaultAdvisorChainFactory
 679:           122           1952  org.springframework.aop.framework.DefaultAopProxyFactory
 680:           122           1952  org.springframework.aop.target.SingletonTargetSource
 681:           122           1952  org.springframework.cglib.transform.impl.UndeclaredThrowableStrategy
 682:           122           1952  org.springframework.objenesis.instantiator.sun.SunReflectionFactoryInstantiator
 683:            21           1872  [Ljava.lang.ThreadLocal$ThreadLocalMap$Entry;
 684:            26           1872  com.sun.org.apache.xalan.internal.xsltc.trax.TransformerFactoryImpl
 685:            78           1872  org.springframework.core.io.UrlResource
 686:            29           1856  com.mysql.jdbc.ConnectionPropertiesImpl$IntegerConnectionProperty
 687:            37           1848  [Lorg.hibernate.FetchMode;
 688:            33           1848  cn.nubia.framework.validator.internal.metadata.aggregated.BeanMetaDataImpl
 689:            46           1840  org.aspectj.weaver.patterns.NamePattern
 690:            46           1840  sun.security.ec.NamedCurve
 691:            57           1824  [Lcom.sun.org.apache.xerces.internal.utils.XMLSecurityManager$NameMap;
 692:            71           1824  [Lorg.hibernate.LockMode;
 693:            76           1824  java.lang.Class$MethodArray
 694:            36           1816  [Lorg.hibernate.property.Getter;
 695:            36           1816  [Lorg.hibernate.property.Setter;
 696:           113           1808  org.hibernate.internal.CoreMessageLogger_$logger
 697:           112           1792  org.springframework.aop.framework.DefaultAdvisorChainFactory
 698:           112           1792  org.springframework.aop.framework.DefaultAopProxyFactory
 699:           112           1792  org.springframework.aop.target.SingletonTargetSource
 700:            48           1776  [Ljava.net.URL;
 701:            22           1760  [Lcn.nubia.framework.validator.internal.util.ConcurrentReferenceHashMap$Segment;
 702:            55           1760  [Ljava.lang.ref.WeakReference;
 703:            58           1760  [Lorg.apache.catalina.mapper.Mapper$MappedWrapper;
 704:            22           1760  [Lorg.springframework.util.ConcurrentReferenceHashMap$Segment;
 705:            73           1752  org.springframework.core.SerializableTypeWrapper$2
 706:            50           1744  [Lcom.sun.org.apache.xerces.internal.util.XMLAttributesImpl$Attribute;
 707:            33           1744  [Lorg.hibernate.tuple.InDatabaseValueGenerationStrategy;
 708:            33           1744  [Lorg.hibernate.tuple.InMemoryValueGenerationStrategy;
 709:            33           1744  [Lorg.hibernate.tuple.NonIdentifierAttribute;
 710:            18           1728  com.sun.org.apache.xerces.internal.impl.dtd.XMLDTDProcessor
 711:            36           1728  com.sun.org.apache.xerces.internal.impl.io.UTF8Reader
 712:            72           1728  java.util.Formatter$FixedString
 713:            72           1728  java.util.regex.Pattern$Start
 714:            27           1728  javax.naming.NameImpl
 715:            54           1728  org.hibernate.service.spi.ServiceBinding
 716:            54           1728  org.hibernate.service.spi.ServiceBinding
 717:            36           1728  org.hibernate.type.ManyToOneType
 718:            36           1728  sun.misc.ProxyGenerator$MethodInfo
 719:            67           1720  [Ljava.lang.annotation.ElementType;
 720:            71           1704  org.springframework.beans.AbstractNestablePropertyAccessor$PropertyTokenHolder
 721:            21           1680  [Lorg.springframework.util.ConcurrentReferenceHashMap$Segment;
 722:            70           1680  org.aspectj.apache.bcel.util.NonCachingClassLoaderRepository
 723:            70           1680  org.aspectj.weaver.WeakClassLoaderReference
 724:            70           1680  org.aspectj.weaver.bcel.BcelWeakClassLoaderReference
 725:            70           1680  org.aspectj.weaver.reflect.Java15AnnotationFinder
 726:            19           1672  java.beans.IndexedPropertyDescriptor
 727:            52           1664  org.springframework.web.servlet.mvc.condition.PatternsRequestCondition
 728:            69           1656  java.beans.PropertyChangeSupport
 729:            68           1632  [Lorg.hibernate.loader.EntityAliases;
 730:            68           1632  [Lorg.hibernate.type.EntityType;
 731:            34           1632  com.sun.org.apache.xerces.internal.impl.XMLEntityManager$RewindableInputStream
 732:            34           1632  org.aspectj.weaver.UnresolvedType
 733:            34           1632  org.aspectj.weaver.UnresolvedType
 734:           102           1632  org.aspectj.weaver.reflect.Java15GenericSignatureInformationProvider
 735:            67           1608  [Lorg.hibernate.persister.entity.Loadable;
 736:            67           1608  java.util.regex.Pattern$Single
 737:            40           1600  com.sun.org.apache.xerces.internal.impl.dtd.XMLDTDDescription
 738:            40           1600  sun.management.DiagnosticCommandArgumentInfo
 739:             3           1584  [Ljava.util.TimerTask;
 740:            66           1584  java.util.concurrent.ConcurrentHashMap$KeySetView
 741:            22           1584  org.apache.tomcat.util.descriptor.web.ServletDef
 742:            66           1584  org.hibernate.bytecode.internal.javassist.BytecodeProviderImpl$EntityInstrumentationMetadataImpl
 743:            66           1584  org.hibernate.dialect.lock.OptimisticForceIncrementLockingStrategy
 744:            66           1584  org.hibernate.dialect.lock.OptimisticLockingStrategy
 745:            66           1584  org.hibernate.dialect.lock.PessimisticForceIncrementLockingStrategy
 746:            66           1584  org.hibernate.event.service.internal.EventListenerGroupImpl
 747:            66           1584  org.hibernate.event.service.internal.EventListenerGroupImpl
 748:            66           1584  org.hibernate.persister.walking.internal.EntityIdentifierDefinitionHelper$1
 749:            33           1584  org.hibernate.proxy.pojo.javassist.JavassistProxyFactory
 750:            98           1568  com.sun.proxy.$Proxy23
 751:            65           1560  [Lcom.sun.org.apache.xerces.internal.utils.XMLSecurityPropertyManager$Property;
 752:            65           1560  javax.management.ObjectInstance
 753:            39           1560  org.springframework.core.convert.Property
 754:            32           1536  com.sun.org.apache.xerces.internal.impl.dv.xs.DecimalDV$XDecimal
 755:            48           1536  com.sun.org.apache.xerces.internal.impl.xs.traversers.OneAttr
 756:            96           1536  com.sun.org.apache.xerces.internal.utils.SecuritySupport$4
 757:            64           1536  org.apache.tomcat.util.digester.SetPropertiesRule
 758:            64           1536  org.hibernate.cfg.Configuration$MappingsImpl$TableDescription
 759:            64           1536  org.hibernate.id.IdentityGenerator$BasicDelegate
 760:            64           1536  org.hibernate.mapping.PrimaryKey
 761:            96           1536  sun.net.www.ParseUtil
 762:            38           1520  org.apache.catalina.mbeans.ContainerMBean
 763:            63           1512  java.security.Provider$UString
 764:            27           1512  org.apache.tomcat.util.res.StringManager$1
 765:            94           1504  org.apache.ibatis.scripting.xmltags.MixedSqlNode
 766:            19           1496  [[Ljava.lang.Class;
 767:            62           1488  org.aspectj.weaver.reflect.JavaLangTypeToResolvedTypeConverter
 768:            46           1472  java.io.DataOutputStream
 769:            46           1472  java.security.spec.EllipticCurve
 770:             8           1472  org.aspectj.weaver.reflect.ReflectionWorld
 771:            46           1472  sun.security.util.DerInputBuffer
 772:            46           1472  sun.security.util.DerValue
 773:            30           1440  com.sun.org.apache.xerces.internal.impl.XMLDocumentFragmentScannerImpl$ElementStack
 774:            30           1440  com.sun.org.apache.xerces.internal.util.XMLAttributesIteratorImpl
 775:            36           1440  java.text.DigitList
 776:            30           1440  java.time.temporal.ValueRange
 777:            60           1440  org.apache.ibatis.scripting.xmltags.IfSqlNode
 778:            45           1440  org.hibernate.annotations.common.reflection.java.JavaXClass
 779:            90           1440  org.springframework.aop.framework.CglibAopProxy$StaticUnadvisedExposedInterceptor
 780:            45           1440  org.springframework.core.SerializableTypeWrapper$MethodParameterTypeProvider
 781:            36           1440  org.springframework.transaction.interceptor.RuleBasedTransactionAttribute
 782:            59           1416  org.springframework.aop.framework.AdvisedSupport$MethodCacheKey
 783:            44           1408  org.apache.catalina.core.StandardPipeline
 784:            58           1392  sun.net.www.protocol.jar.JarURLConnection$JarURLInputStream
 785:            15           1376  [Ljava.lang.Byte;
 786:             1           1376  [Lsun.misc.FDBigInteger;
 787:            86           1376  org.springframework.core.SerializableTypeWrapper$TypeProxyInvocationHandler
 788:            57           1368  org.apache.ibatis.ognl.OgnlRuntime$ClassCache$Entry
 789:            34           1360  com.sun.org.apache.xerces.internal.xni.parser.XMLInputSource
 790:            85           1360  org.apache.ibatis.scripting.xmltags.ExpressionEvaluator
 791:            12           1344  java.net.SocksSocketImpl
 792:            24           1344  org.apache.tomcat.util.descriptor.web.CallMethodMultiRule
 793:            24           1344  org.apache.tomcat.util.descriptor.web.LifecycleCallbackRule
 794:            33           1320  cn.nubia.framework.validator.internal.metadata.descriptor.BeanDescriptorImpl
 795:            55           1320  java.lang.reflect.Proxy$KeyX
 796:            33           1320  org.hibernate.persister.entity.BasicEntityPropertyMapping
 797:            54           1312  [Lcom.sun.org.apache.xalan.internal.utils.FeaturePropertyBase$State;
 798:             9           1296  [Lorg.aspectj.apache.bcel.generic.Type;
 799:            27           1288  [Lcom.sun.org.apache.xalan.internal.utils.XMLSecurityManager$State;
 800:            39           1280  [Ljava.math.BigInteger;
 801:            32           1280  com.sun.jmx.mbeanserver.MXBeanSupport
 802:            32           1280  java.util.PropertyResourceBundle
 803:             8           1280  org.aspectj.weaver.Lint
 804:            80           1280  org.hibernate.internal.CoreMessageLogger_$logger
 805:            53           1272  java.util.concurrent.LinkedBlockingQueue$Node
 806:            41           1264  [Lcom.sun.org.apache.xerces.internal.impl.xs.traversers.OneAttr;
 807:            20           1264  [Ljava.lang.StackTraceElement;
 808:            79           1264  org.springframework.core.ResolvableType$DefaultVariableResolver
 809:            53           1248  [Lorg.springframework.core.ResolvableType;
 810:            52           1248  org.springframework.web.servlet.mvc.condition.ProducesRequestCondition
 811:            77           1232  org.springframework.core.$Proxy46
 812:             1           1224  com.mysql.jdbc.JDBC4Connection
 813:            51           1224  org.springframework.util.AntPathMatcher$AntPathStringMatcher
 814:            76           1216  cn.nubia.framework.validator.internal.metadata.raw.ExecutableElement$ConstructorElement
 815:            38           1216  org.apache.jasper.compiler.TldCache$TaglibXmlCacheEntry
 816:            38           1216  org.aspectj.apache.bcel.util.NonCachingClassLoaderRepository$SoftHashMap
 817:            40           1200  [Ljava.util.regex.Pattern$Node;
 818:            30           1200  com.sun.org.apache.xerces.internal.impl.XMLDocumentFragmentScannerImpl$ElementStack2
 819:            30           1200  com.sun.org.apache.xerces.internal.impl.validation.ValidationState
 820:            30           1200  java.time.temporal.ChronoField
 821:            25           1200  org.apache.ibatis.scripting.xmltags.ForEachSqlNode
 822:            50           1200  org.springframework.beans.factory.config.BeanExpressionContext
 823:            37           1184  org.xml.sax.InputSource
 824:            21           1176  com.fasterxml.jackson.databind.cfg.BaseSettings
 825:            49           1176  org.hibernate.service.internal.ConcurrentServiceBinding$Entry
 826:            49           1176  org.hibernate.service.internal.ConcurrentServiceBinding$Entry
 827:            49           1176  org.hibernate.service.internal.ConcurrentServiceBinding$Node
 828:            49           1176  org.hibernate.service.internal.ConcurrentServiceBinding$Node
 829:            52           1168  [Lorg.springframework.core.MethodParameter;
 830:            36           1152  [Lcom.sun.org.apache.xerces.internal.impl.XMLEntityManager$CharacterBuffer;
 831:            36           1152  cn.nubia.framework.validator.internal.metadata.raw.BeanConfiguration
 832:             2           1152  com.alibaba.druid.pool.DruidDataSource
 833:             2           1152  com.alibaba.druid.pool.DruidDataSource
 834:             3           1152  java.util.TimerThread
 835:            72           1152  org.hibernate.event.service.internal.EventListenerGroupImpl$1
 836:            72           1152  org.hibernate.event.service.internal.EventListenerGroupImpl$1
 837:            36           1152  org.hibernate.tuple.PojoInstantiator
 838:            47           1128  com.sun.org.apache.xerces.internal.util.SymbolHash
 839:            47           1128  java.security.spec.ECPoint
 840:            70           1120  com.sun.proxy.$Proxy0
 841:            35           1120  java.lang.ThreadLocal$ThreadLocalMap$Entry
 842:            28           1120  java.util.ServiceLoader$LazyIterator
 843:            35           1120  org.apache.catalina.util.ManifestResource
 844:            69           1104  java.beans.PropertyChangeSupport$PropertyChangeListenerMap
 845:            46           1104  org.apache.catalina.mapper.Mapper$MappedWrapper
 846:            46           1104  org.apache.catalina.mapper.WrapperMappingInfo
 847:            46           1104  org.springframework.core.annotation.AnnotationUtils$AnnotationCacheKey
 848:            46           1104  sun.security.util.DerInputStream
 849:             3           1088  [Ljava.lang.Integer;
 850:            34           1088  java.util.LinkedHashMap$LinkedEntryIterator
 851:            34           1088  java.util.Stack
 852:            34           1088  java.util.regex.Pattern$Branch
 853:            34           1088  org.springframework.format.support.FormattingConversionService$AnnotationParserConverter
 854:            34           1088  org.springframework.format.support.FormattingConversionService$AnnotationPrinterConverter
 855:            45           1080  [Lsun.security.x509.AVA;
 856:            27           1080  java.math.BigDecimal
 857:            45           1080  org.apache.tomcat.util.descriptor.tld.TldRuleSet$GenericBooleanRule
 858:            45           1080  org.hibernate.annotations.common.reflection.java.JavaReflectionManager$TypeKey
 859:            45           1080  sun.security.x509.AVA
 860:            45           1080  sun.security.x509.RDN
 861:            67           1072  com.sun.proxy.$Proxy32
 862:            22           1056  cn.nubia.framework.validator.internal.util.ConcurrentReferenceHashMap
 863:            33           1056  com.sun.jmx.mbeanserver.WeakIdentityHashMap$IdentityWeakReference
 864:            44           1056  java.util.Collections$SetFromMap
 865:            33           1056  java.util.Collections$SynchronizedMap
 866:            44           1056  org.apache.catalina.core.ContainerBase$StartStopThreadFactory
 867:            33           1056  org.hibernate.dialect.lock.PessimisticReadSelectLockingStrategy
 868:            33           1056  org.hibernate.dialect.lock.PessimisticWriteSelectLockingStrategy
 869:            33           1056  org.hibernate.internal.FilterHelper
 870:            66           1056  org.hibernate.persister.walking.internal.EntityIdentifierDefinitionHelper$AttributeDefinitionAdapter
 871:            33           1056  org.hibernate.tuple.IdentifierProperty
 872:             1           1040  [Lcom.mysql.jdbc.MysqlCharset;
 873:             1           1040  [Ljava.lang.Long;
 874:             1           1040  [Ljava.lang.Short;
 875:            65           1040  com.sun.proxy.$Proxy33
 876:            65           1040  com.sun.proxy.$Proxy5
 877:            26           1040  sun.misc.ProxyGenerator$ProxyMethod
 878:            43           1032  javax.management.NotificationBroadcasterSupport
 879:            64           1024  [Lorg.apache.tomcat.util.modeler.NotificationInfo;
 880:            32           1024  org.hibernate.cfg.Configuration$MappingsImpl$TableColumnNameBinding
 881:            64           1024  org.hibernate.engine.spi.IdentifierValue
 882:            64           1024  org.hibernate.id.IdentityGenerator
 883:            18           1008  com.sun.org.apache.xerces.internal.impl.XMLEntityScanner
 884:            18           1008  com.sun.org.apache.xerces.internal.jaxp.SAXParserImpl
 885:            42           1008  java.util.regex.Pattern$TreeInfo
 886:             6           1008  org.apache.commons.pool2.impl.GenericObjectPool
 887:             6           1008  org.apache.commons.pool2.impl.GenericObjectPool
 888:            42           1008  sun.nio.cs.Surrogate$Parser
 889:             7           1008  sun.reflect.MethodAccessorGenerator
 890:            33           1000  [Ljava.time.format.DateTimeFormatterBuilder$DateTimePrinterParser;
 891:            62            992  com.sun.proxy.$Proxy18
 892:            41            984  com.fasterxml.jackson.databind.util.LRUMap
 893:            41            984  org.apache.tomcat.util.descriptor.tld.TldResourcePath
 894:            40            960  com.sun.org.apache.xerces.internal.impl.dtd.XMLAttributeDecl
 895:            30            960  com.sun.org.apache.xerces.internal.util.NamespaceSupport
 896:            30            960  java.security.Provider$EngineDescription
 897:            24            960  org.apache.tomcat.util.descriptor.web.CallParamMultiRule
 898:            30            960  sun.misc.URLClassPath$1
 899:            52            952  [Ljavax.management.MBeanNotificationInfo;
 900:            17            952  javax.management.openmbean.ArrayType
 901:            59            944  java.util.WeakHashMap$EntrySet
 902:             9            936  [Ljava.util.Formatter$FormatString;
 903:            13            936  com.fasterxml.jackson.core.sym.BytesToNameCanonicalizer
 904:            13            936  com.fasterxml.jackson.databind.deser.DefaultDeserializationContext$Impl
 905:            13            936  com.fasterxml.jackson.databind.ser.DefaultSerializerProvider$Impl
 906:            39            936  java.sql.JDBCType
 907:            26            928  [Ljava.security.ProtectionDomain;
 908:            58            928  antlr.collections.impl.BitSet
 909:            58            928  com.sun.proxy.$Proxy51
 910:            23            920  java.util.EnumMap
 911:             6            912  org.apache.catalina.loader.WebappClassLoader
 912:             6            912  org.apache.catalina.session.StandardManager
 913:            38            912  org.aspectj.apache.bcel.util.NonCachingClassLoaderRepository
 914:            38            912  org.aspectj.weaver.WeakClassLoaderReference
 915:            38            912  org.aspectj.weaver.bcel.BcelWeakClassLoaderReference
 916:            38            912  org.aspectj.weaver.reflect.Java15AnnotationFinder
 917:            19            912  sun.management.DiagnosticCommandInfo
 918:            19            904  [Lcom.sun.org.apache.xerces.internal.utils.XMLSecurityManager$State;
 919:            28            896  java.util.ServiceLoader
 920:            16            896  org.aspectj.internal.lang.reflect.AjTypeImpl
 921:            28            896  sun.reflect.ClassFileAssembler
 922:            37            888  java.lang.ProcessEnvironment$Value
 923:            37            888  java.lang.ProcessEnvironment$Variable
 924:            37            888  javax.servlet.jsp.tagext.FunctionInfo
 925:            51            880  [Ljavax.management.MBeanConstructorInfo;
 926:            14            880  [Lorg.aspectj.weaver.ResolvedMember;
 927:            55            880  com.sun.proxy.$Proxy21
 928:            22            880  java.util.IdentityHashMap
 929:            10            880  org.apache.catalina.deploy.NamingResourcesImpl
 930:            22            880  org.hibernate.loader.plan.build.internal.returns.CompositeAttributeFetchImpl
 931:            22            880  org.hibernate.loader.plan.build.internal.spaces.CompositeQuerySpaceImpl
 932:            22            880  org.hibernate.loader.plan.build.internal.spaces.JoinImpl
 933:            22            880  org.springframework.util.ConcurrentReferenceHashMap
 934:             7            864  [D
 935:            36            864  com.sun.jmx.mbeanserver.PerInterface$MethodAndSig
 936:            36            864  com.sun.org.apache.xerces.internal.impl.xs.traversers.SmallContainer
 937:            36            864  org.apache.catalina.core.StandardWrapperFacade
 938:            36            864  org.apache.catalina.util.InstanceSupport
 939:            36            864  org.apache.tomcat.util.bcel.classfile.ConstantLong
 940:            12            864  org.aspectj.weaver.patterns.SignaturePattern
 941:            36            864  org.hibernate.event.spi.EventType
 942:            36            864  org.hibernate.event.spi.EventType
 943:             6            864  org.springframework.web.servlet.mvc.method.annotation.RequestMappingHandlerAdapter
 944:            18            864  sun.nio.cs.StreamEncoder
 945:            29            856  [Ljava.lang.reflect.Parameter;
 946:            15            840  [Ljava.text.Format;
 947:            21            840  com.fasterxml.jackson.databind.introspect.AnnotatedMethod
 948:            21            840  java.time.format.DateTimeFormatter
 949:            35            840  org.springframework.core.convert.TypeDescriptor
 950:            21            840  org.springframework.util.ConcurrentReferenceHashMap
 951:            21            840  sun.util.locale.BaseLocale$Key
 952:            13            832  com.fasterxml.jackson.databind.DeserializationConfig
 953:            13            832  com.fasterxml.jackson.databind.ObjectMapper
 954:            13            832  com.fasterxml.jackson.databind.SerializationConfig
 955:            26            832  com.sun.org.apache.xalan.internal.utils.XMLSecurityManager
 956:            26            832  org.springframework.core.annotation.DefaultAnnotationAttributeExtractor
 957:            52            832  org.springframework.web.servlet.mvc.condition.ConsumesRequestCondition
 958:            52            832  org.springframework.web.servlet.mvc.condition.HeadersRequestCondition
 959:            52            832  org.springframework.web.servlet.mvc.condition.ParamsRequestCondition
 960:            52            832  org.springframework.web.servlet.mvc.condition.RequestConditionHolder
 961:            52            832  org.springframework.web.servlet.mvc.condition.RequestMethodsRequestCondition
 962:            26            832  sun.misc.ProxyGenerator$FieldInfo
 963:            17            816  org.apache.tomcat.util.descriptor.web.FilterDef
 964:            34            816  org.aspectj.weaver.reflect.JavaLangTypeToResolvedTypeConverter
 965:            34            816  sun.reflect.generics.parser.SignatureParser
 966:            34            816  sun.reflect.generics.visitor.Reifier
 967:            10            800  [Lcn.nubia.framework.validator.internal.util.ConcurrentReferenceHashMap$Segment;
 968:            25            800  org.apache.naming.NamingContext
 969:            25            800  org.apache.tomcat.util.digester.RulesBase
 970:            50            800  org.springframework.web.context.request.RequestScope
 971:            33            792  [Ljava.util.Enumeration;
 972:            33            792  java.time.format.DateTimeFormatterBuilder$CompositePrinterParser
 973:            33            792  javassist.util.proxy.ProxyFactory$ProxyDetails
 974:            33            792  javassist.util.proxy.ProxyFactory$ProxyDetails
 975:            33            792  org.hibernate.bytecode.internal.javassist.BytecodeProviderImpl$EntityInstrumentationMetadataImpl
 976:            33            792  org.hibernate.dialect.lock.OptimisticForceIncrementLockingStrategy
 977:            33            792  org.hibernate.dialect.lock.OptimisticLockingStrategy
 978:            33            792  org.hibernate.dialect.lock.PessimisticForceIncrementLockingStrategy
 979:            33            792  org.hibernate.persister.walking.internal.EntityIdentifierDefinitionHelper$1
 980:            33            792  sun.misc.CompoundEnumeration
 981:            14            784  com.fasterxml.jackson.core.sym.CharsToNameCanonicalizer
 982:            32            768  com.sun.jmx.mbeanserver.DefaultMXBeanMappingFactory$IdentityMapping
 983:            32            768  com.sun.org.apache.xerces.internal.parsers.AbstractSAXParser$LocatorProxy
 984:            24            768  java.util.regex.Pattern$Curly
 985:            24            768  org.apache.catalina.util.ContextName
 986:             8            768  org.apache.ibatis.mapping.MappedStatement
 987:            12            768  org.aspectj.weaver.patterns.KindedPointcut
 988:            32            768  org.hibernate.cfg.Configuration$MappingsImpl$TableDescription
 989:            32            768  org.hibernate.mapping.PrimaryKey
 990:            32            768  org.springframework.core.io.FileSystemResource
 991:            24            768  org.springframework.web.method.annotation.RequestParamMethodArgumentResolver
 992:            16            768  sun.nio.cs.StreamDecoder
 993:            24            768  sun.security.x509.OIDMap$OIDInfo
 994:            31            744  java.util.regex.Pattern$GroupTail
 995:            31            744  org.apache.ibatis.type.JdbcType
 996:            31            744  org.apache.naming.NamingEntry
 997:            31            744  org.hibernate.id.IdentityGenerator$BasicDelegate
 998:             4            736  org.aspectj.weaver.reflect.ReflectionWorld
 999:            13            728  com.fasterxml.jackson.databind.MappingJsonFactory
1000:            18            720  com.sun.jmx.mbeanserver.PerInterface
1001:            18            720  com.sun.org.apache.xerces.internal.impl.XMLEntityManager$CharacterBufferPool
1002:            18            720  com.sun.org.apache.xerces.internal.impl.XMLErrorReporter
1003:            18            720  com.sun.org.apache.xerces.internal.impl.XMLVersionDetector
1004:            30            720  com.sun.org.apache.xerces.internal.impl.dtd.DTDGrammarBucket
1005:            18            720  com.sun.org.apache.xerces.internal.util.XMLAttributesImpl
1006:            18            720  com.sun.org.apache.xerces.internal.utils.XMLSecurityManager
1007:            18            720  com.sun.xml.internal.stream.XMLEntityStorage
1008:            15            720  java.lang.management.PlatformComponent
1009:            30            720  java.net.URLClassLoader$3
1010:            30            720  java.util.regex.Pattern$GroupHead
1011:            10            720  org.aspectj.weaver.patterns.WildTypePattern
1012:            22            704  com.fasterxml.jackson.databind.SerializationFeature
1013:            22            704  com.fasterxml.jackson.databind.SerializationFeature
1014:            22            704  com.nubia.channel.controller.CustomerSearchController$ExcelTitle
1015:            11            704  java.security.SecureRandom
1016:            22            704  org.springframework.http.converter.StringHttpMessageConverter
1017:            29            696  org.apache.tomcat.util.descriptor.tld.ValidatorXml
1018:            29            696  org.springframework.core.SerializableTypeWrapper$2
1019:            29            688  [Ljava.security.cert.Certificate;
1020:            21            672  com.fasterxml.jackson.databind.DeserializationFeature
1021:            21            672  com.fasterxml.jackson.databind.DeserializationFeature
1022:            21            672  com.fasterxml.jackson.databind.introspect.POJOPropertyBuilder$Linked
1023:            21            672  java.lang.reflect.WeakCache$CacheKey
1024:            21            672  java.util.Locale
1025:            12            672  org.apache.tomcat.util.descriptor.web.WebRuleSet
1026:            12            672  org.aspectj.internal.lang.reflect.AjTypeImpl
1027:            28            672  org.hibernate.dialect.function.NoArgSQLFunction
1028:            28            672  org.slf4j.impl.Log4jLoggerAdapter
1029:            42            672  org.springframework.core.convert.support.ObjectToStringConverter
1030:            28            672  sun.reflect.ByteVectorImpl
1031:            21            672  sun.util.locale.BaseLocale
1032:            41            656  sun.reflect.generics.reflectiveObjects.GenericArrayTypeImpl
1033:            27            648  com.sun.org.apache.xalan.internal.utils.FeatureManager
1034:             9            648  java.util.logging.LogRecord
1035:            27            648  org.apache.tomcat.util.res.StringManager
1036:            27            648  org.springframework.beans.AbstractNestablePropertyAccessor$PropertyTokenHolder
1037:            22            640  [Ljava.io.ObjectStreamField;
1038:             1            640  [Lredis.clients.jedis.Protocol$Command;
1039:             1            640  [Lredis.clients.jedis.Protocol$Command;
1040:            20            640  [[Lcom.sun.org.apache.xerces.internal.xni.QName;
1041:             8            640  org.apache.tomcat.websocket.pojo.PojoMethodMapping$MessageHandlerInfo
1042:             4            640  org.aspectj.weaver.Lint
1043:             1            632  [Lorg.apache.tomcat.util.net.jsse.openssl.Cipher;
1044:            39            624  cn.nubia.framework.validator.internal.metadata.raw.ExecutableElement$ConstructorElement
1045:            13            624  com.fasterxml.jackson.core.sym.BytesToNameCanonicalizer$TableInfo
1046:            26            624  com.google.gson.internal.bind.TypeAdapters$32
1047:            26            624  com.google.gson.internal.bind.TypeAdapters$32
1048:            26            624  com.sun.org.apache.xalan.internal.utils.XMLSecurityPropertyManager
1049:            39            624  com.sun.proxy.$Proxy12
1050:            26            624  java.security.spec.ECFieldF2m
1051:            13            624  java.util.Properties$LineReader
1052:             6            624  org.apache.tomcat.websocket.server.WsServerContainer
1053:            13            624  org.hibernate.hql.internal.ast.tree.Node
1054:            26            624  org.springframework.core.annotation.SynthesizedAnnotationInvocationHandler
1055:            13            624  sun.util.locale.provider.LocaleResources$ResourceReference
1056:             7            616  com.fasterxml.jackson.databind.ser.BeanPropertyWriter
1057:            11            616  javax.management.openmbean.CompositeType
1058:            19            608  java.time.format.DateTimeFormatterBuilder$NumberPrinterParser
1059:            19            608  sun.management.DiagnosticCommandImpl$Wrapper
1060:            15            600  java.text.MessageFormat
1061:            25            600  org.apache.tomcat.util.bcel.classfile.ConstantInteger
1062:            25            600  sun.nio.cs.CharsetMapping$Entry
1063:            10            592  [Lorg.aspectj.weaver.ResolvedMember;
1064:            36            576  [Lorg.apache.catalina.InstanceListener;
1065:             4            576  [Lorg.hibernate.internal.util.collections.BoundedConcurrentHashMap$Segment;
1066:             4            576  [Lorg.hibernate.internal.util.collections.BoundedConcurrentHashMap$Segment;
1067:            18            576  com.fasterxml.jackson.databind.MapperFeature
1068:            18            576  com.fasterxml.jackson.databind.MapperFeature
1069:            12            576  com.fasterxml.jackson.databind.type.SimpleType
1070:            18            576  com.sun.org.apache.xerces.internal.impl.XMLNSDocumentScannerImpl$NSContentDriver
1071:            36            576  com.sun.proxy.$Proxy54
1072:            18            576  freemarker.ext.beans.OverloadedFixArgMethods
1073:            18            576  org.apache.commons.pool2.impl.BaseGenericObjectPool$StatsStore
1074:            18            576  org.apache.commons.pool2.impl.BaseGenericObjectPool$StatsStore
1075:             6            576  org.apache.jasper.EmbeddedServletOptions
1076:             8            576  org.apache.juli.ClassLoaderLogManager$RootLogger
1077:            24            576  org.apache.tomcat.util.descriptor.web.TaglibLocationRule
1078:            18            576  org.apache.tomcat.util.scan.JarFileUrlJar
1079:             8            576  org.aspectj.weaver.CrosscuttingMembersSet
1080:             8            576  org.aspectj.weaver.patterns.SignaturePattern
1081:            18            576  org.aspectj.weaver.patterns.TypePatternList
1082:            24            576  org.aspectj.weaver.tools.PointcutPrimitive
1083:            24            576  org.aspectj.weaver.tools.PointcutPrimitive
1084:            24            576  org.springframework.core.convert.support.GenericConversionService$ConverterFactoryAdapter
1085:            36            576  sun.reflect.ConstantPool
1086:             2            560  [Lorg.springframework.http.HttpStatus;
1087:            14            560  javax.management.openmbean.SimpleType
1088:            14            560  org.springframework.beans.factory.support.ManagedList
1089:            35            560  org.springframework.core.convert.support.ObjectToStringConverter
1090:            10            560  sun.invoke.util.Wrapper
1091:            23            552  org.apache.tomcat.util.descriptor.XmlErrorHandler
1092:            23            552  sun.reflect.annotation.AnnotationParser$1
1093:            17            544  com.sun.org.apache.xerces.internal.jaxp.SAXParserFactoryImpl
1094:            34            544  java.net.URLClassLoader$3$1
1095:            34            544  java.util.regex.Pattern$BranchConn
1096:            17            544  org.apache.catalina.core.ApplicationFilterConfig
1097:             1            528  [Ljava.lang.Character;
1098:            33            528  com.sun.proxy.$Proxy30
1099:            33            528  com.sun.proxy.$Proxy31
1100:            33            528  com.sun.proxy.$Proxy6
1101:            33            528  com.sun.proxy.$Proxy62
1102:            33            528  com.sun.proxy.$Proxy63
1103:            11            528  org.apache.catalina.util.StandardSessionIdGenerator
1104:            22            528  org.hibernate.loader.plan.build.internal.spaces.CompositePropertyMapping
1105:            33            528  org.hibernate.persister.walking.internal.EntityIdentifierDefinitionHelper$AttributeDefinitionAdapter
1106:             6            528  org.springframework.http.converter.json.Jackson2ObjectMapperBuilder
1107:            22            528  org.xml.sax.helpers.AttributesImpl
1108:             7            512  [Lsun.invoke.util.Wrapper;
1109:            16            512  com.nubia.channel.controller.BasicDataController$ExcelTitle
1110:            32            512  com.sun.proxy.$Proxy28
1111:            16            512  java.time.temporal.ChronoUnit
1112:            16            512  org.apache.catalina.startup.SetNextNamingRule
1113:            16            512  org.apache.tomcat.util.descriptor.web.FilterMap
1114:             8            512  org.aspectj.weaver.patterns.KindedPointcut
1115:            32            512  org.hibernate.engine.spi.IdentifierValue
1116:            32            512  org.hibernate.id.IdentityGenerator
1117:            16            512  org.hibernate.type.AdaptedImmutableType
1118:            16            512  org.hibernate.type.AdaptedImmutableType
1119:            32            512  org.springframework.aop.framework.CglibAopProxy$StaticUnadvisedInterceptor
1120:            16            512  org.springframework.http.converter.xml.SourceHttpMessageConverter
1121:             2            512  org.springframework.orm.hibernate4.LocalSessionFactoryBuilder
1122:             2            512  org.springframework.orm.hibernate4.LocalSessionFactoryBuilder
1123:             8            512  org.springframework.util.LinkedCaseInsensitiveMap
1124:            21            504  java.lang.ThreadLocal$ThreadLocalMap
1125:            21            504  java.util.AbstractMap$SimpleImmutableEntry
1126:            21            504  java.util.Locale$LocaleKey
1127:            21            504  java.util.regex.Pattern$BitClass
1128:            21            504  org.apache.tomcat.util.descriptor.LocalResolver
1129:            21            504  org.hibernate.dialect.function.NoArgSQLFunction
1130:            21            504  org.springframework.core.convert.TypeDescriptor
1131:            21            504  sun.security.x509.AVAKeyword
1132:            19            488  [Lsun.management.DiagnosticCommandArgumentInfo;
1133:            24            480  [Lorg.apache.catalina.Valve;
1134:            10            480  cn.nubia.framework.validator.internal.util.ConcurrentReferenceHashMap
1135:            15            480  com.nubia.channel.controller.StoreUpgradeController$ExcelDetailTitle
1136:            30            480  com.sun.org.apache.xerces.internal.impl.XMLDocumentScannerImpl$PrologDriver
1137:            30            480  com.sun.org.apache.xerces.internal.impl.XMLDocumentScannerImpl$TrailingMiscDriver
1138:            30            480  com.sun.org.apache.xerces.internal.impl.XMLDocumentScannerImpl$XMLDeclDriver
1139:            30            480  com.sun.org.apache.xerces.internal.impl.dtd.DTDGrammar$QNameHashtable
1140:             3            480  com.sun.org.apache.xerces.internal.impl.xs.SchemaGrammar$BuiltinSchemaGrammar
1141:            12            480  java.io.BufferedWriter
1142:            10            480  java.util.Hashtable$Enumerator
1143:            30            480  java.util.regex.Pattern$Begin
1144:             6            480  org.apache.catalina.webresources.StandardRoot
1145:             6            480  org.apache.jasper.compiler.JspRuntimeContext
1146:            10            480  org.aspectj.weaver.TypeVariable
1147:            20            480  org.springframework.core.convert.support.GenericConversionService$ConverterFactoryAdapter
1148:            12            480  sun.misc.URLClassPath
1149:            10            480  sun.security.x509.X500Name
1150:            19            472  [Lcom.sun.org.apache.xerces.internal.utils.XMLSecurityPropertyManager$State;
1151:            19            456  java.time.Duration
1152:            19            456  org.hibernate.dialect.function.SQLFunctionTemplate
1153:            19            456  org.hibernate.dialect.function.TemplateRenderer
1154:            19            456  org.springframework.beans.factory.config.BeanDefinitionHolder
1155:            14            448  com.sun.org.apache.xml.internal.dtm.ref.ExtendedType
1156:            28            448  com.sun.proxy.$Proxy72
1157:             8            448  javax.management.openmbean.OpenMBeanParameterInfoSupport
1158:            14            448  org.apache.catalina.LifecycleState
1159:             8            448  org.aspectj.weaver.World$TypeMap
1160:            14            448  org.aspectj.weaver.patterns.TypePatternList
1161:            14            448  org.aspectj.weaver.reflect.ReflectionVar
1162:            14            448  org.springframework.format.support.FormattingConversionService$PrinterConverter
1163:            14            448  org.springframework.web.servlet.mvc.method.annotation.HttpEntityMethodProcessor
1164:            14            448  org.springframework.web.servlet.mvc.method.annotation.RequestResponseBodyMethodProcessor
1165:            28            448  org.springframework.web.servlet.mvc.method.annotation.ResponseBodyAdviceChain
1166:             8            448  sun.security.provider.SHA
1167:            11            440  org.apache.commons.pool2.impl.BaseGenericObjectPool$Evictor
1168:            11            440  org.apache.commons.pool2.impl.BaseGenericObjectPool$Evictor
1169:            11            440  org.hibernate.loader.plan.build.internal.returns.CompositeAttributeFetchImpl
1170:            11            440  org.hibernate.loader.plan.build.internal.spaces.CompositeQuerySpaceImpl
1171:            11            440  org.hibernate.loader.plan.build.internal.spaces.JoinImpl
1172:            11            440  sun.nio.cs.ISO_8859_1$Decoder
1173:             1            432  [[[C
1174:             9            432  com.fasterxml.jackson.databind.type.SimpleType
1175:             9            432  com.sun.jmx.mbeanserver.DefaultMXBeanMappingFactory$CompositeMapping
1176:            18            432  com.sun.org.apache.xerces.internal.impl.msg.XMLMessageFormatter
1177:            18            432  com.sun.org.apache.xerces.internal.impl.validation.ValidationManager
1178:            18            432  com.sun.org.apache.xerces.internal.util.SymbolTable
1179:            18            432  com.sun.org.apache.xerces.internal.utils.XMLSecurityPropertyManager
1180:            18            432  freemarker.ext.beans.OverloadedMethods
1181:            18            432  java.io.OutputStreamWriter
1182:            18            432  java.lang.Class$1
1183:             9            432  java.lang.ThreadGroup
1184:            18            432  java.text.DateFormat$Field
1185:            27            432  javax.naming.CompositeName
1186:             6            432  org.aspectj.weaver.patterns.WildTypePattern
1187:            18            432  org.springframework.beans.factory.config.BeanExpressionContext
1188:            18            432  org.springframework.web.accept.ContentNegotiationManager
1189:            13            416  [Ljava.lang.StringBuilder;
1190:            26            416  cn.nubia.framework.validator.internal.util.logging.Log_$logger
1191:            26            416  cn.nubia.framework.validator.internal.util.logging.Log_$logger
1192:            13            416  com.alibaba.druid.support.logging.Log4jImpl
1193:            26            416  com.fasterxml.jackson.databind.util.RootNameLookup
1194:            13            416  com.nubia.channel.controller.StoreUpgradeController$ExcelTitle
1195:             4            416  com.sun.org.apache.xerces.internal.impl.dv.xs.AbstractDateTimeDV$DateTimeData
1196:            26            416  com.sun.proxy.$Proxy74
1197:            13            416  java.util.concurrent.ConcurrentHashMap$ForwardingNode
1198:            26            416  java.util.concurrent.atomic.AtomicReference
1199:            13            416  javax.servlet.jsp.tagext.TagVariableInfo
1200:             2            416  org.springframework.beans.factory.support.DefaultListableBeanFactory
1201:             2            416  org.springframework.beans.factory.support.DefaultListableBeanFactory
1202:            13            416  sun.security.x509.AlgorithmId
1203:            10            408  [Lorg.aspectj.weaver.patterns.NamePattern;
1204:            17            408  org.springframework.beans.factory.config.BeanDefinitionHolder
1205:            17            408  org.springframework.beans.factory.config.RuntimeBeanReference
1206:            17            400  [Ljava.beans.PropertyChangeListener;
1207:            25            400  com.fasterxml.jackson.databind.introspect.AnnotationMap
1208:            10            400  com.sun.org.apache.xerces.internal.impl.xpath.regex.RangeToken
1209:             2            400  org.hibernate.stat.internal.ConcurrentStatisticsImpl
1210:             2            400  org.hibernate.stat.internal.ConcurrentStatisticsImpl
1211:            25            400  org.springframework.core.ResolvableType$DefaultVariableResolver
1212:            18            392  [Lorg.aspectj.weaver.patterns.TypePattern;
1213:             7            392  org.apache.catalina.core.NamingContextListener
1214:             7            392  org.apache.ibatis.mapping.ResultMap
1215:             1            392  org.apache.tomcat.util.net.NioBlockingSelector$BlockPoller
1216:             1            384  com.alibaba.druid.pool.DruidDataSource$CreateConnectionThread
1217:             1            384  com.alibaba.druid.pool.DruidDataSource$DestroyConnectionThread
1218:             6            384  com.fasterxml.jackson.databind.introspect.AnnotatedClass
1219:             6            384  com.fasterxml.jackson.databind.introspect.BasicBeanDescription
1220:            16            384  java.io.InputStreamReader
1221:             1            384  java.lang.ref.Finalizer$FinalizerThread
1222:             6            384  java.nio.DirectByteBuffer
1223:             8            384  java.util.StringTokenizer
1224:             1            384  java.util.logging.LogManager$Cleaner
1225:             6            384  org.apache.catalina.core.ApplicationContext
1226:             6            384  org.apache.catalina.loader.WebappLoader
1227:             6            384  org.apache.catalina.mapper.Mapper$ContextVersion
1228:             6            384  org.apache.catalina.servlets.DefaultServlet
1229:             1            384  org.apache.catalina.startup.Catalina$CatalinaShutdownHook
1230:             8            384  org.apache.ibatis.reflection.Reflector
1231:             1            384  org.apache.juli.ClassLoaderLogManager$Cleaner
1232:             8            384  org.springframework.aop.aspectj.AspectJExpressionPointcut
1233:            16            384  org.springframework.http.converter.ByteArrayHttpMessageConverter
1234:            12            384  org.springframework.http.converter.json.MappingJackson2HttpMessageConverter
1235:            16            384  org.springframework.web.method.annotation.ModelAttributeMethodProcessor
1236:             4            384  org.springframework.web.servlet.mvc.method.annotation.RequestMappingHandlerMapping
1237:             1            376  com.mysql.jdbc.AbandonedConnectionCleanupThread
1238:             1            376  java.lang.ref.Reference$ReferenceHandler
1239:             1            376  sun.misc.GC$Daemon
1240:            10            368  [Lsun.security.x509.RDN;
1241:            23            368  org.springframework.aop.framework.adapter.MethodBeforeAdviceInterceptor
1242:            15            360  javax.management.StandardMBean
1243:            15            360  javax.websocket.CloseReason$CloseCodes
1244:            15            360  org.apache.tomcat.util.net.jsse.openssl.Encryption
1245:            15            360  org.springframework.web.util.UrlPathHelper
1246:            15            360  sun.misc.MetaIndex
1247:             8            352  [Lorg.springframework.asm.Type;
1248:            14            352  [[Ljava.lang.annotation.Annotation;
1249:            11            352  javax.management.MBeanConstructorInfo
1250:            11            352  org.springframework.core.SerializableTypeWrapper$MethodInvokeTypeProvider
1251:            14            336  com.fasterxml.jackson.databind.introspect.MemberKey
1252:             7            336  com.fasterxml.jackson.databind.introspect.POJOPropertyBuilder
1253:            14            336  com.google.gson.internal.bind.TypeAdapters$33
1254:            14            336  com.google.gson.internal.bind.TypeAdapters$33
1255:            14            336  java.lang.RuntimePermission
1256:             6            336  java.nio.DirectLongBufferU
1257:            14            336  java.util.BitSet
1258:             6            336  org.apache.catalina.core.DefaultInstanceManager
1259:             7            336  org.apache.catalina.mbeans.NamingResourcesMBean
1260:             6            336  org.apache.catalina.startup.ContextConfig
1261:             6            336  org.apache.catalina.webresources.Cache
1262:             6            336  org.apache.catalina.webresources.DirResourceSet
1263:             6            336  org.apache.tomcat.util.scan.StandardJarScanFilter
1264:             6            336  org.hibernate.type.EmbeddedComponentType
1265:             7            336  org.springframework.aop.framework.AdvisedSupport
1266:            14            336  org.springframework.aop.framework.InterceptorAndDynamicMethodMatcher
1267:            14            336  org.springframework.context.support.MessageSourceAccessor
1268:            14            336  org.springframework.format.support.FormattingConversionService$ParserConverter
1269:            14            336  org.springframework.http.converter.ResourceHttpMessageConverter
1270:            14            336  org.springframework.util.MimeType
1271:            14            336  org.springframework.util.MimeType
1272:            14            336  org.springframework.web.method.support.HandlerMethodArgumentResolverComposite
1273:             6            336  sun.management.MemoryPoolImpl
1274:            14            336  sun.reflect.Label$PatchInfo
1275:            16            328  [Ljava.lang.management.PlatformComponent;
1276:            10            320  [[Lcom.sun.org.apache.xerces.internal.impl.dtd.models.ContentModelValidator;
1277:            10            320  [[Lcom.sun.org.apache.xerces.internal.impl.dv.DatatypeValidator;
1278:            10            320  [[[Ljava.lang.String;
1279:            10            320  com.fasterxml.jackson.core.JsonGenerator$Feature
1280:            10            320  com.fasterxml.jackson.core.JsonGenerator$Feature
1281:            10            320  com.fasterxml.jackson.core.JsonParser$Feature
1282:            10            320  com.fasterxml.jackson.core.JsonParser$Feature
1283:             8            320  com.sun.org.apache.xerces.internal.dom.DeferredCDATASectionImpl
1284:            10            320  com.sun.org.apache.xerces.internal.impl.dtd.XMLNotationDecl
1285:            10            320  com.sun.xml.internal.stream.StaxXMLInputSource
1286:             8            320  java.io.PrintWriter
1287:            20            320  java.net.URLConnection$1
1288:            20            320  java.security.spec.ECFieldFp
1289:            10            320  java.util.ResourceBundle$Control$1
1290:             8            320  org.apache.tomcat.util.descriptor.web.SecurityCollection
1291:             8            320  org.springframework.beans.factory.support.ManagedList
1292:             8            320  org.springframework.cglib.proxy.Enhancer$EnhancerKey$$KeyFactoryByCGLIB$$4ce19e8f
1293:             8            320  org.springframework.util.AntPathMatcher
1294:            10            320  sun.misc.URLClassPath$2
1295:             8            320  sun.rmi.transport.tcp.TCPEndpoint
1296:             4            320  sun.security.x509.X509CertImpl
1297:             6            312  [Lcom.sun.org.apache.xerces.internal.impl.xs.util.SimpleLocator;
1298:            15            312  [Lorg.apache.tomcat.util.descriptor.web.SecurityConstraint;
1299:            13            312  com.fasterxml.jackson.databind.deser.DeserializerCache
1300:            13            312  com.fasterxml.jackson.databind.ser.SerializerCache
1301:             3            312  java.io.ObjectStreamClass
1302:            13            312  java.lang.management.ManagementPermission
1303:            13            312  org.apache.catalina.util.ResourceSet
1304:            13            312  org.apache.ibatis.scripting.xmltags.VarDeclSqlNode
1305:            13            312  org.apache.log4j.Level
1306:            13            312  org.apache.log4j.Level
1307:            13            312  org.aspectj.weaver.Shadow$Kind
1308:            13            312  org.aspectj.weaver.Shadow$Kind
1309:            12            296  [Lorg.apache.tomcat.util.descriptor.web.FilterMap;
1310:            14            296  [Lorg.aspectj.weaver.patterns.TypePattern;
1311:            10            288  [Ljava.io.File;
1312:             8            288  [Ljava.lang.Boolean;
1313:             2            288  [Lorg.apache.ibatis.type.JdbcType;
1314:             9            288  com.fasterxml.classmate.types.ResolvedPrimitiveType
1315:             9            288  com.fasterxml.classmate.types.ResolvedPrimitiveType
1316:            12            288  com.sun.org.apache.xerces.internal.impl.XMLDocumentScannerImpl$ContentDriver
1317:            18            288  com.sun.org.apache.xerces.internal.impl.dv.dtd.DTDDVFactoryImpl
1318:            12            288  com.sun.org.apache.xerces.internal.impl.xpath.regex.Token$CharToken
1319:            18            288  com.sun.org.apache.xerces.internal.parsers.AbstractSAXParser$AttributesProxy
1320:            18            288  com.sun.proxy.$Proxy83
1321:             9            288  java.lang.OutOfMemoryError
1322:             9            288  java.lang.Throwable
1323:             9            288  java.lang.invoke.BoundMethodHandle$Species_L
1324:            12            288  java.net.InetAddress$InetAddressHolder
1325:             9            288  java.util.Formatter
1326:             6            288  java.util.concurrent.ConcurrentSkipListMap
1327:             9            288  java.util.concurrent.locks.AbstractQueuedSynchronizer$Node
1328:             9            288  java.util.logging.Level
1329:             6            288  javax.websocket.server.DefaultServerEndpointConfig
1330:             9            288  jdk.internal.org.objectweb.asm.Type
1331:             6            288  org.apache.catalina.core.StandardContextValve
1332:            12            288  org.apache.catalina.startup.SetAllPropertiesRule
1333:             6            288  org.apache.ibatis.session.Configuration$StrictMap
1334:            12            288  org.apache.tomcat.util.descriptor.web.AbsoluteOrderingRule
1335:            12            288  org.apache.tomcat.util.descriptor.web.IgnoreAnnotationsRule
1336:            12            288  org.apache.tomcat.util.descriptor.web.NameRule
1337:            12            288  org.apache.tomcat.util.descriptor.web.RelativeOrderingRule
1338:            12            288  org.apache.tomcat.util.descriptor.web.ServiceQnameRule
1339:            12            288  org.apache.tomcat.util.descriptor.web.ServletDefCreateRule
1340:            12            288  org.apache.tomcat.util.descriptor.web.SetAuthConstraintRule
1341:            12            288  org.apache.tomcat.util.descriptor.web.SetDistributableRule
1342:            12            288  org.apache.tomcat.util.descriptor.web.SetJspConfig
1343:            12            288  org.apache.tomcat.util.descriptor.web.SetLoginConfig
1344:            12            288  org.apache.tomcat.util.descriptor.web.SetOverrideRule
1345:            12            288  org.apache.tomcat.util.descriptor.web.SetPublicIdRule
1346:            12            288  org.apache.tomcat.util.descriptor.web.SetSessionConfig
1347:            12            288  org.apache.tomcat.util.descriptor.web.SoapHeaderRule
1348:            12            288  org.apache.tomcat.util.descriptor.web.VersionRule
1349:             1            288  org.apache.tomcat.util.net.NioEndpoint
1350:            12            288  org.apache.tomcat.util.net.jsse.openssl.Authentication
1351:            12            288  org.apache.tomcat.util.net.jsse.openssl.KeyExchange
1352:            12            288  org.apache.tomcat.websocket.server.UriTemplate$Segment
1353:            12            288  org.aspectj.apache.bcel.generic.ObjectType
1354:             4            288  org.aspectj.weaver.CrosscuttingMembersSet
1355:             6            288  org.aspectj.weaver.TypeVariable
1356:            12            288  org.hibernate.LockMode
1357:            12            288  org.hibernate.LockMode
1358:            12            288  org.hibernate.annotations.CascadeType
1359:            12            288  org.hibernate.annotations.CascadeType
1360:             6            288  org.hibernate.tuple.component.PojoComponentTuplizer
1361:             4            288  org.springframework.beans.factory.support.ManagedMap
1362:            12            288  org.springframework.core.NamedThreadLocal
1363:            12            288  org.springframework.format.datetime.standard.TemporalAccessorParser
1364:            18            288  org.springframework.web.accept.HeaderContentNegotiationStrategy
1365:            18            288  org.springframework.web.context.request.RequestScope
1366:            12            288  org.springframework.web.method.annotation.ExpressionValueMethodArgumentResolver
1367:            12            288  org.springframework.web.servlet.mvc.method.annotation.MatrixVariableMethodArgumentResolver
1368:            12            288  org.springframework.web.servlet.mvc.method.annotation.PathVariableMethodArgumentResolver
1369:             2            288  org.springframework.web.servlet.mvc.method.annotation.RequestMappingHandlerAdapter
1370:            12            288  org.springframework.web.servlet.mvc.method.annotation.ServletModelAttributeMethodProcessor
1371:             9            288  sun.security.jca.ProviderConfig
1372:             7            280  com.sun.org.apache.xalan.internal.utils.XMLSecurityManager$Limit
1373:             7            280  com.sun.org.apache.xerces.internal.utils.XMLSecurityManager$Limit
1374:             7            280  java.util.ArrayList$SubList
1375:             7            280  java.util.ArrayList$SubList$1
1376:             5            280  javax.management.openmbean.OpenMBeanOperationInfoSupport
1377:             5            280  org.springframework.core.env.PropertySourcesPropertyResolver
1378:             6            272  [Lorg.aspectj.weaver.patterns.NamePattern;
1379:            17            272  com.sun.proxy.$Proxy76
1380:             2            272  freemarker.template.Configuration
1381:            17            272  java.time.format.DateTimeFormatterBuilder$CharLiteralPrinterParser
1382:            17            272  org.apache.ibatis.reflection.invoker.GetFieldInvoker
1383:             2            272  org.hibernate.cfg.Settings
1384:             2            272  org.hibernate.cfg.Settings
1385:             2            272  org.hibernate.internal.SessionFactoryImpl
1386:             2            272  org.hibernate.internal.SessionFactoryImpl
1387:            11            264  com.fasterxml.jackson.databind.PropertyName
1388:             3            264  java.net.URLClassLoader
1389:            11            264  org.hibernate.loader.plan.build.internal.spaces.CompositePropertyMapping
1390:             4            256  [Lcom.sun.org.apache.xerces.internal.impl.xs.XSElementDecl;
1391:            12            256  [Lorg.apache.tomcat.util.descriptor.web.SecurityCollection;
1392:            11            256  [Lorg.aspectj.weaver.TypeVariable;
1393:             4            256  cn.nubia.framework.validator.internal.engine.ValidatorFactoryImpl
1394:             4            256  com.fasterxml.classmate.util.ResolvedTypeCache$CacheMap
1395:             8            256  com.fasterxml.jackson.core.io.SerializedString
1396:             4            256  com.fasterxml.jackson.databind.introspect.AnnotatedClass
1397:             4            256  com.fasterxml.jackson.databind.introspect.BasicBeanDescription
1398:             1            256  com.mysql.jdbc.MysqlIO
1399:            16            256  com.sun.org.apache.xerces.internal.utils.SecuritySupport$3
1400:             8            256  java.security.MessageDigest$Delegate
1401:             8            256  org.apache.juli.ClassLoaderLogManager$ClassLoaderLogInfo
1402:             8            256  org.apache.tomcat.util.descriptor.web.SecurityConstraint
1403:             8            256  org.aspectj.weaver.internal.tools.PointcutExpressionImpl
1404:             4            256  org.aspectj.weaver.patterns.OrPointcut
1405:             4            256  org.aspectj.weaver.patterns.OrPointcut
1406:             2            256  org.springframework.web.context.support.XmlWebApplicationContext
1407:             2            256  org.springframework.web.context.support.XmlWebApplicationContext
1408:             8            256  org.springframework.web.method.annotation.RequestParamMethodArgumentResolver
1409:             8            256  sun.misc.ProxyGenerator$PrimitiveTypeInfo
1410:             8            256  sun.security.provider.SecureRandom
1411:             3            240  [Lcom.sun.org.apache.xerces.internal.impl.xs.XSComplexTypeDecl;
1412:             2            240  [Lsun.nio.cs.CharsetMapping$Entry;
1413:            10            240  com.fasterxml.classmate.util.ClassKey
1414:            10            240  com.fasterxml.classmate.util.ClassKey
1415:            10            240  com.sun.org.apache.xerces.internal.impl.dtd.XMLContentSpec
1416:             5            240  java.io.BufferedReader
1417:            10            240  java.lang.annotation.ElementType
1418:             6            240  javax.websocket.server.ServerEndpointConfig$Builder
1419:             6            240  org.apache.catalina.core.ApplicationSessionCookieConfig
1420:             6            240  org.apache.catalina.mbeans.ContextMBean
1421:            10            240  org.apache.commons.pool2.PooledObjectState
1422:             6            240  org.apache.commons.pool2.impl.LinkedBlockingDeque
1423:             6            240  org.apache.commons.pool2.impl.LinkedBlockingDeque
1424:             6            240  org.apache.jasper.compiler.JspConfig
1425:             6            240  org.apache.jasper.servlet.JspServlet
1426:             5            240  org.apache.tomcat.util.descriptor.web.ContextEnvironment
1427:            10            240  org.apache.tomcat.util.descriptor.web.ErrorPage
1428:            10            240  org.hibernate.boot.registry.classloading.internal.ClassLoaderServiceImpl$AggregatedClassLoader$1
1429:            10            240  org.hibernate.boot.registry.classloading.internal.ClassLoaderServiceImpl$AggregatedClassLoader$1
1430:            10            240  org.hibernate.dialect.function.SQLFunctionTemplate
1431:            10            240  org.hibernate.dialect.function.TemplateRenderer
1432:             3            240  org.springframework.aop.aspectj.AspectJAroundAdvice
1433:            15            240  org.springframework.core.SerializableTypeWrapper$1
1434:             6            240  org.springframework.core.task.SimpleAsyncTaskExecutor
1435:            10            240  org.springframework.web.accept.ContentNegotiationManager
1436:             6            240  redis.clients.jedis.JedisFactory
1437:             6            240  redis.clients.jedis.JedisFactory
1438:             6            240  sun.management.MemoryPoolImpl$CollectionSensor
1439:             6            240  sun.management.MemoryPoolImpl$PoolSensor
1440:             5            240  sun.misc.ProxyGenerator
1441:            10            232  [Ljava.util.logging.Handler;
1442:            12            224  [Lorg.apache.tomcat.websocket.pojo.PojoPathParam;
1443:             7            224  com.fasterxml.jackson.databind.introspect.AnnotatedField
1444:            14            224  com.fasterxml.jackson.databind.introspect.BasicClassIntrospector
1445:            14            224  com.sun.proxy.$Proxy25
1446:            14            224  com.sun.proxy.$Proxy26
1447:            14            224  com.sun.proxy.$Proxy7
1448:             7            224  java.net.Socket
1449:            14            224  java.rmi.server.Operation
1450:            14            224  java.util.concurrent.ConcurrentHashMap$ValuesView
1451:             7            224  java.util.concurrent.FutureTask
1452:             7            224  java.util.concurrent.SynchronousQueue
1453:             4            224  org.aspectj.weaver.World$TypeMap
1454:             4            224  org.springframework.aop.aspectj.annotation.InstantiationModelAwarePointcutAdvisorImpl
1455:            14            224  org.springframework.aop.framework.CglibAopProxy$AdvisedDispatcher
1456:            14            224  org.springframework.aop.framework.CglibAopProxy$DynamicAdvisedInterceptor
1457:            14            224  org.springframework.aop.framework.CglibAopProxy$EqualsInterceptor
1458:            14            224  org.springframework.aop.framework.CglibAopProxy$HashCodeInterceptor
1459:            14            224  org.springframework.aop.framework.CglibAopProxy$SerializableNoOp
1460:            14            224  org.springframework.aop.framework.CglibAopProxy$StaticDispatcher
1461:            14            224  org.springframework.aop.framework.CglibAopProxy$StaticUnadvisedExposedInterceptor
1462:             4            224  org.springframework.core.env.PropertySourcesPropertyResolver
1463:            14            224  org.springframework.web.method.annotation.MapMethodProcessor
1464:            14            224  org.springframework.web.method.annotation.ModelMethodProcessor
1465:            14            224  org.springframework.web.servlet.mvc.method.annotation.ServletRequestMethodArgumentResolver
1466:            14            224  org.springframework.web.servlet.mvc.method.annotation.ServletResponseMethodArgumentResolver
1467:             7            224  sun.reflect.MethodAccessorGenerator$1
1468:             4            224  sun.rmi.transport.Target
1469:             4            224  sun.security.util.MemoryCache$SoftCacheEntry
1470:             4            224  sun.security.x509.X509CertInfo
1471:             9            216  com.alibaba.druid.pool.PreparedStatementPool$MethodType
1472:             9            216  com.fasterxml.jackson.annotation.JsonFormat$Shape
1473:             3            216  com.mysql.jdbc.ConnectionPropertiesImpl$MemorySizeConnectionProperty
1474:             9            216  com.sun.jmx.remote.util.ClassLogger
1475:             9            216  java.util.Collections$3
1476:             9            216  java.util.logging.Level$KnownLevel
1477:             9            216  java.util.regex.Pattern$CharProperty$1
1478:             9            216  org.apache.tomcat.util.descriptor.tld.TldRuleSet$1
1479:             9            216  org.apache.tomcat.util.descriptor.tld.TldRuleSet$ScriptVariableRule
1480:             9            216  org.apache.tomcat.util.descriptor.tld.TldRuleSet$TagAttributeRule
1481:             9            216  org.aspectj.apache.bcel.generic.BasicType
1482:             9            216  org.aspectj.weaver.MemberKind
1483:             9            216  org.aspectj.weaver.MemberKind
1484:             9            216  org.hibernate.engine.internal.CascadePoint
1485:             9            216  org.slf4j.impl.Log4jLoggerAdapter
1486:             9            216  org.springframework.core.io.ClassPathResource
1487:             3            216  sun.nio.ch.EPollArrayWrapper
1488:             3            216  sun.nio.ch.EPollSelectorImpl
1489:             9            216  sun.rmi.runtime.Log$LoggerLog
1490:             9            216  sun.util.logging.PlatformLogger$Level
1491:             2            208  [Lcom.fasterxml.jackson.databind.DeserializationFeature;
1492:             2            208  [Lcom.fasterxml.jackson.databind.DeserializationFeature;
1493:             2            208  [Lcom.fasterxml.jackson.databind.SerializationFeature;
1494:             2            208  [Lcom.fasterxml.jackson.databind.SerializationFeature;
1495:             7            208  [Lorg.apache.catalina.mapper.Mapper$MappedContext;
1496:             2            208  com.alibaba.druid.stat.JdbcConnectionStat
1497:            13            208  com.fasterxml.jackson.databind.jsontype.impl.StdSubtypeResolver
1498:            13            208  com.sun.org.apache.xerces.internal.util.EntityResolver2Wrapper
1499:            13            208  com.sun.org.apache.xerces.internal.util.ErrorHandlerWrapper
1500:            13            208  org.apache.ibatis.ognl.OgnlRuntime$ClassCache
1501:             2            208  org.hibernate.loader.entity.EntityLoader
1502:             2            208  org.hibernate.mapping.Component
1503:            13            208  org.springframework.core.DefaultParameterNameDiscoverer
1504:            13            208  org.springframework.core.LocalVariableTableParameterNameDiscoverer
1505:            13            208  org.springframework.core.StandardReflectionParameterNameDiscoverer
1506:             2            200  [Ljava.text.DateFormat$Field;
1507:             1            200  com.sun.org.apache.xerces.internal.dom.DeferredDocumentImpl
1508:             5            200  java.lang.ClassLoader$NativeLibrary
1509:             5            200  java.util.stream.StreamOpFlag
1510:             5            200  org.apache.catalina.mbeans.ContextEnvironmentMBean
1511:             7            192  [Ljavax.persistence.CascadeType;
1512:             8            192  com.alibaba.druid.util.Histogram
1513:             6            192  com.sun.org.apache.xerces.internal.impl.xpath.regex.Token$ClosureToken
1514:             4            192  com.sun.org.apache.xerces.internal.impl.xs.SchemaGrammar$BuiltinAttrDecl
1515:             6            192  freemarker.ext.beans.BooleanModel
1516:             8            192  java.math.RoundingMode
1517:             8            192  java.net.Inet4Address
1518:             6            192  java.rmi.server.UID
1519:             6            192  java.time.format.TextStyle
1520:             6            192  java.util.RegularEnumSet$EnumSetIterator
1521:             8            192  java.util.ServiceLoader$1
1522:             6            192  java.util.concurrent.ConcurrentSkipListMap$HeadIndex
1523:             4            192  javax.naming.NamingException
1524:             8            192  org.apache.ibatis.mapping.ParameterMap
1525:             6            192  org.apache.jasper.compiler.TldCache
1526:             6            192  org.apache.naming.TransactionRef
1527:             6            192  org.apache.tomcat.util.descriptor.web.WebXmlParser
1528:             4            192  org.apache.tomcat.websocket.pojo.PojoMethodMapping
1529:             6            192  org.apache.tomcat.websocket.server.WsWriteTimeout
1530:             8            192  org.aspectj.bridge.IMessage$Kind
1531:             8            192  org.aspectj.bridge.IMessage$Kind
1532:             8            192  org.aspectj.weaver.World$AspectPrecedenceCalculator
1533:             6            192  org.hibernate.event.service.internal.PostCommitEventListenerGroupImpl
1534:             6            192  org.hibernate.event.service.internal.PostCommitEventListenerGroupImpl
1535:             4            192  org.hibernate.internal.util.collections.BoundedConcurrentHashMap
1536:             4            192  org.hibernate.internal.util.collections.BoundedConcurrentHashMap
1537:             4            192  org.springframework.aop.aspectj.AspectJExpressionPointcut
1538:             8            192  org.springframework.aop.target.EmptyTargetSource
1539:             8            192  org.springframework.beans.factory.annotation.InitDestroyAnnotationBeanPostProcessor$LifecycleElement
1540:             6            192  org.springframework.core.SerializableTypeWrapper$MethodInvokeTypeProvider
1541:            12            192  org.springframework.core.convert.support.CollectionToArrayConverter
1542:            12            192  org.springframework.core.convert.support.CollectionToStringConverter
1543:             6            192  org.springframework.core.task.SimpleAsyncTaskExecutor$ConcurrencyThrottleAdapter
1544:            12            192  org.springframework.format.datetime.standard.TemporalAccessorPrinter
1545:             6            192  org.springframework.http.converter.support.AllEncompassingFormHttpMessageConverter
1546:             6            192  org.springframework.http.converter.xml.Jaxb2RootElementHttpMessageConverter
1547:             2            192  org.springframework.orm.hibernate4.LocalSessionFactoryBean
1548:             2            192  org.springframework.orm.hibernate4.LocalSessionFactoryBean
1549:             8            192  org.springframework.util.AntPathMatcher$PathSeparatorPatternCache
1550:             6            192  org.springframework.util.PropertyPlaceholderHelper
1551:             8            192  org.springframework.web.bind.annotation.RequestMethod
1552:             8            192  org.springframework.web.bind.annotation.RequestMethod
1553:             8            192  org.springframework.web.method.annotation.ModelAttributeMethodProcessor
1554:            12            192  org.springframework.web.method.annotation.RequestParamMapMethodArgumentResolver
1555:             8            192  org.springframework.web.method.support.HandlerMethodReturnValueHandlerComposite
1556:             6            192  org.springframework.web.servlet.handler.MappedInterceptor
1557:             6            192  org.springframework.web.servlet.handler.MappedInterceptor
1558:             6            192  org.springframework.web.servlet.mvc.method.annotation.HttpEntityMethodProcessor
1559:            12            192  org.springframework.web.servlet.mvc.method.annotation.MatrixVariableMapMethodArgumentResolver
1560:            12            192  org.springframework.web.servlet.mvc.method.annotation.PathVariableMapMethodArgumentResolver
1561:             2            192  org.springframework.web.servlet.mvc.method.annotation.RequestMappingHandlerMapping
1562:             6            192  org.springframework.web.servlet.mvc.method.annotation.RequestResponseBodyMethodProcessor
1563:            12            192  org.springframework.web.servlet.mvc.method.annotation.ResponseBodyAdviceChain
1564:             6            192  org.springframework.web.servlet.mvc.method.annotation.ServletCookieValueMethodArgumentResolver
1565:             2            192  org.springframework.web.servlet.view.InternalResourceViewResolver
1566:             2            192  org.springframework.web.servlet.view.InternalResourceViewResolver
1567:            12            192  sun.reflect.Label
1568:             2            192  sun.security.jgss.SunProvider
1569:             3            192  sun.security.provider.NativePRNG$RandomIO
1570:             2            192  sun.security.provider.Sun
1571:             2            176  [Lcom.fasterxml.jackson.databind.MapperFeature;
1572:             2            176  [Lcom.fasterxml.jackson.databind.MapperFeature;
1573:             1            176  [Ljava.sql.JDBCType;
1574:             2            176  com.nubia.channel.mvc.controller.app.ProductController$$EnhancerBySpringCGLIB$$28a4e115
1575:            11            176  com.sun.org.apache.xerces.internal.impl.xs.util.XInt
1576:            11            176  com.sun.proxy.$Proxy39
1577:            11            176  java.text.NumberFormat$Field
1578:            11            176  java.util.concurrent.atomic.AtomicBoolean
1579:             2            176  javax.management.remote.rmi.NoCallStackClassLoader
1580:            11            176  org.apache.ibatis.reflection.invoker.SetFieldInvoker
1581:             2            176  org.springframework.aop.aspectj.annotation.AnnotationAwareAspectJAutoProxyCreator
1582:             2            176  org.springframework.aop.aspectj.annotation.AnnotationAwareAspectJAutoProxyCreator
1583:            11            176  org.springframework.core.$Proxy22
1584:             1            168  [[Ljava.math.BigInteger;
1585:             3            168  com.sun.org.apache.xerces.internal.impl.xs.XSDDescription
1586:             7            168  java.net.NetPermission
1587:             3            168  java.util.concurrent.ConcurrentHashMap$KeyIterator
1588:             7            168  javax.validation.ElementKind
1589:             7            168  javax.validation.ElementKind
1590:             7            168  javax.xml.parsers.SecuritySupport$2
1591:             1            168  org.apache.catalina.core.StandardHost
1592:             7            168  org.apache.catalina.mapper.Mapper$ContextList
1593:             7            168  org.apache.ibatis.scripting.xmltags.DynamicSqlSource
1594:             7            168  org.apache.tomcat.util.net.jsse.openssl.EncryptionLevel
1595:             7            168  org.apache.tomcat.util.net.jsse.openssl.MessageDigest
1596:             7            168  org.hibernate.hql.internal.ast.tree.DotNode$DereferenceType
1597:             3            168  org.hibernate.type.EmbeddedComponentType
1598:             7            168  org.springframework.aop.framework.CglibAopProxy$ProxyCallbackFilter
1599:             7            168  org.springframework.cglib.proxy.CallbackInfo
1600:             7            168  org.springframework.cglib.proxy.CallbackInfo
1601:             7            168  redis.clients.jedis.HostAndPort
1602:             7            168  redis.clients.jedis.HostAndPort
1603:             7            168  sun.management.counter.Units
1604:             7            168  sun.security.jca.GetInstance$Instance
1605:             7            168  sun.security.x509.NetscapeCertTypeExtension$MapEntry
1606:             4            160  [Ljava.lang.invoke.BoundMethodHandle$SpeciesData;
1607:             7            160  [Lorg.aspectj.weaver.TypeVariable;
1608:             4            160  [Lorg.hibernate.engine.spi.Status;
1609:             4            160  cn.nubia.framework.validator.internal.metadata.core.AnnotationProcessingOptionsImpl
1610:             4            160  cn.nubia.framework.validator.messageinterpolation.ResourceBundleMessageInterpolator
1611:             4            160  com.fasterxml.jackson.core.Base64Variant
1612:             4            160  com.fasterxml.jackson.core.Base64Variant
1613:            10            160  com.google.gson.TypeAdapter$1
1614:            10            160  com.google.gson.TypeAdapter$1
1615:             2            160  com.nubia.channel.mvc.controller.app.LoginController$$EnhancerBySpringCGLIB$$492a97cf
1616:             5            160  com.sun.org.apache.xpath.internal.objects.XNumber
1617:            10            160  java.lang.ClassLoader$2
1618:             5            160  java.lang.StringCoding$StringEncoder
1619:             4            160  java.lang.invoke.DirectMethodHandle$Constructor
1620:             5            160  java.lang.reflect.WeakCache$Factory
1621:             5            160  java.util.concurrent.CountDownLatch$Sync
1622:            10            160  java.util.concurrent.atomic.AtomicLongArray
1623:             5            160  java.util.regex.Pattern$3
1624:             5            160  javax.management.MBeanNotificationInfo
1625:             5            160  javax.management.StandardEmitterMBean
1626:             2            160  org.apache.catalina.authenticator.BasicAuthenticator
1627:             2            160  org.apache.catalina.authenticator.NonLoginAuthenticator
1628:             4            160  org.apache.catalina.startup.HostConfig$DeployedApplication
1629:             5            160  org.apache.log4j.helpers.PatternParser$LiteralPatternConverter
1630:             5            160  org.apache.log4j.helpers.PatternParser$LiteralPatternConverter
1631:             5            160  org.apache.tomcat.util.collections.SynchronizedStack
1632:             5            160  org.aspectj.weaver.patterns.ModifiersPattern
1633:             5            160  org.hibernate.LockOptions
1634:             1            160  org.hibernate.hql.internal.ast.HqlSqlWalker
1635:             2            160  org.hibernate.mapping.ManyToOne
1636:             2            160  org.springframework.aop.aspectj.AspectJMethodBeforeAdvice
1637:             2            160  org.springframework.aop.aspectj.AspectJMethodBeforeAdvice
1638:             2            160  org.springframework.context.support.PropertySourcesPlaceholderConfigurer
1639:            10            160  org.springframework.core.convert.support.CollectionToArrayConverter
1640:            10            160  org.springframework.core.convert.support.CollectionToStringConverter
1641:             4            160  org.springframework.transaction.interceptor.TransactionInterceptor
1642:             4            160  org.springframework.util.AntPathMatcher
1643:             5            160  org.springframework.util.PropertyPlaceholderHelper
1644:            10            160  org.springframework.web.accept.HeaderContentNegotiationStrategy
1645:             4            160  org.springframework.web.bind.support.ConfigurableWebBindingInitializer
1646:             2            160  org.springframework.web.servlet.mvc.method.annotation.ExceptionHandlerExceptionResolver
1647:             2            160  org.springframework.web.servlet.mvc.method.annotation.ExceptionHandlerExceptionResolver
1648:             4            160  sun.misc.FloatingDecimal$BinaryToASCIIBuffer
1649:             5            160  sun.reflect.generics.repository.ConstructorRepository
1650:             4            160  sun.rmi.transport.WeakRef
1651:             4            160  sun.security.x509.AuthorityKeyIdentifierExtension
1652:             5            160  sun.util.locale.provider.LocaleProviderAdapter$Type
1653:             3            152  [Ljava.lang.Thread;
1654:             5            152  [Ljava.util.EnumMap;
1655:             1            152  org.apache.ibatis.session.Configuration
1656:             3            144  [F
1657:             1            144  [Lcom.fasterxml.jackson.core.sym.CharsToNameCanonicalizer$Bucket;
1658:             1            144  [Lcom.fasterxml.jackson.core.sym.CharsToNameCanonicalizer$Bucket;
1659:             2            144  [Ljava.math.BigDecimal;
1660:             5            144  [Ljavax.persistence.CascadeType;
1661:             6            144  [Lorg.apache.catalina.mapper.Mapper$ContextVersion;
1662:             3            144  [Lorg.apache.tomcat.util.modeler.AttributeInfo;
1663:             8            144  [Lorg.aspectj.weaver.tools.PointcutParameter;
1664:             2            144  com.alibaba.druid.stat.JdbcDataSourceStat
1665:             2            144  com.alibaba.druid.stat.JdbcResultSetStat
1666:             2            144  com.alibaba.druid.stat.JdbcStatementStat
1667:             6            144  com.fasterxml.jackson.annotation.JsonAutoDetect$Visibility
1668:             6            144  com.fasterxml.jackson.annotation.JsonAutoDetect$Visibility
1669:             6            144  com.fasterxml.jackson.core.JsonParser$NumberType
1670:             6            144  com.fasterxml.jackson.core.JsonParser$NumberType
1671:             2            144  com.nubia.channel.controller.CustomerSearchController
1672:             2            144  com.nubia.channel.controller.MixedDataAnalysisController
1673:             2            144  com.nubia.channel.mvc.controller.app.CityController$$EnhancerBySpringCGLIB$$c0372a41
1674:             6            144  com.sun.org.apache.xerces.internal.util.Status
1675:             6            144  com.sun.org.apache.xml.internal.utils.NSInfo
1676:             9            144  com.sun.proxy.$Proxy53
1677:             3            144  java.lang.invoke.Invokers
1678:             3            144  java.net.SocketInputStream
1679:             3            144  java.net.SocketOutputStream
1680:             6            144  java.time.format.DateTimeFormatterBuilder$LocalizedPrinterParser
1681:             9            144  java.util.concurrent.ConcurrentHashMap$EntrySetView
1682:             6            144  java.util.concurrent.ConcurrentSkipListMap$Node
1683:             6            144  java.util.regex.Pattern$7
1684:             9            144  java.util.regex.Pattern$Dot
1685:             6            144  java.util.regex.Pattern$SingleI
1686:             6            144  javax.persistence.CascadeType
1687:             6            144  javax.persistence.CascadeType
1688:             6            144  javax.validation.executable.ExecutableType
1689:             6            144  javax.validation.executable.ExecutableType
1690:             6            144  org.apache.catalina.core.ApplicationContextFacade
1691:             6            144  org.apache.catalina.core.StandardContext$ContextFilterMaps
1692:             6            144  org.apache.catalina.mapper.Mapper$MappedContext
1693:             6            144  org.apache.catalina.startup.CredentialHandlerRuleSet
1694:             3            144  org.apache.catalina.util.Extension
1695:             9            144  org.apache.ibatis.logging.slf4j.Slf4jImpl
1696:             9            144  org.apache.ibatis.logging.slf4j.Slf4jLocationAwareLoggerImpl
1697:             6            144  org.apache.jasper.compiler.TagPluginManager
1698:             6            144  org.apache.tomcat.util.bcel.classfile.ConstantDouble
1699:             9            144  org.apache.tomcat.util.descriptor.tld.TldParser
1700:             9            144  org.apache.tomcat.util.descriptor.tld.TldRuleSet
1701:             6            144  org.apache.tomcat.util.descriptor.web.SetDenyUncoveredHttpMethodsRule
1702:             6            144  org.apache.tomcat.util.scan.StandardJarScanner
1703:             6            144  org.apache.tomcat.websocket.server.UriTemplate
1704:             6            144  org.apache.tomcat.websocket.server.WsServerContainer$WsThreadFactory
1705:             6            144  org.aspectj.lang.reflect.PerClauseKind
1706:             6            144  org.aspectj.lang.reflect.PerClauseKind
1707:             2            144  org.hibernate.boot.registry.classloading.internal.ClassLoaderServiceImpl$AggregatedClassLoader
1708:             2            144  org.hibernate.boot.registry.classloading.internal.ClassLoaderServiceImpl$AggregatedClassLoader
1709:             6            144  org.hibernate.engine.spi.Status
1710:             3            144  org.hibernate.tuple.component.PojoComponentTuplizer
1711:             6            144  org.jboss.logging.Logger$Level
1712:             6            144  org.jboss.logging.Logger$Level
1713:             6            144  org.springframework.aop.aspectj.annotation.AbstractAspectJAdvisorFactory$AspectJAnnotationType
1714:             6            144  org.springframework.aop.aspectj.annotation.AbstractAspectJAdvisorFactory$AspectJAnnotationType
1715:             2            144  org.springframework.beans.factory.support.ManagedMap
1716:             6            144  org.springframework.context.support.MessageSourceAccessor
1717:             6            144  org.springframework.core.convert.support.ArrayToArrayConverter
1718:             6            144  org.springframework.core.convert.support.GenericConversionService$Converters
1719:             6            144  org.springframework.http.converter.json.Jackson2ObjectMapperFactoryBean
1720:             6            144  org.springframework.web.method.annotation.RequestHeaderMethodArgumentResolver
1721:             6            144  org.springframework.web.method.support.HandlerMethodArgumentResolverComposite
1722:             2            144  org.springframework.web.servlet.handler.BeanNameUrlHandlerMapping
1723:             6            144  org.springframework.web.servlet.mvc.method.annotation.RequestPartMethodArgumentResolver
1724:             6            144  org.springframework.web.util.UrlPathHelper
1725:             6            144  sun.misc.PerfCounter
1726:             1            136  [Lcom.sun.org.apache.xerces.internal.impl.dv.xs.TypeValidator;
1727:             1            136  [Ljava.time.temporal.ChronoField;
1728:             4            128  [Ljava.rmi.server.Operation;
1729:             2            128  [Lorg.hibernate.annotations.CascadeType;
1730:             2            128  [Lorg.hibernate.annotations.CascadeType;
1731:             2            128  cn.nubia.framework.validator.internal.engine.ValidatorFactoryImpl
1732:             4            128  cn.nubia.framework.validator.internal.metadata.BeanMetaDataManager
1733:             4            128  cn.nubia.framework.validator.internal.metadata.provider.AnnotationMetaDataProvider
1734:             8            128  cn.nubia.framework.validator.resourceloading.PlatformResourceBundleLocator
1735:             2            128  com.alibaba.druid.stat.JdbcDataSourceStat$1
1736:             4            128  com.alibaba.druid.support.logging.Log4jImpl
1737:             2            128  com.fasterxml.classmate.util.ResolvedTypeCache$CacheMap
1738:             4            128  com.fasterxml.jackson.databind.ser.SerializerCache$TypeKey
1739:             2            128  com.nubia.channel.controller.CustomOrderController
1740:             2            128  com.nubia.channel.controller.ModelController
1741:             2            128  com.nubia.channel.controller.RegionDataAnalysisController
1742:             2            128  com.nubia.channel.mvc.controller.app.TrendController$$EnhancerBySpringCGLIB$$45dea683
1743:             4            128  com.sun.jmx.mbeanserver.DefaultMXBeanMappingFactory$ArrayMapping
1744:             4            128  com.sun.jmx.mbeanserver.DefaultMXBeanMappingFactory$CollectionMapping
1745:             4            128  com.sun.org.apache.xerces.internal.dom.NodeListCache
1746:             2            128  com.sun.org.apache.xerces.internal.impl.xpath.regex.RegularExpression
1747:             8            128  com.sun.org.apache.xerces.internal.utils.SecuritySupport$1
1748:             8            128  com.sun.org.apache.xerces.internal.utils.SecuritySupport$2
1749:             8            128  com.sun.proxy.$Proxy129
1750:             8            128  com.sun.proxy.$Proxy44
1751:             2            128  java.io.ExpiringCache$1
1752:             4            128  java.lang.StringCoding$StringDecoder
1753:             4            128  java.util.Random
1754:             2            128  javax.management.remote.rmi.RMIConnectorServer
1755:             1            128  org.apache.catalina.core.StandardEngine
1756:             1            128  org.apache.coyote.http11.Http11NioProtocol
1757:             4            128  org.apache.tomcat.util.descriptor.web.LoginConfig
1758:             4            128  org.aspectj.weaver.internal.tools.PointcutExpressionImpl
1759:             2            128  org.aspectj.weaver.patterns.AndPointcut
1760:             8            128  org.aspectj.weaver.reflect.ReflectionWorld$ExceptionBasedMessageHandler
1761:             8            128  org.aspectj.weaver.tools.DefaultMatchingContext
1762:             4            128  org.hibernate.LockOptions
1763:             2            128  org.hibernate.cfg.Configuration$MappingsImpl
1764:             2            128  org.hibernate.cfg.Configuration$MappingsImpl
1765:             4            128  org.hibernate.cfg.beanvalidation.GroupsPerOperation$Operation
1766:             4            128  org.hibernate.cfg.beanvalidation.GroupsPerOperation$Operation
1767:             1            128  org.hibernate.hql.internal.ast.tree.FromElement
1768:             4            128  org.hibernate.metamodel.relational.Size$LobMultiplier
1769:             4            128  org.hibernate.metamodel.relational.Size$LobMultiplier
1770:             8            128  org.springframework.aop.aspectj.AspectJExpressionPointcut$BeanNamePointcutDesignatorHandler
1771:             2            128  org.springframework.context.annotation.ConfigurationClassPostProcessor
1772:             2            128  org.springframework.context.annotation.ConfigurationClassPostProcessor
1773:             4            128  org.springframework.context.event.AbstractApplicationEventMulticaster$ListenerRetriever
1774:             4            128  org.springframework.context.event.AbstractApplicationEventMulticaster$ListenerRetriever
1775:             2            128  org.springframework.core.type.classreading.CachingMetadataReaderFactory$1
1776:             2            128  org.springframework.core.type.classreading.CachingMetadataReaderFactory$1
1777:             4            128  org.springframework.core.type.filter.AnnotationTypeFilter
1778:             4            128  org.springframework.core.type.filter.AnnotationTypeFilter
1779:             4            128  org.springframework.expression.spel.SpelParserConfiguration
1780:             4            128  org.springframework.expression.spel.SpelParserConfiguration
1781:             4            128  org.springframework.http.converter.StringHttpMessageConverter
1782:             4            128  org.springframework.http.converter.xml.SourceHttpMessageConverter
1783:             8            128  org.springframework.web.servlet.mvc.method.annotation.ModelAndViewMethodReturnValueHandler
1784:             8            128  org.springframework.web.servlet.mvc.method.annotation.ViewMethodReturnValueHandler
1785:             8            128  org.springframework.web.servlet.mvc.method.annotation.ViewNameMethodReturnValueHandler
1786:             2            128  org.springframework.web.servlet.view.AbstractCachingViewResolver$2
1787:             2            128  org.springframework.web.servlet.view.AbstractCachingViewResolver$2
1788:             2            128  sun.nio.cs.ext.DoubleByte$Encoder_DBCSONLY
1789:             4            128  sun.rmi.transport.LiveRef
1790:             4            128  sun.security.x509.NetscapeCertTypeExtension
1791:             4            128  sun.security.x509.URIName
1792:             6            120  [Lorg.apache.tomcat.util.descriptor.web.ContextEnvironment;
1793:             5            120  cn.nubia.framework.validator.internal.metadata.raw.ConstrainedElement$ConstrainedElementKind
1794:             5            120  cn.nubia.framework.validator.internal.metadata.raw.ConstrainedElement$ConstrainedElementKind
1795:             3            120  com.google.gson.Gson
1796:             3            120  com.google.gson.Gson
1797:             5            120  com.mysql.jdbc.StringUtils$SearchMode
1798:             5            120  com.nubia.channel.datasource.DataSourceType
1799:             5            120  com.nubia.channel.datasource.DataSourceType
1800:             5            120  com.sun.org.apache.xalan.internal.utils.FeaturePropertyBase$State
1801:             5            120  com.sun.org.apache.xalan.internal.utils.XMLSecurityManager$State
1802:             5            120  com.sun.org.apache.xerces.internal.impl.xs.traversers.LargeContainer
1803:             5            120  com.sun.org.apache.xerces.internal.utils.XMLSecurityManager$State
1804:             5            120  com.sun.org.apache.xerces.internal.utils.XMLSecurityPropertyManager$State
1805:             3            120  freemarker.ext.beans.BeansModelCache
1806:             3            120  java.lang.invoke.DirectMethodHandle$Accessor
1807:             5            120  java.rmi.server.ObjID
1808:             5            120  java.time.format.SignStyle
1809:             5            120  java.util.concurrent.FutureTask$WaitNode
1810:             5            120  java.util.concurrent.atomic.AtomicMarkableReference$Pair
1811:             5            120  java.util.regex.Pattern$Ques
1812:             5            120  java.util.stream.StreamOpFlag$Type
1813:             5            120  javax.persistence.SharedCacheMode
1814:             5            120  javax.persistence.SharedCacheMode
1815:             5            120  javax.servlet.DispatcherType
1816:             5            120  javax.xml.namespace.QName
1817:             5            120  org.apache.catalina.webresources.AbstractArchiveResource$JarInputStreamWrapper
1818:             5            120  org.apache.ibatis.mapping.SqlCommandType
1819:             5            120  org.apache.ibatis.type.StringTypeHandler
1820:             1            120  org.aspectj.weaver.ResolvedPointcutDefinition
1821:             1            120  org.aspectj.weaver.ResolvedPointcutDefinition
1822:             5            120  org.hibernate.CacheMode
1823:             5            120  org.hibernate.FlushMode
1824:             5            120  org.hibernate.engine.transaction.spi.LocalStatus
1825:             5            120  org.hibernate.sql.JoinType
1826:             5            120  org.hibernate.sql.JoinType
1827:             5            120  org.hibernate.tuple.PropertyFactory$NonIdentifierAttributeNature
1828:             5            120  org.hibernate.tuple.PropertyFactory$NonIdentifierAttributeNature
1829:             3            120  org.springframework.aop.support.DefaultBeanFactoryPointcutAdvisor
1830:             3            120  org.springframework.beans.factory.annotation.AutowiredAnnotationBeanPostProcessor$AutowiredFieldElement
1831:             5            120  org.springframework.core.NamedThreadLocal
1832:             5            120  org.springframework.core.convert.support.ArrayToArrayConverter
1833:             5            120  org.springframework.core.convert.support.DefaultConversionService
1834:             5            120  org.springframework.core.convert.support.GenericConversionService$Converters
1835:             5            120  org.springframework.core.env.MutablePropertySources
1836:             5            120  org.springframework.jndi.JndiTemplate
1837:             5            120  org.springframework.jndi.JndiTemplate
1838:             5            120  sun.misc.FloatingDecimal$PreparedASCIIToBinaryBuffer
1839:             5            120  sun.misc.ProxyGenerator$ConstantPool
1840:             3            120  sun.reflect.UnsafeQualifiedStaticLongFieldAccessorImpl
1841:             5            120  sun.reflect.annotation.AnnotationType$1
1842:             5            120  sun.reflect.generics.scope.ConstructorScope
1843:             5            120  sun.security.jca.ServiceId
1844:             3            120  sun.security.rsa.RSAPublicKeyImpl
1845:             5            120  sun.util.resources.ParallelListResourceBundle$KeySet
1846:             3            112  [Ljava.lang.ThreadGroup;
1847:             2            112  [Ljava.lang.invoke.MethodType;
1848:             1            112  [Lorg.apache.ibatis.ognl.IntHashMap$Entry;
1849:             2            112  cn.nubia.framework.validator.internal.engine.ValidatorImpl
1850:             2            112  com.nubia.channel.controller.BasicDataController
1851:             2            112  com.nubia.channel.controller.CustomerMaintenanceController
1852:             2            112  com.nubia.channel.controller.ElsewhereController
1853:             2            112  com.nubia.channel.mvc.controller.app.CustomerOrderController$$EnhancerBySpringCGLIB$$cfc72fd6
1854:             2            112  com.nubia.channel.mvc.controller.app.EmployeeController$$EnhancerBySpringCGLIB$$ed9cbe64
1855:             2            112  com.nubia.channel.mvc.controller.app.ProductController
1856:             2            112  com.nubia.channel.mvc.controller.app.StoreController$$EnhancerBySpringCGLIB$$cc51f447
1857:             7            112  java.security.AllPermission
1858:             7            112  java.util.TreeMap$Values
1859:             7            112  java.util.concurrent.SynchronousQueue$TransferStack
1860:             2            112  javax.management.remote.rmi.RMIJRMPServerImpl
1861:             7            112  javax.xml.parsers.FactoryFinder$1
1862:             7            112  javax.xml.parsers.SecuritySupport$1
1863:             1            112  org.apache.catalina.connector.Connector
1864:             1            112  org.apache.catalina.core.StandardServer
1865:             7            112  org.apache.ibatis.executor.keygen.NoKeyGenerator
1866:             7            112  org.aspectj.weaver.UnresolvedType$TypeKind
1867:             7            112  org.aspectj.weaver.UnresolvedType$TypeKind
1868:             2            112  org.aspectj.weaver.patterns.AnnotationPointcut
1869:             1            112  org.hibernate.loader.hql.QueryLoader
1870:             2            112  org.hibernate.mapping.SyntheticProperty
1871:             2            112  org.springframework.aop.aspectj.annotation.InstantiationModelAwarePointcutAdvisorImpl
1872:             2            112  org.springframework.beans.factory.support.ManagedProperties
1873:             2            112  org.springframework.beans.factory.support.ManagedProperties
1874:             7            112  org.springframework.cglib.transform.impl.UndeclaredThrowableStrategy
1875:             2            112  org.springframework.context.annotation.CommonAnnotationBeanPostProcessor
1876:             2            112  org.springframework.context.annotation.CommonAnnotationBeanPostProcessor
1877:             7            112  org.springframework.core.$Proxy58
1878:             2            112  org.springframework.expression.spel.support.StandardEvaluationContext
1879:             2            112  org.springframework.expression.spel.support.StandardEvaluationContext
1880:             7            112  org.springframework.objenesis.instantiator.sun.SunReflectionFactoryInstantiator
1881:             2            112  org.springframework.orm.hibernate4.HibernateTransactionManager
1882:             2            112  org.springframework.orm.jpa.support.PersistenceAnnotationBeanPostProcessor
1883:             2            112  org.springframework.orm.jpa.support.PersistenceAnnotationBeanPostProcessor
1884:             2            112  org.springframework.validation.beanvalidation.OptionalValidatorFactoryBean
1885:             1            112  org.springframework.web.servlet.DispatcherServlet
1886:             1            112  org.springframework.web.servlet.DispatcherServlet
1887:             2            112  sun.nio.cs.ext.DoubleByte$Decoder_DBCSONLY
1888:             7            112  sun.reflect.ClassDefiner$1
1889:             7            112  sun.security.x509.GeneralName
1890:             1            104  [Lcom.nubia.channel.controller.CustomerSearchController$ExcelTitle;
1891:             1            104  com.nubia.channel.controller.CustomerSearchController$$EnhancerBySpringCGLIB$$8d6c23c
1892:             1            104  com.nubia.channel.controller.CustomerSearchController$$EnhancerBySpringCGLIB$$944f88a5
1893:             1            104  com.nubia.channel.controller.MixedDataAnalysisController$$EnhancerBySpringCGLIB$$810cf502
1894:             1            104  com.nubia.channel.controller.MixedDataAnalysisController$$EnhancerBySpringCGLIB$$f5942e99
1895:             1            104  org.apache.tomcat.util.net.SocketProperties
1896:             1            104  org.hibernate.loader.entity.EntityLoader
1897:             1            104  org.hibernate.mapping.Component
1898:             1             96  [Lcom.alibaba.druid.pool.DruidConnectionHolder;
1899:             1             96  [Lcom.sun.org.apache.xerces.internal.impl.xpath.regex.RegularExpression;
1900:             4             96  [Ljava.lang.ClassLoader;
1901:             4             96  [Lorg.apache.tomcat.util.bcel.classfile.AnnotationEntry;
1902:             6             96  [Lorg.apache.tomcat.util.descriptor.web.ApplicationParameter;
1903:             6             96  [Lorg.apache.tomcat.util.descriptor.web.ContextEjb;
1904:             6             96  [Lorg.apache.tomcat.util.descriptor.web.ContextResource;
1905:             6             96  [Lorg.apache.tomcat.util.descriptor.web.ContextResourceEnvRef;
1906:             6             96  [Lorg.apache.tomcat.util.descriptor.web.ContextService;
1907:             6             96  [Lorg.springframework.web.context.request.async.CallableProcessingInterceptor;
1908:             6             96  [Lorg.springframework.web.context.request.async.DeferredResultProcessingInterceptor;
1909:             1             96  [[J
1910:             4             96  cn.nubia.framework.validator.internal.engine.constraintvalidation.ConstraintValidatorManager
1911:             4             96  cn.nubia.framework.validator.internal.metadata.core.ConstraintHelper
1912:             4             96  com.fasterxml.jackson.annotation.JsonInclude$Include
1913:             3             96  com.fasterxml.jackson.databind.PropertyMetadata
1914:             4             96  com.fasterxml.jackson.databind.ser.impl.JsonSerializerMap$Bucket
1915:             3             96  com.mysql.jdbc.Buffer
1916:             3             96  com.nubia.channel.cache.AutoLoadQueueSortType
1917:             1             96  com.nubia.channel.controller.CustomOrderController$$EnhancerBySpringCGLIB$$22a25d5e
1918:             1             96  com.nubia.channel.controller.CustomOrderController$$EnhancerBySpringCGLIB$$972996f5
1919:             1             96  com.nubia.channel.controller.ModelController$$EnhancerBySpringCGLIB$$89aaf66a
1920:             1             96  com.nubia.channel.controller.ModelController$$EnhancerBySpringCGLIB$$fe323001
1921:             1             96  com.nubia.channel.controller.RegionDataAnalysisController$$EnhancerBySpringCGLIB$$4a7e9d0
1922:             1             96  com.nubia.channel.controller.RegionDataAnalysisController$$EnhancerBySpringCGLIB$$9020b039
1923:             2             96  com.nubia.channel.controller.StoreController
1924:             2             96  com.nubia.channel.controller.SystemExportController
1925:             2             96  com.nubia.channel.mvc.controller.app.LoginController
1926:             4             96  com.nubia.channel.mvc.convert.JsonConverter
1927:             2             96  com.nubia.rbac.controller.RBACController
1928:             1             96  com.sun.crypto.provider.SunJCE
1929:             3             96  com.sun.jmx.mbeanserver.DefaultMXBeanMappingFactory$EnumMapping
1930:             2             96  com.sun.jmx.mbeanserver.MBeanIntrospector$MBeanInfoMap
1931:             2             96  com.sun.jmx.mbeanserver.MBeanIntrospector$PerInterfaceMap
1932:             4             96  com.sun.jmx.mbeanserver.StandardMBeanSupport
1933:             1             96  com.sun.net.ssl.internal.ssl.Provider
1934:             3             96  com.sun.org.apache.xalan.internal.utils.XMLSecurityManager$NameMap
1935:             4             96  com.sun.org.apache.xerces.internal.impl.xpath.regex.Token$ParenToken
1936:             4             96  com.sun.org.apache.xerces.internal.impl.xpath.regex.Token$UnionToken
1937:             3             96  com.sun.org.apache.xerces.internal.utils.XMLSecurityManager$NameMap
1938:             6             96  com.sun.proxy.$Proxy47
1939:             1             96  com.sun.security.sasl.Provider
1940:             3             96  freemarker.ext.beans.StaticModels
1941:             3             96  freemarker.ext.beans._EnumModels
1942:             3             96  java.io.FileNotFoundException
1943:             6             96  java.io.FilePermission$1
1944:             3             96  java.io.ObjectStreamClass$WeakClassKey
1945:             4             96  java.lang.Double
1946:             3             96  java.lang.invoke.BoundMethodHandle$SpeciesData
1947:             3             96  java.lang.invoke.BoundMethodHandle$Species_LL
1948:             4             96  java.math.MathContext
1949:             4             96  java.net.InetAddress
1950:             3             96  java.nio.file.attribute.FileTime
1951:             3             96  java.security.BasicPermissionCollection
1952:             4             96  java.sql.SQLPermission
1953:             3             96  java.text.FieldPosition
1954:             4             96  java.text.Normalizer$Form
1955:             4             96  java.time.format.DateTimeFormatterBuilder$OffsetIdPrinterParser
1956:             4             96  java.time.format.DateTimeFormatterBuilder$SettingsParser
1957:             4             96  java.time.format.FormatStyle
1958:             3             96  java.util.LinkedHashMap$LinkedValueIterator
1959:             3             96  java.util.TreeMap$ValueIterator
1960:             2             96  java.util.WeakHashMap$EntryIterator
1961:             6             96  java.util.concurrent.ConcurrentSkipListSet
1962:             4             96  java.util.concurrent.Executors$DefaultThreadFactory
1963:             2             96  java.util.concurrent.ThreadPoolExecutor$Worker
1964:             4             96  java.util.stream.StreamShape
1965:             2             96  javax.management.openmbean.TabularType
1966:             2             96  javax.naming.NameAlreadyBoundException
1967:             4             96  javax.naming.NameImplEnumerator
1968:             4             96  javax.persistence.GenerationType
1969:             4             96  javax.persistence.GenerationType
1970:             6             96  javax.servlet.ServletContextEvent
1971:             4             96  org.apache.catalina.WebResourceRoot$ResourceSetType
1972:             6             96  org.apache.catalina.core.StandardContext$NoPluggabilityServletContext
1973:             6             96  org.apache.catalina.core.StandardHost$MemoryLeakTrackingListener
1974:             4             96  org.apache.catalina.startup.ClassLoaderFactory$RepositoryType
1975:             6             96  org.apache.catalina.util.CharsetMapper
1976:             6             96  org.apache.commons.pool2.impl.DefaultEvictionPolicy
1977:             6             96  org.apache.commons.pool2.impl.DefaultEvictionPolicy
1978:             3             96  org.apache.commons.pool2.impl.EvictionConfig
1979:             6             96  org.apache.commons.pool2.impl.InterruptibleReentrantLock
1980:             6             96  org.apache.commons.pool2.impl.InterruptibleReentrantLock
1981:             3             96  org.apache.commons.pool2.impl.LinkedBlockingDeque$DescendingItr
1982:             4             96  org.apache.ibatis.type.BigDecimalTypeHandler
1983:             4             96  org.apache.ibatis.type.BlobTypeHandler
1984:             4             96  org.apache.ibatis.type.BooleanTypeHandler
1985:             4             96  org.apache.ibatis.type.ClobTypeHandler
1986:             4             96  org.apache.ibatis.type.NStringTypeHandler
1987:             6             96  org.apache.jasper.servlet.JasperInitializer
1988:             3             96  org.apache.jasper.servlet.TldScanner
1989:             4             96  org.apache.tomcat.util.bcel.classfile.AnnotationEntry
1990:             4             96  org.apache.tomcat.util.bcel.classfile.ElementValuePair
1991:             4             96  org.apache.tomcat.util.bcel.classfile.SimpleElementValue
1992:             3             96  org.apache.tomcat.util.buf.UDecoder$DecodeException
1993:             3             96  org.apache.tomcat.util.collections.SynchronizedQueue
1994:             4             96  org.apache.tomcat.util.net.AbstractEndpoint$Acceptor$AcceptorState
1995:             2             96  org.apache.tomcat.util.net.NioEndpoint$Poller
1996:             4             96  org.apache.tomcat.util.net.jsse.openssl.Protocol
1997:             1             96  org.apache.tomcat.util.threads.ThreadPoolExecutor
1998:             4             96  org.apache.tomcat.websocket.pojo.PojoPathParam
1999:             6             96  org.apache.tomcat.websocket.server.WsContextListener
2000:             6             96  org.apache.tomcat.websocket.server.WsFilter
2001:             6             96  org.apache.tomcat.websocket.server.WsSci
2002:             6             96  org.apache.tomcat.websocket.server.WsSessionListener
2003:             6             96  org.apache.tomcat.websocket.server.WsWriteTimeout$EndpointComparator
2004:             4             96  org.aspectj.weaver.World$AspectPrecedenceCalculator
2005:             2             96  org.aspectj.weaver.patterns.BindingAnnotationTypePattern
2006:             2             96  org.aspectj.weaver.patterns.ExactTypePattern
2007:             2             96  org.aspectj.weaver.patterns.ExactTypePattern
2008:             3             96  org.aspectj.weaver.patterns.ModifiersPattern
2009:             4             96  org.hibernate.MultiTenancyStrategy
2010:             4             96  org.hibernate.MultiTenancyStrategy
2011:             4             96  org.hibernate.annotations.OptimisticLockType
2012:             4             96  org.hibernate.annotations.OptimisticLockType
2013:             4             96  org.hibernate.cache.spi.access.AccessType
2014:             4             96  org.hibernate.cache.spi.access.AccessType
2015:             4             96  org.hibernate.cfg.AnnotatedClassType
2016:             4             96  org.hibernate.cfg.AnnotatedClassType
2017:             4             96  org.hibernate.cfg.beanvalidation.ValidationMode
2018:             4             96  org.hibernate.cfg.beanvalidation.ValidationMode
2019:             4             96  org.hibernate.dialect.TypeNames
2020:             4             96  org.hibernate.dialect.TypeNames
2021:             4             96  org.hibernate.engine.FetchStyle
2022:             4             96  org.hibernate.engine.FetchStyle
2023:             4             96  org.hibernate.engine.OptimisticLockStyle
2024:             4             96  org.hibernate.engine.OptimisticLockStyle
2025:             3             96  org.hibernate.engine.jdbc.internal.FormatStyle
2026:             3             96  org.hibernate.engine.spi.EntityEntry$BooleanState
2027:             3             96  org.hibernate.engine.spi.EntityEntry$EnumState
2028:             3             96  org.hibernate.engine.transaction.jta.platform.internal.WebSphereJtaPlatform$WebSphereEnvironment
2029:             3             96  org.hibernate.engine.transaction.jta.platform.internal.WebSphereJtaPlatform$WebSphereEnvironment
2030:             1             96  org.hibernate.hql.internal.ast.tree.FromClause
2031:             1             96  org.hibernate.hql.internal.ast.tree.SelectClause
2032:             4             96  org.hibernate.hql.internal.ast.util.ASTPrinter
2033:             2             96  org.hibernate.service.internal.SessionFactoryServiceRegistryImpl
2034:             2             96  org.hibernate.service.internal.SessionFactoryServiceRegistryImpl
2035:             2             96  org.hibernate.tuple.entity.EntityBasedAssociationAttribute
2036:             4             96  org.hibernate.type.BasicTypeRegistry
2037:             4             96  org.hibernate.type.BasicTypeRegistry
2038:             4             96  org.hibernate.type.TypeResolver
2039:             4             96  org.hibernate.type.TypeResolver
2040:             1             96  org.jcp.xml.dsig.internal.dom.XMLDSigRI
2041:             3             96  org.mybatis.spring.SqlSessionTemplate
2042:             4             96  org.springframework.aop.aspectj.annotation.AspectMetadata
2043:             4             96  org.springframework.aop.aspectj.annotation.BeanFactoryAspectInstanceFactory
2044:             4             96  org.springframework.aop.aspectj.annotation.LazySingletonAspectInstanceFactoryDecorator
2045:             2             96  org.springframework.beans.factory.annotation.AutowiredAnnotationBeanPostProcessor
2046:             2             96  org.springframework.beans.factory.annotation.AutowiredAnnotationBeanPostProcessor
2047:             4             96  org.springframework.context.annotation.ScopedProxyMode
2048:             4             96  org.springframework.context.annotation.ScopedProxyMode
2049:             6             96  org.springframework.context.support.ApplicationContextAwareProcessor$EmbeddedValueResolver
2050:             6             96  org.springframework.core.DefaultParameterNameDiscoverer
2051:             6             96  org.springframework.core.LocalVariableTableParameterNameDiscoverer
2052:             6             96  org.springframework.core.SerializableTypeWrapper$1
2053:             6             96  org.springframework.core.StandardReflectionParameterNameDiscoverer
2054:             6             96  org.springframework.core.convert.support.ArrayToCollectionConverter
2055:             6             96  org.springframework.core.convert.support.ArrayToObjectConverter
2056:             6             96  org.springframework.core.convert.support.ArrayToStringConverter
2057:             6             96  org.springframework.core.convert.support.ByteBufferConverter
2058:             6             96  org.springframework.core.convert.support.CharacterToNumberFactory
2059:             6             96  org.springframework.core.convert.support.CollectionToCollectionConverter
2060:             6             96  org.springframework.core.convert.support.CollectionToObjectConverter
2061:             4             96  org.springframework.core.convert.support.DefaultConversionService
2062:             6             96  org.springframework.core.convert.support.EnumToStringConverter
2063:             6             96  org.springframework.core.convert.support.FallbackObjectToStringConverter
2064:             6             96  org.springframework.core.convert.support.IdToEntityConverter
2065:             6             96  org.springframework.core.convert.support.MapToMapConverter
2066:             6             96  org.springframework.core.convert.support.NumberToCharacterConverter
2067:             6             96  org.springframework.core.convert.support.NumberToNumberConverterFactory
2068:             6             96  org.springframework.core.convert.support.ObjectToArrayConverter
2069:             6             96  org.springframework.core.convert.support.ObjectToCollectionConverter
2070:             6             96  org.springframework.core.convert.support.ObjectToObjectConverter
2071:             6             96  org.springframework.core.convert.support.ObjectToOptionalConverter
2072:             6             96  org.springframework.core.convert.support.PropertiesToStringConverter
2073:             6             96  org.springframework.core.convert.support.StreamConverter
2074:             6             96  org.springframework.core.convert.support.StringToArrayConverter
2075:             6             96  org.springframework.core.convert.support.StringToBooleanConverter
2076:             6             96  org.springframework.core.convert.support.StringToCharacterConverter
2077:             6             96  org.springframework.core.convert.support.StringToCharsetConverter
2078:             6             96  org.springframework.core.convert.support.StringToCollectionConverter
2079:             6             96  org.springframework.core.convert.support.StringToCurrencyConverter
2080:             6             96  org.springframework.core.convert.support.StringToEnumConverterFactory
2081:             6             96  org.springframework.core.convert.support.StringToLocaleConverter
2082:             6             96  org.springframework.core.convert.support.StringToNumberConverterFactory
2083:             6             96  org.springframework.core.convert.support.StringToPropertiesConverter
2084:             6             96  org.springframework.core.convert.support.StringToTimeZoneConverter
2085:             6             96  org.springframework.core.convert.support.StringToUUIDConverter
2086:             6             96  org.springframework.core.convert.support.ZoneIdToTimeZoneConverter
2087:             6             96  org.springframework.core.convert.support.ZonedDateTimeToCalendarConverter
2088:             4             96  org.springframework.core.env.MutablePropertySources
2089:             4             96  org.springframework.core.io.ClassPathResource
2090:             4             96  org.springframework.http.converter.ByteArrayHttpMessageConverter
2091:             6             96  org.springframework.http.converter.json.SpringHandlerInstantiator
2092:             2             96  org.springframework.jdbc.core.JdbcTemplate
2093:             4             96  org.springframework.util.AntPathMatcher$PathSeparatorPatternCache
2094:             4             96  org.springframework.util.ConcurrentReferenceHashMap$TaskOption
2095:             4             96  org.springframework.util.ConcurrentReferenceHashMap$TaskOption
2096:             6             96  org.springframework.web.bind.support.DefaultSessionAttributeStore
2097:             3             96  org.springframework.web.context.support.StandardServletEnvironment
2098:             3             96  org.springframework.web.context.support.StandardServletEnvironment
2099:             6             96  org.springframework.web.method.annotation.ErrorsMethodArgumentResolver
2100:             4             96  org.springframework.web.method.annotation.ExpressionValueMethodArgumentResolver
2101:             6             96  org.springframework.web.method.annotation.MapMethodProcessor
2102:             6             96  org.springframework.web.method.annotation.ModelMethodProcessor
2103:             6             96  org.springframework.web.method.annotation.RequestHeaderMapMethodArgumentResolver
2104:             6             96  org.springframework.web.method.annotation.SessionStatusMethodArgumentResolver
2105:             4             96  org.springframework.web.method.support.HandlerMethodReturnValueHandlerComposite
2106:             6             96  org.springframework.web.servlet.mvc.method.annotation.AsyncTaskMethodReturnValueHandler
2107:             6             96  org.springframework.web.servlet.mvc.method.annotation.CallableMethodReturnValueHandler
2108:             6             96  org.springframework.web.servlet.mvc.method.annotation.DeferredResultMethodReturnValueHandler
2109:             6             96  org.springframework.web.servlet.mvc.method.annotation.HttpHeadersReturnValueHandler
2110:             6             96  org.springframework.web.servlet.mvc.method.annotation.JsonViewResponseBodyAdvice
2111:             6             96  org.springframework.web.servlet.mvc.method.annotation.ListenableFutureReturnValueHandler
2112:             4             96  org.springframework.web.servlet.mvc.method.annotation.MatrixVariableMethodArgumentResolver
2113:             4             96  org.springframework.web.servlet.mvc.method.annotation.PathVariableMethodArgumentResolver
2114:             6             96  org.springframework.web.servlet.mvc.method.annotation.RedirectAttributesMethodArgumentResolver
2115:             4             96  org.springframework.web.servlet.mvc.method.annotation.ServletModelAttributeMethodProcessor
2116:             6             96  org.springframework.web.servlet.mvc.method.annotation.ServletRequestMethodArgumentResolver
2117:             6             96  org.springframework.web.servlet.mvc.method.annotation.ServletResponseMethodArgumentResolver
2118:             6             96  org.springframework.web.servlet.mvc.method.annotation.UriComponentsBuilderMethodArgumentResolver
2119:             6             96  redis.clients.jedis.JedisPool
2120:             6             96  redis.clients.jedis.JedisPool
2121:             2             96  sun.management.GarbageCollectorImpl
2122:             4             96  sun.misc.URLClassPath$FileLoader
2123:             3             96  sun.net.spi.DefaultProxySelector$NonProxyInfo
2124:             3             96  sun.nio.ch.AllocatedNativeObject
2125:             1             96  sun.nio.ch.ServerSocketChannelImpl
2126:             3             96  sun.rmi.server.UnicastServerRef
2127:             4             96  sun.rmi.transport.ObjectEndpoint
2128:             3             96  sun.rmi.transport.tcp.TCPTransport
2129:             3             96  sun.rmi.transport.tcp.TCPTransport$AcceptLoop
2130:             1             96  sun.security.ec.SunEC
2131:             1             96  sun.security.jca.ProviderList$1
2132:             1             96  sun.security.rsa.SunRsaSign
2133:             1             96  sun.security.smartcardio.SunPCSC
2134:             4             96  sun.security.util.BitArray
2135:             4             96  sun.security.util.Cache$EqualByteArray
2136:             3             96  sun.security.x509.BasicConstraintsExtension
2137:             4             96  sun.security.x509.CertificateExtensions
2138:             4             96  sun.security.x509.CertificateValidity
2139:             6             96  sun.security.x509.KeyIdentifier
2140:             3             96  sun.security.x509.KeyUsageExtension
2141:             3             96  sun.security.x509.SubjectKeyIdentifierExtension
2142:             3             96  sun.util.locale.provider.LocaleResources
2143:             3             96  sun.util.locale.provider.LocaleServiceProviderPool
2144:             1             88  [Lsun.security.util.ObjectIdentifier;
2145:             1             88  [[Ljava.lang.Byte;
2146:             1             88  com.alibaba.druid.pool.DruidConnectionHolder
2147:             1             88  com.nubia.channel.controller.BasicDataController$$EnhancerBySpringCGLIB$$283e9219
2148:             1             88  com.nubia.channel.controller.BasicDataController$$EnhancerBySpringCGLIB$$9cc5cbb0
2149:             1             88  com.nubia.channel.controller.CustomerMaintenanceController$$EnhancerBySpringCGLIB$$302b82ed
2150:             1             88  com.nubia.channel.controller.CustomerMaintenanceController$$EnhancerBySpringCGLIB$$bba44956
2151:             1             88  com.nubia.channel.controller.ElsewhereController$$EnhancerBySpringCGLIB$$12365dc6
2152:             1             88  com.nubia.channel.controller.ElsewhereController$$EnhancerBySpringCGLIB$$9daf242f
2153:             1             88  com.sun.org.apache.xerces.internal.dom.DeferredDocumentTypeImpl
2154:             1             88  org.apache.catalina.authenticator.FormAuthenticator
2155:             1             88  org.mybatis.spring.SqlSessionFactoryBean
2156:             1             88  sun.misc.Launcher$AppClassLoader
2157:             1             88  sun.misc.Launcher$ExtClassLoader
2158:             1             88  sun.nio.cs.CharsetMapping
2159:             2             80  [Lcn.nubia.framework.validator.internal.metadata.raw.ConstrainedElement$ConstrainedElementKind;
2160:             2             80  [Lcn.nubia.framework.validator.internal.metadata.raw.ConstrainedElement$ConstrainedElementKind;
2161:             2             80  [Lcom.fasterxml.jackson.annotation.JsonAutoDetect$Visibility;
2162:             2             80  [Lcom.fasterxml.jackson.annotation.JsonAutoDetect$Visibility;
2163:             3             80  [Lcom.fasterxml.jackson.databind.ser.BeanPropertyWriter;
2164:             2             80  [Lcom.mysql.jdbc.StringUtils$SearchMode;
2165:             1             80  [Lcom.nubia.channel.controller.BasicDataController$ExcelTitle;
2166:             1             80  [Lcom.nubia.channel.controller.StoreUpgradeController$ExcelDetailTitle;
2167:             2             80  [Lcom.nubia.channel.datasource.DataSourceType;
2168:             2             80  [Lcom.nubia.channel.datasource.DataSourceType;
2169:             1             80  [Ljava.time.temporal.ChronoUnit;
2170:             1             80  [Ljava.util.concurrent.RunnableScheduledFuture;
2171:             2             80  [Ljava.util.stream.StreamOpFlag$Type;
2172:             2             80  [Ljavax.servlet.DispatcherType;
2173:             2             80  [Ljavax.validation.executable.ExecutableType;
2174:             2             80  [Ljavax.validation.executable.ExecutableType;
2175:             1             80  [Ljavax.websocket.CloseReason$CloseCodes;
2176:             2             80  [Lorg.apache.ibatis.mapping.SqlCommandType;
2177:             1             80  [Lorg.apache.tomcat.util.net.jsse.openssl.Encryption;
2178:             2             80  cn.nubia.framework.validator.internal.metadata.core.AnnotationProcessingOptionsImpl
2179:             2             80  cn.nubia.framework.validator.messageinterpolation.ResourceBundleMessageInterpolator
2180:             2             80  com.nubia.channel.controller.MarketOverallAnalysisController
2181:             2             80  com.nubia.channel.controller.SalesRegionDevideController
2182:             1             80  com.nubia.channel.controller.StoreController$$EnhancerBySpringCGLIB$$35d9af22
2183:             1             80  com.nubia.channel.controller.StoreController$$EnhancerBySpringCGLIB$$aa60e8b9
2184:             1             80  com.nubia.channel.controller.SystemExportController$$EnhancerBySpringCGLIB$$1fc476b9
2185:             1             80  com.nubia.channel.controller.SystemExportController$$EnhancerBySpringCGLIB$$ab3d3d22
2186:             2             80  com.nubia.channel.mvc.controller.app.CityController
2187:             2             80  com.nubia.channel.mvc.util.RegionUtil
2188:             2             80  com.sun.jmx.mbeanserver.DefaultMXBeanMappingFactory$TabularMapping
2189:             5             80  com.sun.org.apache.xerces.internal.dom.DeferredDocumentImpl$RefCount
2190:             5             80  com.sun.proxy.$Proxy1
2191:             2             80  com.sun.xml.internal.stream.util.BufferAllocator
2192:             2             80  freemarker.cache.TemplateCache
2193:             1             80  freemarker.ext.beans.BeansWrapper
2194:             1             80  freemarker.template.DefaultObjectWrapper
2195:             1             80  freemarker.template.SimpleObjectWrapper
2196:             2             80  java.io.ExpiringCache
2197:             2             80  java.lang.reflect.Proxy$Key2
2198:             2             80  java.util.Collections$SingletonMap
2199:             2             80  java.util.Locale$Category
2200:             5             80  java.util.concurrent.CountDownLatch
2201:             1             80  java.util.concurrent.ScheduledThreadPoolExecutor
2202:             5             80  java.util.concurrent.atomic.AtomicMarkableReference
2203:             2             80  java.util.regex.Pattern$LazyLoop
2204:             1             80  org.apache.catalina.core.StandardThreadExecutor
2205:             1             80  org.apache.catalina.realm.NullRealm
2206:             2             80  org.apache.commons.fileupload.servlet.ServletFileUpload
2207:             2             80  org.apache.ibatis.scripting.xmltags.TrimSqlNode
2208:             2             80  org.apache.tomcat.util.log.SystemLogHandler
2209:             1             80  org.aspectj.weaver.ResolvedType$Missing
2210:             1             80  org.aspectj.weaver.ResolvedType$Missing
2211:             2             80  org.aspectj.weaver.patterns.EllipsisTypePattern
2212:             2             80  org.aspectj.weaver.patterns.EllipsisTypePattern
2213:             2             80  org.hibernate.annotations.common.reflection.java.JavaReflectionManager
2214:             2             80  org.hibernate.annotations.common.reflection.java.JavaReflectionManager
2215:             2             80  org.hibernate.boot.registry.internal.StandardServiceRegistryImpl
2216:             2             80  org.hibernate.boot.registry.internal.StandardServiceRegistryImpl
2217:             2             80  org.hibernate.cfg.annotations.reflection.XMLContext
2218:             2             80  org.hibernate.cfg.annotations.reflection.XMLContext
2219:             2             80  org.hibernate.dialect.MySQL5Dialect
2220:             2             80  org.hibernate.engine.jdbc.internal.JdbcServicesImpl
2221:             2             80  org.hibernate.engine.jdbc.internal.JdbcServicesImpl
2222:             2             80  org.hibernate.engine.jdbc.internal.JdbcServicesImpl$ExtractedDatabaseMetaDataImpl
2223:             2             80  org.hibernate.engine.jdbc.internal.JdbcServicesImpl$ExtractedDatabaseMetaDataImpl
2224:             2             80  org.hibernate.hql.internal.ast.HqlToken
2225:             1             80  org.hibernate.hql.internal.ast.tree.QueryNode
2226:             2             80  org.hibernate.internal.CacheImpl
2227:             2             80  org.hibernate.internal.CacheImpl
2228:             2             80  org.hibernate.internal.TransactionEnvironmentImpl
2229:             2             80  org.hibernate.internal.TransactionEnvironmentImpl
2230:             5             80  org.hibernate.internal.util.MarkerObject
2231:             2             80  org.hibernate.mapping.ForeignKey
2232:             1             80  org.hibernate.mapping.ManyToOne
2233:             2             80  org.hibernate.tuple.entity.EntityBasedCompositionAttribute
2234:             2             80  org.hibernate.type.descriptor.java.BooleanTypeDescriptor
2235:             2             80  org.hibernate.type.descriptor.java.BooleanTypeDescriptor
2236:             2             80  org.springframework.aop.aspectj.annotation.AnnotationAwareAspectJAutoProxyCreator$BeanFactoryAspectJAdvisorsBuilderAdapter
2237:             2             80  org.springframework.aop.aspectj.annotation.AnnotationAwareAspectJAutoProxyCreator$BeanFactoryAspectJAdvisorsBuilderAdapter
2238:             2             80  org.springframework.aop.support.DefaultBeanFactoryPointcutAdvisor
2239:             2             80  org.springframework.context.annotation.ConfigurationClassBeanDefinitionReader
2240:             2             80  org.springframework.context.annotation.ConfigurationClassBeanDefinitionReader
2241:             2             80  org.springframework.context.event.SimpleApplicationEventMulticaster
2242:             2             80  org.springframework.context.event.SimpleApplicationEventMulticaster
2243:             2             80  org.springframework.context.expression.StandardBeanExpressionResolver
2244:             2             80  org.springframework.context.expression.StandardBeanExpressionResolver
2245:             1             80  org.springframework.context.support.PropertySourcesPlaceholderConfigurer
2246:             5             80  org.springframework.core.$Proxy11
2247:             2             80  org.springframework.core.annotation.AnnotationUtils$AliasDescriptor
2248:             2             80  org.springframework.core.annotation.AnnotationUtils$AliasDescriptor
2249:             5             80  org.springframework.core.convert.support.ArrayToCollectionConverter
2250:             5             80  org.springframework.core.convert.support.ArrayToObjectConverter
2251:             5             80  org.springframework.core.convert.support.ArrayToStringConverter
2252:             5             80  org.springframework.core.convert.support.ByteBufferConverter
2253:             5             80  org.springframework.core.convert.support.CharacterToNumberFactory
2254:             5             80  org.springframework.core.convert.support.CollectionToCollectionConverter
2255:             5             80  org.springframework.core.convert.support.CollectionToObjectConverter
2256:             5             80  org.springframework.core.convert.support.EnumToStringConverter
2257:             5             80  org.springframework.core.convert.support.FallbackObjectToStringConverter
2258:             5             80  org.springframework.core.convert.support.IdToEntityConverter
2259:             5             80  org.springframework.core.convert.support.MapToMapConverter
2260:             5             80  org.springframework.core.convert.support.NumberToCharacterConverter
2261:             5             80  org.springframework.core.convert.support.NumberToNumberConverterFactory
2262:             5             80  org.springframework.core.convert.support.ObjectToArrayConverter
2263:             5             80  org.springframework.core.convert.support.ObjectToCollectionConverter
2264:             5             80  org.springframework.core.convert.support.ObjectToObjectConverter
2265:             5             80  org.springframework.core.convert.support.ObjectToOptionalConverter
2266:             5             80  org.springframework.core.convert.support.PropertiesToStringConverter
2267:             5             80  org.springframework.core.convert.support.StreamConverter
2268:             5             80  org.springframework.core.convert.support.StringToArrayConverter
2269:             5             80  org.springframework.core.convert.support.StringToBooleanConverter
2270:             5             80  org.springframework.core.convert.support.StringToCharacterConverter
2271:             5             80  org.springframework.core.convert.support.StringToCharsetConverter
2272:             5             80  org.springframework.core.convert.support.StringToCollectionConverter
2273:             5             80  org.springframework.core.convert.support.StringToCurrencyConverter
2274:             5             80  org.springframework.core.convert.support.StringToEnumConverterFactory
2275:             5             80  org.springframework.core.convert.support.StringToLocaleConverter
2276:             5             80  org.springframework.core.convert.support.StringToNumberConverterFactory
2277:             5             80  org.springframework.core.convert.support.StringToPropertiesConverter
2278:             5             80  org.springframework.core.convert.support.StringToTimeZoneConverter
2279:             5             80  org.springframework.core.convert.support.StringToUUIDConverter
2280:             5             80  org.springframework.core.convert.support.ZoneIdToTimeZoneConverter
2281:             5             80  org.springframework.core.convert.support.ZonedDateTimeToCalendarConverter
2282:             2             80  org.springframework.core.task.SimpleAsyncTaskExecutor
2283:             2             80  org.springframework.format.support.FormattingConversionServiceFactoryBean
2284:             2             80  org.springframework.jdbc.datasource.DataSourceTransactionManager
2285:             2             80  org.springframework.jndi.support.SimpleJndiBeanFactory
2286:             2             80  org.springframework.jndi.support.SimpleJndiBeanFactory
2287:             2             80  org.springframework.transaction.interceptor.TransactionInterceptor
2288:             2             80  org.springframework.web.accept.ContentNegotiationManagerFactoryBean
2289:             2             80  org.springframework.web.servlet.mvc.annotation.ResponseStatusExceptionResolver
2290:             2             80  org.springframework.web.servlet.mvc.support.DefaultHandlerExceptionResolver
2291:             1             80  redis.clients.jedis.JedisPoolConfig
2292:             1             80  redis.clients.jedis.JedisPoolConfig
2293:             2             80  sun.management.MemoryManagerImpl
2294:             5             80  sun.net.www.protocol.jar.Handler
2295:             5             80  sun.security.x509.GeneralNames
2296:             5             80  sun.security.x509.SerialNumber
2297:             1             72  [Lcom.nubia.channel.controller.StoreUpgradeController$ExcelTitle;
2298:             3             72  [Lcom.sun.org.apache.xerces.internal.impl.xs.XSGroupDecl;
2299:             1             72  [Lcom.sun.org.apache.xml.internal.dtm.ref.ExtendedType;
2300:             3             72  [Ljava.net.InetAddress;
2301:             1             72  [Ljavax.management.openmbean.SimpleType;
2302:             1             72  [Lorg.apache.catalina.LifecycleState;
2303:             1             72  [Lorg.aspectj.weaver.Shadow$Kind;
2304:             1             72  [Lorg.aspectj.weaver.Shadow$Kind;
2305:             2             72  [Lsun.security.jca.ProviderConfig;
2306:             3             72  cn.nubia.framework.validator.internal.metadata.raw.ConfigurationSource
2307:             3             72  cn.nubia.framework.validator.internal.metadata.raw.ConfigurationSource
2308:             3             72  cn.nubia.framework.validator.internal.util.ConcurrentReferenceHashMap$ReferenceType
2309:             3             72  cn.nubia.framework.validator.internal.util.ConcurrentReferenceHashMap$ReferenceType
2310:             3             72  com.fasterxml.jackson.core.JsonFactory$Feature
2311:             3             72  com.fasterxml.jackson.core.JsonFactory$Feature
2312:             3             72  com.fasterxml.jackson.databind.PropertyName
2313:             3             72  com.fasterxml.jackson.databind.ser.std.NumberSerializer
2314:             3             72  com.fasterxml.jackson.databind.ser.std.NumberSerializer
2315:             3             72  com.google.gson.internal.bind.MapTypeAdapterFactory
2316:             3             72  com.google.gson.internal.bind.MapTypeAdapterFactory
2317:             3             72  com.google.gson.internal.bind.ReflectiveTypeAdapterFactory
2318:             3             72  com.google.gson.internal.bind.ReflectiveTypeAdapterFactory
2319:             1             72  com.nubia.channel.controller.MarketOverallAnalysisController$$EnhancerBySpringCGLIB$$791dea2e
2320:             1             72  com.nubia.channel.controller.MarketOverallAnalysisController$$EnhancerBySpringCGLIB$$eda523c5
2321:             1             72  com.nubia.channel.controller.SalesRegionDevideController$$EnhancerBySpringCGLIB$$1211d2f6
2322:             1             72  com.nubia.channel.controller.SalesRegionDevideController$$EnhancerBySpringCGLIB$$86990c8d
2323:             3             72  com.nubia.channel.pipline.BasePipline$StorageKey
2324:             3             72  com.sun.org.apache.xerces.internal.dom.NamedNodeMapImpl
2325:             3             72  java.io.BufferedOutputStream
2326:             3             72  java.io.ObjectStreamClass$ClassDataSlot
2327:             3             72  java.lang.annotation.RetentionPolicy
2328:             3             72  java.lang.invoke.MethodHandles$Lookup
2329:             3             72  java.lang.invoke.SimpleMethodHandle
2330:             3             72  java.net.Proxy$Type
2331:             3             72  java.net.ServerSocket
2332:             3             72  java.security.CodeSigner
2333:             3             72  java.security.SecurityPermission
2334:             3             72  java.text.FieldPosition$Delegate
2335:             3             72  java.time.format.ResolverStyle
2336:             3             72  java.util.Base64$Encoder
2337:             3             72  java.util.Currency
2338:             1             72  java.util.ResourceBundle$RBClassLoader
2339:             3             72  java.util.TaskQueue
2340:             3             72  java.util.Timer
2341:             3             72  java.util.concurrent.Executors$RunnableAdapter
2342:             3             72  java.util.jar.JarFile$JarEntryIterator
2343:             1             72  java.util.logging.LogManager$RootLogger
2344:             3             72  java.util.regex.Pattern$Ctype
2345:             3             72  java.util.zip.ZipFile$ZipEntryIterator
2346:             3             72  javax.persistence.ConstraintMode
2347:             3             72  javax.persistence.ConstraintMode
2348:             3             72  javax.persistence.DiscriminatorType
2349:             3             72  javax.persistence.DiscriminatorType
2350:             3             72  javax.persistence.InheritanceType
2351:             3             72  javax.persistence.InheritanceType
2352:             3             72  javax.servlet.SessionTrackingMode
2353:             3             72  org.apache.catalina.core.ApplicationFilterRegistration
2354:             1             72  org.apache.catalina.core.StandardService
2355:             3             72  org.apache.catalina.filters.SetCharacterEncodingFilter
2356:             3             72  org.apache.catalina.startup.HostConfig$DeployDirectory
2357:             1             72  org.apache.commons.pool2.impl.DefaultPooledObject
2358:             3             72  org.apache.ibatis.mapping.ParameterMode
2359:             3             72  org.apache.ibatis.mapping.StatementType
2360:             3             72  org.apache.ibatis.session.AutoMappingBehavior
2361:             3             72  org.apache.ibatis.session.ExecutorType
2362:             3             72  org.apache.ibatis.type.ByteTypeHandler
2363:             3             72  org.apache.ibatis.type.DoubleTypeHandler
2364:             3             72  org.apache.ibatis.type.FloatTypeHandler
2365:             3             72  org.apache.ibatis.type.IntegerTypeHandler
2366:             3             72  org.apache.ibatis.type.LongTypeHandler
2367:             3             72  org.apache.ibatis.type.ShortTypeHandler
2368:             3             72  org.apache.jasper.servlet.TldScanner$TldScannerCallback
2369:             3             72  org.apache.tomcat.JarScanType
2370:             3             72  org.apache.tomcat.util.descriptor.web.TaglibDescriptorImpl
2371:             3             72  org.apache.tomcat.util.net.AbstractEndpoint$BindState
2372:             3             72  org.apache.tomcat.websocket.pojo.PojoMethodMapping$MethodType
2373:             3             72  org.aspectj.weaver.patterns.Pointcut$State
2374:             3             72  org.aspectj.weaver.patterns.Pointcut$State
2375:             3             72  org.hibernate.ConnectionReleaseMode
2376:             3             72  org.hibernate.ConnectionReleaseMode
2377:             3             72  org.hibernate.FetchMode
2378:             3             72  org.hibernate.FetchMode
2379:             3             72  org.hibernate.NullPrecedence
2380:             3             72  org.hibernate.NullPrecedence
2381:             3             72  org.hibernate.cfg.AccessType
2382:             3             72  org.hibernate.cfg.AccessType
2383:             3             72  org.hibernate.cfg.annotations.Nullability
2384:             3             72  org.hibernate.cfg.annotations.Nullability
2385:             3             72  org.hibernate.engine.FetchTiming
2386:             3             72  org.hibernate.engine.FetchTiming
2387:             3             72  org.hibernate.engine.jdbc.spi.ExtractedDatabaseMetaData$SQLStateType
2388:             3             72  org.hibernate.engine.jdbc.spi.ExtractedDatabaseMetaData$SQLStateType
2389:             3             72  org.hibernate.engine.spi.ExecuteUpdateResultCheckStyle
2390:             3             72  org.hibernate.engine.spi.ExecuteUpdateResultCheckStyle
2391:             3             72  org.hibernate.engine.transaction.spi.JoinStatus
2392:             1             72  org.hibernate.hql.internal.ast.tree.SelectExpressionImpl
2393:             3             72  org.hibernate.internal.util.collections.BoundedConcurrentHashMap$Recency
2394:             3             72  org.hibernate.internal.util.collections.BoundedConcurrentHashMap$Recency
2395:             3             72  org.hibernate.internal.util.collections.ConcurrentReferenceHashMap$ReferenceType
2396:             3             72  org.hibernate.loader.BatchFetchStyle
2397:             3             72  org.hibernate.loader.BatchFetchStyle
2398:             3             72  org.hibernate.loader.plan.spi.LoadPlan$Disposition
2399:             3             72  org.hibernate.loader.plan.spi.LoadPlan$Disposition
2400:             3             72  org.hibernate.loader.plan.spi.QuerySpace$Disposition
2401:             3             72  org.hibernate.loader.plan.spi.QuerySpace$Disposition
2402:             3             72  org.mybatis.spring.MyBatisExceptionTranslator
2403:             3             72  org.springframework.beans.factory.config.RuntimeBeanNameReference
2404:             3             72  org.springframework.cglib.core.AbstractClassGenerator$Source
2405:             3             72  org.springframework.core.Constants
2406:             3             72  org.springframework.core.Constants
2407:             3             72  org.springframework.core.env.MapPropertySource
2408:             3             72  org.springframework.core.env.MapPropertySource
2409:             3             72  org.springframework.core.env.PropertySource$StubPropertySource
2410:             3             72  org.springframework.core.env.PropertySource$StubPropertySource
2411:             3             72  org.springframework.core.env.SystemEnvironmentPropertySource
2412:             3             72  org.springframework.core.env.SystemEnvironmentPropertySource
2413:             3             72  org.springframework.expression.TypedValue
2414:             3             72  org.springframework.expression.TypedValue
2415:             3             72  org.springframework.expression.spel.SpelCompilerMode
2416:             3             72  org.springframework.expression.spel.SpelCompilerMode
2417:             3             72  org.springframework.format.datetime.standard.DateTimeFormatterRegistrar$Type
2418:             3             72  org.springframework.jndi.JndiLocatorDelegate
2419:             3             72  org.springframework.jndi.JndiLocatorDelegate
2420:             3             72  org.springframework.jndi.JndiPropertySource
2421:             3             72  org.springframework.jndi.JndiPropertySource
2422:             3             72  sun.misc.FloatingDecimal$ExceptionalBinaryToASCIIBuffer
2423:             3             72  sun.security.provider.NativePRNG$Variant
2424:             3             72  sun.security.provider.certpath.X509CertPath
2425:             1             72  sun.util.locale.provider.JRELocaleProviderAdapter
2426:             2             64  [Ljava.lang.annotation.RetentionPolicy;
2427:             2             64  [Ljavax.persistence.ConstraintMode;
2428:             2             64  [Ljavax.persistence.ConstraintMode;
2429:             2             64  [Ljavax.persistence.GenerationType;
2430:             2             64  [Ljavax.persistence.GenerationType;
2431:             2             64  [Ljavax.servlet.SessionTrackingMode;
2432:             2             64  [Lorg.apache.ibatis.mapping.StatementType;
2433:             1             64  [Lorg.apache.tomcat.util.net.jsse.openssl.Authentication;
2434:             1             64  [Lorg.apache.tomcat.util.net.jsse.openssl.KeyExchange;
2435:             4             64  [Lorg.aspectj.weaver.tools.PointcutParameter;
2436:             2             64  [Lorg.springframework.core.io.Resource;
2437:             2             64  [Lorg.springframework.core.io.Resource;
2438:             2             64  [Lorg.springframework.util.ConcurrentReferenceHashMap$TaskOption;
2439:             2             64  [Lorg.springframework.util.ConcurrentReferenceHashMap$TaskOption;
2440:             4             64  cn.nubia.framework.validator.internal.engine.DefaultParameterNameProvider
2441:             4             64  cn.nubia.framework.validator.internal.engine.resolver.DefaultTraversableResolver
2442:             2             64  cn.nubia.framework.validator.internal.metadata.BeanMetaDataManager
2443:             4             64  cn.nubia.framework.validator.internal.metadata.core.ConstraintHelper$ValidatorClassMap
2444:             2             64  cn.nubia.framework.validator.internal.metadata.provider.AnnotationMetaDataProvider
2445:             4             64  cn.nubia.framework.validator.internal.util.ExecutableHelper
2446:             4             64  cn.nubia.framework.validator.internal.util.TypeResolutionHelper
2447:             4             64  cn.nubia.framework.validator.resourceloading.PlatformResourceBundleLocator
2448:             4             64  com.fasterxml.classmate.TypeResolver
2449:             4             64  com.fasterxml.classmate.util.ResolvedTypeCache
2450:             1             64  com.mysql.jdbc.ConnectionPropertiesImpl$LongConnectionProperty
2451:             2             64  com.nubia.channel.controller.ChannelMaintenanceController
2452:             1             64  com.nubia.channel.controller.ChannelMaintenanceController$$EnhancerBySpringCGLIB$$1940a5e6
2453:             1             64  com.nubia.channel.controller.ChannelMaintenanceController$$EnhancerBySpringCGLIB$$a4b96c4f
2454:             2             64  com.nubia.channel.controller.ElsewhereWholeController
2455:             1             64  com.nubia.channel.controller.ElsewhereWholeController$$EnhancerBySpringCGLIB$$187b2cff
2456:             1             64  com.nubia.channel.controller.ElsewhereWholeController$$EnhancerBySpringCGLIB$$a3f3f368
2457:             2             64  com.nubia.channel.controller.FeedbackController
2458:             1             64  com.nubia.channel.controller.FeedbackController$$EnhancerBySpringCGLIB$$12ae963b
2459:             1             64  com.nubia.channel.controller.FeedbackController$$EnhancerBySpringCGLIB$$9e275ca4
2460:             2             64  com.nubia.channel.controller.ImeiSearchController
2461:             1             64  com.nubia.channel.controller.ImeiSearchController$$EnhancerBySpringCGLIB$$6c2419cf
2462:             1             64  com.nubia.channel.controller.ImeiSearchController$$EnhancerBySpringCGLIB$$e0ab5366
2463:             2             64  com.nubia.channel.controller.PlatformMaintenanceController
2464:             1             64  com.nubia.channel.controller.PlatformMaintenanceController$$EnhancerBySpringCGLIB$$4b03eb18
2465:             1             64  com.nubia.channel.controller.PlatformMaintenanceController$$EnhancerBySpringCGLIB$$d67cb181
2466:             2             64  com.nubia.channel.controller.RegionRoleController
2467:             1             64  com.nubia.channel.controller.RegionRoleController$$EnhancerBySpringCGLIB$$1940e2a0
2468:             1             64  com.nubia.channel.controller.RegionRoleController$$EnhancerBySpringCGLIB$$a4b9a909
2469:             2             64  com.nubia.channel.controller.SaleController
2470:             1             64  com.nubia.channel.controller.SaleController$$EnhancerBySpringCGLIB$$3ccdb1bd
2471:             1             64  com.nubia.channel.controller.SaleController$$EnhancerBySpringCGLIB$$c8467826
2472:             2             64  com.nubia.channel.controller.SalesRegionController
2473:             1             64  com.nubia.channel.controller.SalesRegionController$$EnhancerBySpringCGLIB$$58b8f901
2474:             1             64  com.nubia.channel.controller.SalesRegionController$$EnhancerBySpringCGLIB$$cd403298
2475:             2             64  com.nubia.channel.controller.StoreUpgradeController
2476:             1             64  com.nubia.channel.controller.StoreUpgradeController$$EnhancerBySpringCGLIB$$479f3f5a
2477:             1             64  com.nubia.channel.controller.StoreUpgradeController$$EnhancerBySpringCGLIB$$bc2678f1
2478:             2             64  com.nubia.channel.controller.TrendController
2479:             1             64  com.nubia.channel.controller.TrendController$$EnhancerBySpringCGLIB$$23ed9af5
2480:             1             64  com.nubia.channel.controller.TrendController$$EnhancerBySpringCGLIB$$af66615e
2481:             2             64  com.nubia.channel.mvc.controller.app.TrendController
2482:             2             64  com.nubia.channel.mvc.service.impl.ChannelUserServiceImpl
2483:             2             64  com.nubia.channel.mvc.util.RegionUtilV2
2484:             2             64  com.nubia.rbac.controller.AdminController
2485:             2             64  com.nubia.rbac.controller.LoginController
2486:             2             64  com.nubia.rbac.controller.WorkspaceController
2487:             2             64  com.nubia.rbac.interceptor.PcLoggerInterceptor
2488:             2             64  com.nubia.rbac.service.impl.SysUserServiceImpl
2489:             1             64  com.nubia.rbac.service.impl.SysUserServiceImpl$$EnhancerBySpringCGLIB$$fba15a06
2490:             2             64  com.sun.jndi.ldap.pool.Pool
2491:             2             64  com.sun.org.apache.xalan.internal.utils.XMLSecurityPropertyManager$Property
2492:             1             64  com.sun.org.apache.xerces.internal.impl.xs.SchemaGrammar$XSAnyType
2493:             2             64  com.sun.org.apache.xerces.internal.utils.XMLSecurityPropertyManager$Property
2494:             4             64  com.sun.proxy.$Proxy128
2495:             4             64  com.sun.proxy.$Proxy17
2496:             4             64  com.sun.proxy.$Proxy19
2497:             4             64  com.sun.proxy.$Proxy41
2498:             4             64  com.sun.proxy.$Proxy67
2499:             4             64  com.sun.proxy.$Proxy69
2500:             4             64  com.sun.proxy.$Proxy73
2501:             2             64  java.io.ByteArrayInputStream
2502:             2             64  java.io.FileOutputStream
2503:             2             64  java.io.PrintStream
2504:             4             64  java.lang.Boolean
2505:             2             64  java.lang.ClassValue$Entry
2506:             4             64  java.lang.Float
2507:             2             64  java.lang.VirtualMachineError
2508:             2             64  java.lang.ref.ReferenceQueue$Null
2509:             2             64  java.security.cert.PolicyQualifierInfo
2510:             2             64  java.time.format.DateTimeFormatterBuilder$TextPrinterParser
2511:             2             64  java.time.temporal.IsoFields$Unit
2512:             4             64  java.util.AbstractMap$1
2513:             4             64  java.util.Hashtable$KeySet
2514:             2             64  java.util.PropertyPermission
2515:             4             64  java.util.concurrent.Executors$FinalizableDelegatedExecutorService
2516:             2             64  java.util.concurrent.atomic.AtomicReferenceFieldUpdater$AtomicReferenceFieldUpdaterImpl
2517:             2             64  java.util.logging.LogManager$LogNode
2518:             2             64  javax.management.remote.JMXServiceURL
2519:             2             64  org.apache.catalina.filters.CsrfPreventionFilter
2520:             2             64  org.apache.ibatis.scripting.xmltags.TrimSqlNode$1
2521:             1             64  org.apache.juli.ClassLoaderLogManager
2522:             1             64  org.apache.log4j.ConsoleAppender
2523:             1             64  org.apache.log4j.ConsoleAppender
2524:             2             64  org.apache.log4j.helpers.PatternParser$BasicPatternConverter
2525:             2             64  org.apache.log4j.helpers.PatternParser$BasicPatternConverter
2526:             4             64  org.apache.tomcat.util.bcel.classfile.Annotations
2527:             1             64  org.apache.tomcat.util.descriptor.web.JspPropertyGroup
2528:             1             64  org.aspectj.weaver.WildcardedUnresolvedType
2529:             4             64  org.aspectj.weaver.reflect.ReflectionWorld$ExceptionBasedMessageHandler
2530:             4             64  org.aspectj.weaver.tools.DefaultMatchingContext
2531:             2             64  org.hibernate.boot.registry.internal.BootstrapServiceRegistryImpl
2532:             2             64  org.hibernate.boot.registry.internal.BootstrapServiceRegistryImpl
2533:             2             64  org.hibernate.cfg.Configuration$MetadataSourceQueue
2534:             2             64  org.hibernate.cfg.Configuration$MetadataSourceQueue
2535:             2             64  org.hibernate.cfg.annotations.reflection.JPAMetadataProvider
2536:             2             64  org.hibernate.cfg.annotations.reflection.JPAMetadataProvider
2537:             2             64  org.hibernate.cfg.beanvalidation.BeanValidationEventListener
2538:             2             64  org.hibernate.cfg.beanvalidation.BeanValidationEventListener
2539:             2             64  org.hibernate.engine.jdbc.connections.internal.DatasourceConnectionProviderImpl
2540:             2             64  org.hibernate.engine.jdbc.connections.internal.DatasourceConnectionProviderImpl
2541:             2             64  org.hibernate.engine.query.spi.QueryPlanCache
2542:             2             64  org.hibernate.engine.query.spi.QueryPlanCache
2543:             4             64  org.hibernate.engine.spi.CascadeStyles$MultipleCascadeStyle
2544:             1             64  org.hibernate.hql.internal.ast.HqlParser
2545:             1             64  org.hibernate.hql.internal.ast.QueryTranslatorImpl
2546:             2             64  org.hibernate.internal.NamedQueryRepository
2547:             2             64  org.hibernate.internal.NamedQueryRepository
2548:             2             64  org.hibernate.internal.SessionFactoryImpl$1
2549:             2             64  org.hibernate.internal.SessionFactoryImpl$1
2550:             4             64  org.hibernate.internal.util.collections.BoundedConcurrentHashMap$NullEvictionListener
2551:             4             64  org.hibernate.internal.util.collections.BoundedConcurrentHashMap$NullEvictionListener
2552:             2             64  org.hibernate.mapping.UniqueKey
2553:             4             64  org.hibernate.service.internal.ConcurrentServiceBinding
2554:             4             64  org.hibernate.service.internal.ConcurrentServiceBinding
2555:             4             64  org.springframework.aop.aspectj.AspectJExpressionPointcut$BeanNamePointcutDesignatorHandler
2556:             2             64  org.springframework.beans.factory.annotation.RequiredAnnotationBeanPostProcessor
2557:             2             64  org.springframework.beans.factory.annotation.RequiredAnnotationBeanPostProcessor
2558:             2             64  org.springframework.context.annotation.ConditionEvaluator$ConditionContextImpl
2559:             2             64  org.springframework.context.annotation.ConditionEvaluator$ConditionContextImpl
2560:             2             64  org.springframework.context.annotation.ConfigurationClassParser$ImportStack
2561:             2             64  org.springframework.context.annotation.ConfigurationClassParser$ImportStack
2562:             2             64  org.springframework.context.event.EventExpressionEvaluator
2563:             2             64  org.springframework.context.event.EventExpressionEvaluator
2564:             2             64  org.springframework.context.event.EventListenerMethodProcessor
2565:             2             64  org.springframework.context.event.EventListenerMethodProcessor
2566:             2             64  org.springframework.context.support.DefaultLifecycleProcessor
2567:             2             64  org.springframework.context.support.DefaultLifecycleProcessor
2568:             2             64  org.springframework.context.support.DelegatingMessageSource
2569:             2             64  org.springframework.context.support.DelegatingMessageSource
2570:             2             64  org.springframework.context.support.PropertySourcesPlaceholderConfigurer$1
2571:             2             64  org.springframework.core.task.SimpleAsyncTaskExecutor$ConcurrencyThrottleAdapter
2572:             4             64  org.springframework.expression.spel.standard.SpelExpressionParser
2573:             4             64  org.springframework.expression.spel.standard.SpelExpressionParser
2574:             2             64  org.springframework.expression.spel.support.ReflectivePropertyAccessor
2575:             2             64  org.springframework.expression.spel.support.ReflectivePropertyAccessor
2576:             4             64  org.springframework.format.datetime.DateFormatterRegistrar$CalendarToDateConverter
2577:             4             64  org.springframework.format.datetime.DateFormatterRegistrar$CalendarToLongConverter
2578:             4             64  org.springframework.format.datetime.DateFormatterRegistrar$DateToCalendarConverter
2579:             4             64  org.springframework.format.datetime.DateFormatterRegistrar$DateToLongConverter
2580:             4             64  org.springframework.format.datetime.DateFormatterRegistrar$LongToCalendarConverter
2581:             4             64  org.springframework.format.datetime.DateFormatterRegistrar$LongToDateConverter
2582:             2             64  org.springframework.format.support.DefaultFormattingConversionService
2583:             2             64  org.springframework.http.converter.xml.XmlAwareFormHttpMessageConverter
2584:             2             64  org.springframework.http.converter.xml.XmlAwareFormHttpMessageConverter
2585:             2             64  org.springframework.web.accept.ServletPathExtensionContentNegotiationStrategy
2586:             4             64  org.springframework.web.context.request.SessionScope
2587:             4             64  org.springframework.web.context.request.SessionScope
2588:             4             64  org.springframework.web.method.annotation.RequestParamMapMethodArgumentResolver
2589:             2             64  org.springframework.web.multipart.commons.CommonsMultipartResolver
2590:             4             64  org.springframework.web.servlet.mvc.method.RequestMappingInfoHandlerMethodMappingNamingStrategy
2591:             4             64  org.springframework.web.servlet.mvc.method.annotation.MatrixVariableMapMethodArgumentResolver
2592:             4             64  org.springframework.web.servlet.mvc.method.annotation.ModelAndViewMethodReturnValueHandler
2593:             4             64  org.springframework.web.servlet.mvc.method.annotation.PathVariableMapMethodArgumentResolver
2594:             2             64  org.springframework.web.servlet.mvc.method.annotation.ServletCookieValueMethodArgumentResolver
2595:             4             64  org.springframework.web.servlet.mvc.method.annotation.ViewMethodReturnValueHandler
2596:             4             64  org.springframework.web.servlet.mvc.method.annotation.ViewNameMethodReturnValueHandler
2597:             1             64  redis.clients.jedis.Client
2598:             2             64  sun.nio.fs.UnixPath
2599:             4             64  sun.security.provider.NativePRNG
2600:             2             64  sun.security.util.MemoryCache
2601:             2             64  sun.security.x509.CRLDistributionPointsExtension
2602:             4             64  sun.security.x509.CertificateAlgorithmId
2603:             2             64  sun.security.x509.CertificatePoliciesExtension
2604:             4             64  sun.security.x509.CertificateSerialNumber
2605:             4             64  sun.security.x509.CertificateVersion
2606:             4             64  sun.security.x509.CertificateX509Key
2607:             4             64  sun.security.x509.DNSName
2608:             2             64  sun.security.x509.DistributionPoint
2609:             2             64  sun.security.x509.ExtendedKeyUsageExtension
2610:             2             64  sun.security.x509.SubjectAlternativeNameExtension
2611:             1             56  [Lcom.alibaba.druid.pool.PreparedStatementPool$MethodType;
2612:             1             56  [Lcom.fasterxml.jackson.annotation.JsonFormat$Shape;
2613:             1             56  [Lcom.fasterxml.jackson.core.JsonGenerator$Feature;
2614:             1             56  [Lcom.fasterxml.jackson.core.JsonGenerator$Feature;
2615:             1             56  [Lcom.fasterxml.jackson.core.JsonParser$Feature;
2616:             1             56  [Lcom.fasterxml.jackson.core.JsonParser$Feature;
2617:             1             56  [Lcom.sun.org.apache.xerces.internal.impl.dv.XSSimpleType;
2618:             1             56  [Lcom.sun.org.apache.xerces.internal.impl.xs.util.XInt;
2619:             1             56  [Ljava.lang.Runnable;
2620:             1             56  [Lorg.apache.commons.pool2.PooledObjectState;
2621:             1             56  [Lorg.hibernate.engine.internal.CascadePoint;
2622:             1             56  [Lsun.util.logging.PlatformLogger$Level;
2623:             1             56  com.fasterxml.classmate.types.ResolvedObjectType
2624:             1             56  com.fasterxml.classmate.types.ResolvedObjectType
2625:             1             56  com.fasterxml.jackson.core.sym.CharsToNameCanonicalizer
2626:             1             56  com.fasterxml.jackson.core.util.TextBuffer
2627:             1             56  com.fasterxml.jackson.databind.cfg.BaseSettings
2628:             1             56  com.nubia.channel.controller.ActiveCheckController$$EnhancerBySpringCGLIB$$78a716c3
2629:             1             56  com.nubia.channel.controller.ActiveCheckController$$EnhancerBySpringCGLIB$$ed2e505a
2630:             1             56  com.nubia.channel.controller.ProductController$$EnhancerBySpringCGLIB$$42eaf347
2631:             1             56  com.nubia.channel.controller.ProductController$$EnhancerBySpringCGLIB$$ce63b9b0
2632:             1             56  com.nubia.channel.controller.SalesRegionUpgradeController$$EnhancerBySpringCGLIB$$23592632
2633:             1             56  com.nubia.channel.controller.SalesRegionUpgradeController$$EnhancerBySpringCGLIB$$aed1ec9b
2634:             1             56  com.nubia.channel.service.impl.ActiveCheckServiceImpl$$EnhancerBySpringCGLIB$$ca64560e
2635:             1             56  com.nubia.channel.service.impl.CustomerOrderServiceImpl$$EnhancerBySpringCGLIB$$f1ea6c20
2636:             1             56  com.nubia.channel.service.impl.DataGatherServiceImpl$$EnhancerBySpringCGLIB$$2cf7df64
2637:             1             56  com.nubia.channel.service.impl.DaysOrderServiceimpl$$EnhancerBySpringCGLIB$$b661dd59
2638:             1             56  com.nubia.channel.service.impl.DaysStockoutServiceImpl$$EnhancerBySpringCGLIB$$fbf8517d
2639:             1             56  com.nubia.channel.service.impl.ImportDataServiceImpl$$EnhancerBySpringCGLIB$$ae09d1fd
2640:             1             56  com.nubia.channel.service.impl.NiusaoSalesDataServiceImpl$$EnhancerBySpringCGLIB$$12674a21
2641:             1             56  com.nubia.channel.service.impl.OrderServiceImpl$$EnhancerBySpringCGLIB$$7b2f17e2
2642:             1             56  com.nubia.channel.service.impl.StoreServiceImpl$$EnhancerBySpringCGLIB$$2d0ebfcf
2643:             1             56  com.nubia.channel.sessionfactory.DynamicTransactionManager
2644:             1             56  java.net.SocketPermission
2645:             1             56  java.util.logging.ConsoleHandler
2646:             1             56  org.apache.catalina.valves.ErrorReportValve
2647:             1             56  org.apache.coyote.RequestGroupInfo
2648:             1             56  org.apache.ibatis.mapping.ParameterMapping
2649:             1             56  org.apache.tomcat.util.net.NioSelectorPool
2650:             1             56  org.apache.tomcat.util.threads.TaskQueue
2651:             1             56  org.hibernate.hql.internal.ast.HqlLexer
2652:             1             56  org.hibernate.hql.internal.ast.tree.SqlFragment
2653:             1             56  org.hibernate.mapping.SyntheticProperty
2654:             1             56  sun.nio.cs.US_ASCII$Encoder
2655:             1             56  sun.rmi.runtime.Log$InternalStreamHandler
2656:             2             48  [Lcn.nubia.framework.validator.internal.util.ConcurrentReferenceHashMap$Option;
2657:             2             48  [Lcn.nubia.framework.validator.internal.util.ConcurrentReferenceHashMap$Option;
2658:             3             48  [Lcom.fasterxml.classmate.ResolvedType;
2659:             3             48  [Lcom.fasterxml.classmate.ResolvedType;
2660:             1             48  [Lcom.fasterxml.jackson.databind.ser.impl.JsonSerializerMap$Bucket;
2661:             2             48  [Lcom.nubia.channel.cache.CacheOpType;
2662:             2             48  [Lcom.nubia.channel.cache.CacheOpType;
2663:             1             48  [Lcom.sun.beans.util.Cache$CacheEntry;
2664:             1             48  [Lcom.sun.org.apache.xalan.internal.utils.XMLSecurityManager$Limit;
2665:             1             48  [Ljava.beans.WeakIdentityMap$Entry;
2666:             1             48  [Ljava.math.RoundingMode;
2667:             1             48  [Ljava.util.concurrent.TimeUnit;
2668:             2             48  [Ljavax.annotation.Resource$AuthenticationType;
2669:             2             48  [Ljavax.persistence.FetchType;
2670:             2             48  [Ljavax.persistence.FetchType;
2671:             1             48  [Ljavax.validation.ElementKind;
2672:             1             48  [Ljavax.validation.ElementKind;
2673:             3             48  [Lorg.apache.tomcat.util.descriptor.web.ContextLocalEjb;
2674:             3             48  [Lorg.apache.tomcat.util.descriptor.web.ContextResourceLink;
2675:             3             48  [Lorg.apache.tomcat.util.descriptor.web.MessageDestinationRef;
2676:             3             48  [Lorg.apache.tomcat.util.modeler.OperationInfo;
2677:             1             48  [Lorg.apache.tomcat.util.net.jsse.openssl.EncryptionLevel;
2678:             1             48  [Lorg.apache.tomcat.util.net.jsse.openssl.MessageDigest;
2679:             1             48  [Lorg.aspectj.bridge.IMessage$Kind;
2680:             1             48  [Lorg.aspectj.bridge.IMessage$Kind;
2681:             2             48  [Lorg.hibernate.cfg.MetadataSourceType;
2682:             2             48  [Lorg.hibernate.cfg.MetadataSourceType;
2683:             1             48  [Lorg.hibernate.hql.internal.ast.tree.DotNode$DereferenceType;
2684:             1             48  [Lorg.springframework.cglib.proxy.CallbackInfo;
2685:             1             48  [Lorg.springframework.cglib.proxy.CallbackInfo;
2686:             1             48  [Lsun.management.counter.Units;
2687:             1             48  [Lsun.security.x509.NetscapeCertTypeExtension$MapEntry;
2688:             2             48  cn.nubia.framework.validator.internal.engine.constraintvalidation.ConstraintValidatorManager
2689:             2             48  cn.nubia.framework.validator.internal.engine.groups.DefaultValidationOrder
2690:             3             48  cn.nubia.framework.validator.internal.engine.groups.Group
2691:             2             48  cn.nubia.framework.validator.internal.engine.groups.ValidationOrderGenerator
2692:             2             48  cn.nubia.framework.validator.internal.metadata.core.ConstraintHelper
2693:             2             48  cn.nubia.framework.validator.internal.metadata.descriptor.ConstraintDescriptorImpl$ConstraintType
2694:             2             48  cn.nubia.framework.validator.internal.metadata.descriptor.ConstraintDescriptorImpl$ConstraintType
2695:             1             48  cn.nubia.framework.validator.internal.xml.BootstrapConfigurationImpl
2696:             1             48  cn.nubia.framework.validator.internal.xml.BootstrapConfigurationImpl
2697:             2             48  com.alibaba.druid.util.Histogram
2698:             1             48  com.fasterxml.jackson.databind.ser.BeanSerializer
2699:             2             48  com.fasterxml.jackson.databind.ser.std.BooleanSerializer
2700:             2             48  com.fasterxml.jackson.databind.ser.std.BooleanSerializer
2701:             2             48  com.fasterxml.jackson.databind.type.ClassKey
2702:             2             48  com.fasterxml.jackson.databind.util.LRUMap
2703:             1             48  com.fasterxml.jackson.databind.util.StdDateFormat
2704:             1             48  com.fasterxml.jackson.databind.util.StdDateFormat
2705:             3             48  com.google.gson.Gson$1
2706:             3             48  com.google.gson.Gson$1
2707:             3             48  com.google.gson.Gson$2
2708:             3             48  com.google.gson.Gson$2
2709:             3             48  com.google.gson.Gson$3
2710:             3             48  com.google.gson.Gson$3
2711:             3             48  com.google.gson.Gson$4
2712:             3             48  com.google.gson.Gson$4
2713:             3             48  com.google.gson.Gson$6
2714:             3             48  com.google.gson.Gson$6
2715:             3             48  com.google.gson.Gson$7
2716:             3             48  com.google.gson.Gson$7
2717:             3             48  com.google.gson.internal.ConstructorConstructor
2718:             3             48  com.google.gson.internal.ConstructorConstructor
2719:             3             48  com.google.gson.internal.bind.CollectionTypeAdapterFactory
2720:             3             48  com.google.gson.internal.bind.CollectionTypeAdapterFactory
2721:             3             48  com.google.gson.internal.bind.JsonAdapterAnnotationTypeAdapterFactory
2722:             3             48  com.google.gson.internal.bind.JsonAdapterAnnotationTypeAdapterFactory
2723:             2             48  com.google.gson.internal.bind.TypeAdapters$35
2724:             2             48  com.google.gson.internal.bind.TypeAdapters$35
2725:             2             48  com.nubia.channel.cache.CacheOpType
2726:             2             48  com.nubia.channel.cache.CacheOpType
2727:             1             48  com.nubia.channel.common.BaseService$$EnhancerBySpringCGLIB$$a84918d
2728:             2             48  com.nubia.channel.controller.ActiveCheckController
2729:             1             48  com.nubia.channel.controller.ImeiCheckController$$EnhancerBySpringCGLIB$$44a5bcd8
2730:             1             48  com.nubia.channel.controller.ImeiCheckController$$EnhancerBySpringCGLIB$$d01e8341
2731:             2             48  com.nubia.channel.controller.ProductController
2732:             1             48  com.nubia.channel.controller.RegionController$$EnhancerBySpringCGLIB$$6b5e4fca
2733:             1             48  com.nubia.channel.controller.RegionController$$EnhancerBySpringCGLIB$$f6d71633
2734:             1             48  com.nubia.channel.controller.SalesAccountController$$EnhancerBySpringCGLIB$$38f1eea0
2735:             1             48  com.nubia.channel.controller.SalesAccountController$$EnhancerBySpringCGLIB$$ad792837
2736:             2             48  com.nubia.channel.controller.SalesRegionUpgradeController
2737:             1             48  com.nubia.channel.controller.SelectRegionController$$EnhancerBySpringCGLIB$$4ba91c8f
2738:             1             48  com.nubia.channel.controller.SelectRegionController$$EnhancerBySpringCGLIB$$c0305626
2739:             1             48  com.nubia.channel.controller.TestController$$EnhancerBySpringCGLIB$$357dc5e8
2740:             1             48  com.nubia.channel.controller.TestController$$EnhancerBySpringCGLIB$$c0f68c51
2741:             1             48  com.nubia.channel.controller.UserBehaviorController$$EnhancerBySpringCGLIB$$1b2abdc
2742:             1             48  com.nubia.channel.controller.UserBehaviorController$$EnhancerBySpringCGLIB$$7639e573
2743:             1             48  com.nubia.channel.controller.UserLoginArea$$EnhancerBySpringCGLIB$$1ced5050
2744:             1             48  com.nubia.channel.controller.UserLoginArea$$EnhancerBySpringCGLIB$$917489e7
2745:             2             48  com.nubia.channel.mvc.controller.CsmController
2746:             2             48  com.nubia.channel.mvc.controller.ReportController
2747:             2             48  com.nubia.channel.mvc.controller.app.CustomerOrderController
2748:             2             48  com.nubia.channel.mvc.controller.app.EmployeeController
2749:             2             48  com.nubia.channel.mvc.controller.app.StoreController
2750:             2             48  com.nubia.channel.mvc.convert.BaseFormMethod
2751:             2             48  com.nubia.channel.mvc.interceptor.AppInterceptor
2752:             2             48  com.nubia.channel.mvc.interceptor.AppLoggerInterceptor
2753:             2             48  com.nubia.channel.mvc.interceptor.RequestInteceptor
2754:             1             48  com.nubia.channel.mybatis.service.impl.MyDataGatherServiceImpl$$EnhancerBySpringCGLIB$$b6d2a4c5
2755:             1             48  com.nubia.channel.mybatis.service.impl.MyTerminalSalesImeiServiceImpl$$EnhancerBySpringCGLIB$$31cb1f78
2756:             1             48  com.nubia.channel.mybatis.service.impl.MyTerminalSalesServiceImpl$$EnhancerBySpringCGLIB$$265749e0
2757:             1             48  com.nubia.channel.pipline.ActiveCheckPipline
2758:             1             48  com.nubia.channel.pipline.DataGatherPipline
2759:             1             48  com.nubia.channel.pipline.EmailSendPipline
2760:             1             48  com.nubia.channel.pipline.SalesDataPipline
2761:             1             48  com.nubia.channel.schedule.OrderDataTaskManager
2762:             2             48  com.nubia.channel.service.impl.ActiveCheckServiceImpl
2763:             1             48  com.nubia.channel.service.impl.AppMenuServiceImpl$$EnhancerBySpringCGLIB$$994c2490
2764:             1             48  com.nubia.channel.service.impl.AppPCMenuServiceImpl$$EnhancerBySpringCGLIB$$986815d
2765:             1             48  com.nubia.channel.service.impl.BasicDataServiceImpl$$EnhancerBySpringCGLIB$$fc9a1238
2766:             1             48  com.nubia.channel.service.impl.ChannelServiceImpl$$EnhancerBySpringCGLIB$$6ee78bea
2767:             1             48  com.nubia.channel.service.impl.ConfigServiceImpl$$EnhancerBySpringCGLIB$$ff6d142a
2768:             1             48  com.nubia.channel.service.impl.ConstServiceImpl$$EnhancerBySpringCGLIB$$568aa24d
2769:             2             48  com.nubia.channel.service.impl.CustomerOrderServiceImpl
2770:             1             48  com.nubia.channel.service.impl.CustomerSearchServiceImpl$$EnhancerBySpringCGLIB$$a13f3846
2771:             1             48  com.nubia.channel.service.impl.CustomerServiceImpl$$EnhancerBySpringCGLIB$$1c5ece0e
2772:             1             48  com.nubia.channel.service.impl.DataGatherAPPServiceImpl$$EnhancerBySpringCGLIB$$7bbcfa94
2773:             2             48  com.nubia.channel.service.impl.DataGatherServiceImpl
2774:             1             48  com.nubia.channel.service.impl.DataProductServiceImpl$$EnhancerBySpringCGLIB$$9d2fe708
2775:             1             48  com.nubia.channel.service.impl.DataStatServiceImpl$$EnhancerBySpringCGLIB$$3cac68ce
2776:             2             48  com.nubia.channel.service.impl.DaysOrderServiceimpl
2777:             2             48  com.nubia.channel.service.impl.DaysStockoutServiceImpl
2778:             1             48  com.nubia.channel.service.impl.ElsewhereServiceImpl$$EnhancerBySpringCGLIB$$353bc2e2
2779:             1             48  com.nubia.channel.service.impl.ElsewhereWholeServiceImpl$$EnhancerBySpringCGLIB$$862825e3
2780:             1             48  com.nubia.channel.service.impl.ExportLogServiceImpl$$EnhancerBySpringCGLIB$$12c7f440
2781:             1             48  com.nubia.channel.service.impl.FeedbackServiceImpl$$EnhancerBySpringCGLIB$$702945e7
2782:             1             48  com.nubia.channel.service.impl.ImeiSearchServiceImpl$$EnhancerBySpringCGLIB$$d5ee92dc
2783:             2             48  com.nubia.channel.service.impl.ImportDataServiceImpl
2784:             1             48  com.nubia.channel.service.impl.NewCustomerServiceImpl$$EnhancerBySpringCGLIB$$90a09012
2785:             2             48  com.nubia.channel.service.impl.NiusaoSalesDataServiceImpl
2786:             1             48  com.nubia.channel.service.impl.NiusaoShopServiceImpl$$EnhancerBySpringCGLIB$$4470aecf
2787:             2             48  com.nubia.channel.service.impl.OrderServiceImpl
2788:             1             48  com.nubia.channel.service.impl.PlatformServiceImpl$$EnhancerBySpringCGLIB$$9d08f7b6
2789:             1             48  com.nubia.channel.service.impl.ProductMarketServiceImpl$$EnhancerBySpringCGLIB$$7d6eeda5
2790:             1             48  com.nubia.channel.service.impl.ProductServiceImpl$$EnhancerBySpringCGLIB$$bc83da41
2791:             1             48  com.nubia.channel.service.impl.RegionRoleServiceImpl$$EnhancerBySpringCGLIB$$b00aeae2
2792:             1             48  com.nubia.channel.service.impl.RegionServiceImpl$$EnhancerBySpringCGLIB$$3a34c135
2793:             1             48  com.nubia.channel.service.impl.RoleMenuServiceImpl$$EnhancerBySpringCGLIB$$3fa10a77
2794:             1             48  com.nubia.channel.service.impl.SaleServiceImpl$$EnhancerBySpringCGLIB$$4c564125
2795:             1             48  com.nubia.channel.service.impl.SalesAccountServiceImpl$$EnhancerBySpringCGLIB$$b5ff8ceb
2796:             1             48  com.nubia.channel.service.impl.SalesRegionRegionServiceImpl$$EnhancerBySpringCGLIB$$7fd7a0fc
2797:             1             48  com.nubia.channel.service.impl.SalesRegionServiceImpl$$EnhancerBySpringCGLIB$$ec8ebb90
2798:             1             48  com.nubia.channel.service.impl.SheetNoServiceImpl$$EnhancerBySpringCGLIB$$6a3cd430
2799:             1             48  com.nubia.channel.service.impl.StoreAppServiceIml$$EnhancerBySpringCGLIB$$62e1b60e
2800:             2             48  com.nubia.channel.service.impl.StoreServiceImpl
2801:             1             48  com.nubia.channel.service.impl.StoreUpgradeServiceImpl$$EnhancerBySpringCGLIB$$7cfc5371
2802:             1             48  com.nubia.channel.service.impl.TestServiceImpl$$EnhancerBySpringCGLIB$$69a8b25a
2803:             1             48  com.nubia.channel.service.impl.UserBehaviorServiceImpl$$EnhancerBySpringCGLIB$$556772f
2804:             2             48  com.nubia.channel.v1_1.controller.CustomerOrderController
2805:             2             48  com.nubia.channel.v1_1.controller.TerminalSalesController
2806:             2             48  com.nubia.channel.v1_1.controller.TerminalSalesImeiController
2807:             1             48  com.nubia.erp.service.impl.CustServiceImpl$$EnhancerBySpringCGLIB$$7f19a0b9
2808:             1             48  com.nubia.erp.service.impl.PartNameImpl$$EnhancerBySpringCGLIB$$68c97379
2809:             1             48  com.nubia.product.service.impl.ProductServiceImpl$$EnhancerBySpringCGLIB$$3ac548ad
2810:             1             48  com.nubia.r5.service.impl.BillServiceImpl$$EnhancerBySpringCGLIB$$fbe84dd5
2811:             1             48  com.nubia.rbac.service.impl.AdminLogServiceImpl$$EnhancerBySpringCGLIB$$32515467
2812:             1             48  com.nubia.rbac.service.impl.DynamicResServiceImpl$$EnhancerBySpringCGLIB$$70a04c3b
2813:             1             48  com.nubia.rbac.service.impl.MenuServiceImpl$$EnhancerBySpringCGLIB$$2db8ecfd
2814:             1             48  com.nubia.rbac.service.impl.ResTypeServiceImpl$$EnhancerBySpringCGLIB$$f82b9f44
2815:             1             48  com.nubia.rbac.service.impl.RoleServiceImpl$$EnhancerBySpringCGLIB$$b7b61d66
2816:             1             48  com.nubia.rbac.service.impl.UserOperationServiceImpl$$EnhancerBySpringCGLIB$$6cafd9a2
2817:             1             48  com.nubia.rbac.service.impl.UserSalesRegionServiceImpl$$EnhancerBySpringCGLIB$$2dc69569
2818:             2             48  com.sun.jmx.mbeanserver.ClassLoaderRepositorySupport$LoaderEntry
2819:             1             48  com.sun.jmx.mbeanserver.DefaultMXBeanMappingFactory$Mappings
2820:             2             48  com.sun.jmx.mbeanserver.WeakIdentityHashMap
2821:             3             48  com.sun.org.apache.xerces.internal.impl.dv.dtd.ListDatatypeValidator
2822:             1             48  com.sun.org.apache.xpath.internal.jaxp.XPathImpl
2823:             3             48  com.sun.proxy.$Proxy127
2824:             3             48  com.sun.proxy.$Proxy2
2825:             3             48  com.sun.proxy.$Proxy38
2826:             3             48  com.sun.proxy.$Proxy71
2827:             2             48  freemarker.cache.SoftCacheStorage
2828:             3             48  freemarker.ext.beans.BeansWrapper$1
2829:             2             48  freemarker.ext.beans.BeansWrapper$MethodSignature
2830:             3             48  freemarker.log._Log4JLoggerFactory$Log4JLogger
2831:             1             48  freemarker.template.Version
2832:             2             48  java.io.File$PathStatus
2833:             2             48  java.lang.reflect.ReflectPermission
2834:             2             48  java.net.InetAddress$Cache
2835:             2             48  java.net.InetAddress$Cache$Type
2836:             2             48  java.net.InetAddress$CacheEntry
2837:             2             48  java.net.InetSocketAddress$InetSocketAddressHolder
2838:             3             48  java.nio.channels.spi.AbstractSelector$1
2839:             2             48  java.nio.charset.CoderResult
2840:             3             48  java.nio.charset.CodingErrorAction
2841:             2             48  java.sql.DriverInfo
2842:             3             48  java.text.AttributedCharacterIterator$Attribute
2843:             2             48  java.time.format.DateTimeFormatterBuilder$1
2844:             2             48  java.time.format.DateTimeFormatterBuilder$ZoneIdPrinterParser
2845:             2             48  java.time.format.DateTimeTextProvider$LocaleStore
2846:             3             48  java.util.Base64$Decoder
2847:             3             48  java.util.Collections$SingletonSet
2848:             2             48  java.util.Collections$SynchronizedRandomAccessList
2849:             3             48  java.util.Timer$1
2850:             1             48  java.util.concurrent.locks.ReentrantReadWriteLock$FairSync
2851:             2             48  java.util.logging.Logger$LoggerBundle
2852:             2             48  java.util.regex.Pattern$1
2853:             2             48  java.util.regex.Pattern$5
2854:             1             48  java.util.regex.Pattern$GroupCurly
2855:             2             48  java.util.regex.Pattern$Prolog
2856:             2             48  javax.annotation.Resource$AuthenticationType
2857:             2             48  javax.persistence.FetchType
2858:             2             48  javax.persistence.FetchType
2859:             2             48  javax.validation.metadata.MethodType
2860:             2             48  javax.validation.metadata.MethodType
2861:             1             48  org.apache.catalina.core.StandardEngineValve
2862:             1             48  org.apache.catalina.core.StandardHostValve
2863:             1             48  org.apache.catalina.mapper.MapperListener
2864:             3             48  org.apache.catalina.realm.RealmBase$AllRolesMode
2865:             2             48  org.apache.catalina.startup.ContextRuleSet
2866:             1             48  org.apache.catalina.startup.HostConfig
2867:             2             48  org.apache.catalina.startup.NamingRuleSet
2868:             2             48  org.apache.catalina.startup.RealmRuleSet
2869:             2             48  org.apache.catalina.startup.SetContextPropertiesRule
2870:             2             48  org.apache.catalina.startup.WebappServiceLoader
2871:             2             48  org.apache.commons.fileupload.disk.DiskFileItemFactory
2872:             2             48  org.apache.ibatis.mapping.ResultFlag
2873:             2             48  org.apache.ibatis.session.LocalCacheScope
2874:             2             48  org.apache.ibatis.type.ArrayTypeHandler
2875:             2             48  org.apache.ibatis.type.BlobByteObjectArrayTypeHandler
2876:             2             48  org.apache.ibatis.type.CharacterTypeHandler
2877:             2             48  org.apache.ibatis.type.DateOnlyTypeHandler
2878:             2             48  org.apache.ibatis.type.DateTypeHandler
2879:             2             48  org.apache.ibatis.type.NClobTypeHandler
2880:             2             48  org.apache.ibatis.type.TimeOnlyTypeHandler
2881:             1             48  org.apache.ibatis.type.TypeHandlerRegistry$1
2882:             2             48  org.apache.juli.ClassLoaderLogManager$1
2883:             2             48  org.apache.juli.ClassLoaderLogManager$2
2884:             1             48  org.apache.log4j.Hierarchy
2885:             1             48  org.apache.log4j.Hierarchy
2886:             1             48  org.apache.log4j.helpers.PatternParser
2887:             1             48  org.apache.log4j.helpers.PatternParser
2888:             2             48  org.apache.tomcat.util.bcel.classfile.ConstantFloat
2889:             2             48  org.apache.tomcat.util.descriptor.web.FragmentJarScannerCallback
2890:             2             48  org.aspectj.bridge.MessageWriter
2891:             2             48  org.aspectj.bridge.MessageWriter
2892:             1             48  org.aspectj.weaver.patterns.Pointcut$MatchesNothingPointcut
2893:             1             48  org.aspectj.weaver.patterns.Pointcut$MatchesNothingPointcut
2894:             2             48  org.aspectj.weaver.reflect.PointcutParameterImpl
2895:             2             48  org.aspectj.weaver.tools.Jdk14Trace
2896:             2             48  org.aspectj.weaver.tools.Jdk14Trace
2897:             2             48  org.hibernate.EntityMode
2898:             2             48  org.hibernate.EntityMode
2899:             2             48  org.hibernate.annotations.PolymorphismType
2900:             2             48  org.hibernate.annotations.PolymorphismType
2901:             2             48  org.hibernate.boot.registry.classloading.internal.ClassLoaderServiceImpl
2902:             2             48  org.hibernate.boot.registry.classloading.internal.ClassLoaderServiceImpl
2903:             2             48  org.hibernate.boot.registry.selector.internal.StrategySelectorImpl
2904:             2             48  org.hibernate.boot.registry.selector.internal.StrategySelectorImpl
2905:             2             48  org.hibernate.cfg.BaselineSessionEventsListenerBuilder
2906:             2             48  org.hibernate.cfg.BaselineSessionEventsListenerBuilder
2907:             2             48  org.hibernate.cfg.Configuration$2
2908:             2             48  org.hibernate.cfg.Configuration$2
2909:             3             48  org.hibernate.cfg.EJB3DTDEntityResolver
2910:             3             48  org.hibernate.cfg.EJB3DTDEntityResolver
2911:             2             48  org.hibernate.cfg.Mappings$PropertyReference
2912:             2             48  org.hibernate.cfg.MetadataSourceType
2913:             2             48  org.hibernate.cfg.MetadataSourceType
2914:             3             48  org.hibernate.dialect.function.CastFunction
2915:             3             48  org.hibernate.dialect.function.CastFunction
2916:             2             48  org.hibernate.dialect.function.SQLFunctionRegistry
2917:             2             48  org.hibernate.dialect.function.SQLFunctionRegistry
2918:             2             48  org.hibernate.engine.config.internal.ConfigurationServiceImpl
2919:             2             48  org.hibernate.engine.config.internal.ConfigurationServiceImpl
2920:             2             48  org.hibernate.engine.jdbc.dialect.internal.DialectFactoryImpl
2921:             2             48  org.hibernate.engine.jdbc.dialect.internal.DialectFactoryImpl
2922:             1             48  org.hibernate.engine.query.spi.HQLQueryPlan
2923:             2             48  org.hibernate.event.service.internal.EventListenerRegistryImpl
2924:             2             48  org.hibernate.event.service.internal.EventListenerRegistryImpl
2925:             3             48  org.hibernate.exception.internal.SQLStateConversionDelegate
2926:             3             48  org.hibernate.exception.internal.SQLStateConversionDelegate
2927:             2             48  org.hibernate.hql.internal.ast.ErrorCounter
2928:             1             48  org.hibernate.hql.internal.ast.tree.FromElementType
2929:             2             48  org.hibernate.id.factory.internal.DefaultIdentifierGeneratorFactory
2930:             2             48  org.hibernate.id.factory.internal.DefaultIdentifierGeneratorFactory
2931:             2             48  org.hibernate.internal.SessionFactoryImpl$1IntegratorObserver
2932:             2             48  org.hibernate.internal.SessionFactoryImpl$1IntegratorObserver
2933:             3             48  org.hibernate.internal.util.MarkerObject
2934:             2             48  org.hibernate.internal.util.xml.XMLHelper
2935:             2             48  org.hibernate.internal.util.xml.XMLHelper
2936:             2             48  org.hibernate.mapping.Table$ForeignKeyKey
2937:             1             48  org.hibernate.tuple.entity.EntityBasedAssociationAttribute
2938:             3             48  org.mybatis.spring.SqlSessionTemplate$SqlSessionInterceptor
2939:             2             48  org.springframework.aop.aspectj.annotation.AspectMetadata
2940:             2             48  org.springframework.aop.aspectj.annotation.BeanFactoryAspectInstanceFactory
2941:             2             48  org.springframework.aop.aspectj.annotation.LazySingletonAspectInstanceFactoryDecorator
2942:             2             48  org.springframework.aop.aspectj.annotation.ReflectiveAspectJAdvisorFactory
2943:             2             48  org.springframework.aop.aspectj.annotation.ReflectiveAspectJAdvisorFactory
2944:             2             48  org.springframework.aop.framework.autoproxy.AbstractAdvisorAutoProxyCreator$BeanFactoryAdvisorRetrievalHelperAdapter
2945:             2             48  org.springframework.aop.framework.autoproxy.AbstractAdvisorAutoProxyCreator$BeanFactoryAdvisorRetrievalHelperAdapter
2946:             2             48  org.springframework.beans.factory.config.RuntimeBeanNameReference
2947:             2             48  org.springframework.beans.support.ResourceEditorRegistrar
2948:             2             48  org.springframework.beans.support.ResourceEditorRegistrar
2949:             2             48  org.springframework.cglib.core.AbstractClassGenerator$Source
2950:             2             48  org.springframework.context.annotation.ConfigurationCondition$ConfigurationPhase
2951:             2             48  org.springframework.context.annotation.ConfigurationCondition$ConfigurationPhase
2952:             2             48  org.springframework.context.annotation.ContextAnnotationAutowireCandidateResolver
2953:             2             48  org.springframework.context.annotation.ContextAnnotationAutowireCandidateResolver
2954:             2             48  org.springframework.context.event.AbstractApplicationEventMulticaster$ListenerCacheKey
2955:             2             48  org.springframework.context.event.AbstractApplicationEventMulticaster$ListenerCacheKey
2956:             2             48  org.springframework.context.support.PostProcessorRegistrationDelegate$ApplicationListenerDetector
2957:             2             48  org.springframework.context.support.PostProcessorRegistrationDelegate$ApplicationListenerDetector
2958:             2             48  org.springframework.context.support.PostProcessorRegistrationDelegate$BeanPostProcessorChecker
2959:             2             48  org.springframework.context.support.PostProcessorRegistrationDelegate$BeanPostProcessorChecker
2960:             2             48  org.springframework.context.support.PropertySourcesPlaceholderConfigurer$2
2961:             2             48  org.springframework.core.convert.converter.ConvertingComparator
2962:             2             48  org.springframework.core.convert.converter.ConvertingComparator
2963:             2             48  org.springframework.core.convert.support.GenericConversionService$ConverterCacheKey
2964:             2             48  org.springframework.core.env.PropertiesPropertySource
2965:             2             48  org.springframework.core.type.classreading.CachingMetadataReaderFactory
2966:             2             48  org.springframework.core.type.classreading.CachingMetadataReaderFactory
2967:             2             48  org.springframework.expression.spel.support.StandardTypeLocator
2968:             2             48  org.springframework.expression.spel.support.StandardTypeLocator
2969:             2             48  org.springframework.http.converter.ResourceHttpMessageConverter
2970:             1             48  org.springframework.jdbc.core.JdbcTemplate
2971:             2             48  org.springframework.orm.hibernate4.SpringSessionContext
2972:             2             48  org.springframework.orm.hibernate4.SpringSessionContext
2973:             3             48  org.springframework.transaction.interceptor.NameMatchTransactionAttributeSource
2974:             2             48  org.springframework.util.ConcurrentReferenceHashMap$ReferenceType
2975:             2             48  org.springframework.util.ConcurrentReferenceHashMap$ReferenceType
2976:             2             48  org.springframework.util.ConcurrentReferenceHashMap$Restructure
2977:             2             48  org.springframework.util.ConcurrentReferenceHashMap$Restructure
2978:             2             48  org.springframework.util.comparator.InvertibleComparator
2979:             2             48  org.springframework.util.comparator.InvertibleComparator
2980:             2             48  org.springframework.validation.beanvalidation.LocalValidatorFactoryBean$1
2981:             2             48  org.springframework.web.context.support.ServletContextAwareProcessor
2982:             2             48  org.springframework.web.context.support.ServletContextAwareProcessor
2983:             2             48  org.springframework.web.context.support.ServletContextPropertySource
2984:             2             48  org.springframework.web.context.support.ServletContextPropertySource
2985:             2             48  org.springframework.web.context.support.ServletContextResourcePatternResolver
2986:             2             48  org.springframework.web.context.support.ServletContextResourcePatternResolver
2987:             2             48  org.springframework.web.context.support.ServletContextScope
2988:             2             48  org.springframework.web.context.support.ServletContextScope
2989:             2             48  org.springframework.web.method.annotation.RequestHeaderMethodArgumentResolver
2990:             2             48  org.springframework.web.method.support.CompositeUriComponentsContributor
2991:             2             48  org.springframework.web.servlet.config.AnnotationDrivenBeanDefinitionParser$CompositeUriComponentsContributorFactoryBean
2992:             2             48  org.springframework.web.servlet.mvc.method.annotation.RequestPartMethodArgumentResolver
2993:             1             48  redis.clients.jedis.JedisClusterInfoCache
2994:             1             48  redis.clients.jedis.JedisClusterInfoCache
2995:             2             48  sun.management.ManagementFactoryHelper$1
2996:             3             48  sun.nio.ch.Util$2
2997:             1             48  sun.nio.cs.US_ASCII$Decoder
2998:             2             48  sun.nio.cs.ext.EUC_KR
2999:             2             48  sun.nio.cs.ext.JIS_X_0208_MS5022X
3000:             2             48  sun.nio.cs.ext.JIS_X_0212_MS5022X
3001:             3             48  sun.rmi.server.UnicastRef
3002:             2             48  sun.security.jca.ProviderList
3003:             2             48  sun.security.jca.ProviderList$3
3004:             2             48  sun.security.x509.AccessDescription
3005:             2             48  sun.security.x509.PolicyInformation
3006:             3             48  sun.text.normalizer.NormalizerBase$QuickCheckResult
3007:             1             48  sun.text.resources.FormatData
3008:             1             48  sun.text.resources.en.FormatData_en
3009:             1             48  sun.text.resources.en.FormatData_en_US
3010:             1             48  sun.text.resources.zh.FormatData_zh
3011:             1             48  sun.text.resources.zh.FormatData_zh_CN
3012:             1             48  sun.util.resources.CalendarData
3013:             1             48  sun.util.resources.CurrencyNames
3014:             1             48  sun.util.resources.TimeZoneNames
3015:             1             48  sun.util.resources.en.CalendarData_en
3016:             1             48  sun.util.resources.en.CurrencyNames_en_US
3017:             1             48  sun.util.resources.en.TimeZoneNames_en
3018:             1             48  sun.util.resources.zh.CalendarData_zh
3019:             1             48  sun.util.resources.zh.CurrencyNames_zh_CN
3020:             1             40  [Lcom.fasterxml.jackson.core.JsonParser$NumberType;
3021:             1             40  [Lcom.fasterxml.jackson.core.JsonParser$NumberType;
3022:             1             40  [Lcom.google.gson.FieldNamingPolicy;
3023:             1             40  [Lcom.google.gson.FieldNamingPolicy;
3024:             2             40  [Lcom.sun.jmx.mbeanserver.ClassLoaderRepositorySupport$LoaderEntry;
3025:             1             40  [Lcom.sun.org.apache.xerces.internal.util.Status;
3026:             1             40  [Ljava.lang.management.MemoryPoolMXBean;
3027:             1             40  [Ljava.time.format.SignStyle;
3028:             1             40  [Ljava.time.format.TextStyle;
3029:             1             40  [Ljava.util.stream.StreamOpFlag;
3030:             1             40  [Ljavax.persistence.SharedCacheMode;
3031:             1             40  [Ljavax.persistence.SharedCacheMode;
3032:             2             40  [Lorg.apache.catalina.mapper.Mapper$MappedHost;
3033:             1             40  [Lorg.aspectj.lang.reflect.PerClauseKind;
3034:             1             40  [Lorg.aspectj.lang.reflect.PerClauseKind;
3035:             2             40  [Lorg.aspectj.weaver.UnresolvedType;
3036:             2             40  [Lorg.aspectj.weaver.UnresolvedType;
3037:             1             40  [Lorg.hibernate.CacheMode;
3038:             1             40  [Lorg.hibernate.FlushMode;
3039:             1             40  [Lorg.hibernate.engine.transaction.spi.LocalStatus;
3040:             1             40  [Lorg.hibernate.sql.JoinType;
3041:             1             40  [Lorg.hibernate.sql.JoinType;
3042:             1             40  [Lorg.hibernate.tuple.PropertyFactory$NonIdentifierAttributeNature;
3043:             1             40  [Lorg.hibernate.tuple.PropertyFactory$NonIdentifierAttributeNature;
3044:             1             40  [Lorg.jboss.logging.Logger$Level;
3045:             1             40  [Lorg.jboss.logging.Logger$Level;
3046:             1             40  [Lorg.springframework.aop.aspectj.annotation.AbstractAspectJAdvisorFactory$AspectJAnnotationType;
3047:             1             40  [Lorg.springframework.aop.aspectj.annotation.AbstractAspectJAdvisorFactory$AspectJAnnotationType;
3048:             1             40  [Lsun.security.jca.ServiceId;
3049:             1             40  [Lsun.util.locale.provider.LocaleProviderAdapter$Type;
3050:             1             40  [[Ljava.lang.invoke.LambdaForm$Name;
3051:             1             40  antlr.LexerSharedInputState
3052:             1             40  com.fasterxml.jackson.databind.type.TypeBindings
3053:             1             40  com.google.gson.internal.Excluder
3054:             1             40  com.google.gson.internal.Excluder
3055:             1             40  com.mysql.jdbc.StandardSocketFactory
3056:             1             40  com.mysql.jdbc.util.ReadAheadInputStream
3057:             1             40  com.nubia.channel.cache.AutoLoadHandler
3058:             1             40  com.sun.beans.finder.MethodFinder$1
3059:             1             40  com.sun.jmx.interceptor.DefaultMBeanServerInterceptor
3060:             1             40  com.sun.jmx.mbeanserver.JmxMBeanServer
3061:             1             40  com.sun.jmx.mbeanserver.MBeanServerDelegateImpl
3062:             1             40  com.sun.org.apache.xerces.internal.impl.xs.XSParticleDecl
3063:             1             40  compressionFilters.CompressionFilter
3064:             1             40  java.beans.WeakIdentityMap$Entry
3065:             1             40  java.io.ObjectStreamClass$FieldReflector
3066:             1             40  java.io.ObjectStreamClass$FieldReflectorKey
3067:             1             40  java.io.StringReader
3068:             1             40  java.lang.invoke.MethodHandleImpl$AsVarargsCollector
3069:             1             40  java.time.format.DateTimeFormatterBuilder
3070:             1             40  java.util.ResourceBundle$1
3071:             1             40  javax.servlet.MultipartConfigElement
3072:             1             40  org.apache.catalina.mbeans.ConnectorMBean
3073:             1             40  org.apache.catalina.mbeans.ServiceMBean
3074:             1             40  org.apache.catalina.realm.MessageDigestCredentialHandler
3075:             1             40  org.apache.commons.logging.impl.LogFactoryImpl
3076:             1             40  org.apache.commons.logging.impl.LogFactoryImpl
3077:             1             40  org.apache.coyote.AbstractProtocol$RecycledProcessors
3078:             1             40  org.apache.ibatis.parsing.XNode
3079:             1             40  org.apache.log4j.helpers.PatternParser$CategoryPatternConverter
3080:             1             40  org.apache.log4j.helpers.PatternParser$CategoryPatternConverter
3081:             1             40  org.apache.log4j.helpers.PatternParser$DatePatternConverter
3082:             1             40  org.apache.log4j.helpers.PatternParser$DatePatternConverter
3083:             1             40  org.apache.log4j.spi.RootLogger
3084:             1             40  org.apache.log4j.spi.RootLogger
3085:             1             40  org.apache.tomcat.util.modeler.Registry
3086:             1             40  org.aspectj.weaver.patterns.AnyTypePattern
3087:             1             40  org.aspectj.weaver.patterns.AnyTypePattern
3088:             1             40  org.aspectj.weaver.patterns.NoTypePattern
3089:             1             40  org.aspectj.weaver.patterns.NoTypePattern
3090:             1             40  org.hibernate.dialect.MySQL5Dialect
3091:             1             40  org.hibernate.dialect.SQLServerDialect
3092:             1             40  org.hibernate.dialect.function.AnsiTrimEmulationFunction
3093:             1             40  org.hibernate.engine.spi.LoadQueryInfluencers
3094:             1             40  org.hibernate.engine.spi.LoadQueryInfluencers
3095:             1             40  org.hibernate.mapping.ForeignKey
3096:             1             40  org.hibernate.tuple.entity.EntityBasedCompositionAttribute
3097:             1             40  org.springframework.orm.hibernate4.support.OpenSessionInViewFilter
3098:             1             40  org.springframework.orm.hibernate4.support.OpenSessionInViewFilter
3099:             1             40  org.springframework.transaction.interceptor.BeanFactoryTransactionAttributeSourceAdvisor
3100:             1             40  org.springframework.transaction.interceptor.DefaultTransactionAttribute
3101:             1             40  org.springframework.ui.context.support.ResourceBundleThemeSource
3102:             1             40  org.springframework.ui.context.support.ResourceBundleThemeSource
3103:             1             40  sun.management.DiagnosticCommandImpl
3104:             1             40  sun.management.resources.agent
3105:             1             40  sun.management.resources.agent_zh_CN
3106:             1             40  sun.misc.Cleaner
3107:             1             40  sun.nio.cs.StandardCharsets$Aliases
3108:             1             40  sun.nio.cs.StandardCharsets$Cache
3109:             1             40  sun.nio.cs.StandardCharsets$Classes
3110:             1             40  sun.nio.cs.ext.ExtendedCharsets
3111:             1             40  sun.security.provider.DSAPublicKeyImpl
3112:             1             40  sun.security.util.AuthResources
3113:             1             40  sun.security.util.AuthResources_zh_CN
3114:             1             40  sun.util.logging.resources.logging
3115:             1             40  sun.util.logging.resources.logging_zh_CN
3116:             1             32  [Lcn.nubia.framework.validator.internal.metadata.raw.ConfigurationSource;
3117:             1             32  [Lcn.nubia.framework.validator.internal.metadata.raw.ConfigurationSource;
3118:             1             32  [Lcn.nubia.framework.validator.internal.util.ConcurrentReferenceHashMap$ReferenceType;
3119:             1             32  [Lcn.nubia.framework.validator.internal.util.ConcurrentReferenceHashMap$ReferenceType;
3120:             1             32  [Lcom.fasterxml.jackson.annotation.JsonInclude$Include;
3121:             1             32  [Lcom.fasterxml.jackson.core.JsonFactory$Feature;
3122:             1             32  [Lcom.fasterxml.jackson.core.JsonFactory$Feature;
3123:             2             32  [Lcom.fasterxml.jackson.databind.JavaType;
3124:             2             32  [Lcom.fasterxml.jackson.databind.deser.Deserializers;
3125:             2             32  [Lcom.fasterxml.jackson.databind.deser.Deserializers;
3126:             1             32  [Lcom.nubia.channel.cache.AutoLoadQueueSortType;
3127:             1             32  [Lcom.nubia.channel.pipline.BasePipline$StorageKey;
3128:             1             32  [Lcom.sun.beans.util.Cache$Kind;
3129:             1             32  [Lcom.sun.jndi.ldap.pool.Pool;
3130:             1             32  [Lcom.sun.org.apache.xalan.internal.utils.XMLSecurityManager$NameMap;
3131:             1             32  [Lcom.sun.org.apache.xerces.internal.impl.dv.xs.AbstractDateTimeDV$DateTimeData;
3132:             1             32  [Ljava.io.ObjectStreamClass$ClassDataSlot;
3133:             2             32  [Ljava.lang.Enum;
3134:             1             32  [Ljava.lang.OutOfMemoryError;
3135:             1             32  [Ljava.lang.management.MemoryManagerMXBean;
3136:             1             32  [Ljava.net.Proxy$Type;
3137:             1             32  [Ljava.text.Normalizer$Form;
3138:             1             32  [Ljava.time.format.DateTimeFormatterBuilder$SettingsParser;
3139:             1             32  [Ljava.time.format.FormatStyle;
3140:             1             32  [Ljava.time.format.ResolverStyle;
3141:             1             32  [Ljava.time.temporal.IsoFields$Field;
3142:             1             32  [Ljava.util.stream.StreamShape;
3143:             1             32  [Ljavax.persistence.DiscriminatorType;
3144:             1             32  [Ljavax.persistence.DiscriminatorType;
3145:             1             32  [Ljavax.persistence.InheritanceType;
3146:             1             32  [Ljavax.persistence.InheritanceType;
3147:             1             32  [Lorg.apache.catalina.WebResourceRoot$ResourceSetType;
3148:             1             32  [Lorg.apache.catalina.startup.ClassLoaderFactory$RepositoryType;
3149:             1             32  [Lorg.apache.ibatis.mapping.ParameterMode;
3150:             1             32  [Lorg.apache.ibatis.session.AutoMappingBehavior;
3151:             1             32  [Lorg.apache.ibatis.session.ExecutorType;
3152:             1             32  [Lorg.apache.tomcat.JarScanType;
3153:             1             32  [Lorg.apache.tomcat.util.net.AbstractEndpoint$Acceptor$AcceptorState;
3154:             1             32  [Lorg.apache.tomcat.util.net.AbstractEndpoint$BindState;
3155:             1             32  [Lorg.apache.tomcat.util.net.jsse.openssl.Protocol;
3156:             1             32  [Lorg.apache.tomcat.websocket.pojo.PojoMethodMapping$MethodType;
3157:             2             32  [Lorg.aspectj.apache.bcel.classfile.Attribute;
3158:             2             32  [Lorg.aspectj.apache.bcel.classfile.Field;
3159:             2             32  [Lorg.aspectj.apache.bcel.classfile.Method;
3160:             1             32  [Lorg.hibernate.ConnectionReleaseMode;
3161:             1             32  [Lorg.hibernate.ConnectionReleaseMode;
3162:             1             32  [Lorg.hibernate.MultiTenancyStrategy;
3163:             1             32  [Lorg.hibernate.MultiTenancyStrategy;
3164:             1             32  [Lorg.hibernate.NullPrecedence;
3165:             1             32  [Lorg.hibernate.NullPrecedence;
3166:             1             32  [Lorg.hibernate.annotations.OptimisticLockType;
3167:             1             32  [Lorg.hibernate.annotations.OptimisticLockType;
3168:             1             32  [Lorg.hibernate.cache.spi.access.AccessType;
3169:             1             32  [Lorg.hibernate.cache.spi.access.AccessType;
3170:             1             32  [Lorg.hibernate.cfg.AccessType;
3171:             1             32  [Lorg.hibernate.cfg.AccessType;
3172:             1             32  [Lorg.hibernate.cfg.AnnotatedClassType;
3173:             1             32  [Lorg.hibernate.cfg.AnnotatedClassType;
3174:             1             32  [Lorg.hibernate.cfg.annotations.Nullability;
3175:             1             32  [Lorg.hibernate.cfg.annotations.Nullability;
3176:             1             32  [Lorg.hibernate.cfg.beanvalidation.GroupsPerOperation$Operation;
3177:             1             32  [Lorg.hibernate.cfg.beanvalidation.GroupsPerOperation$Operation;
3178:             1             32  [Lorg.hibernate.cfg.beanvalidation.ValidationMode;
3179:             1             32  [Lorg.hibernate.cfg.beanvalidation.ValidationMode;
3180:             1             32  [Lorg.hibernate.engine.FetchStyle;
3181:             1             32  [Lorg.hibernate.engine.FetchStyle;
3182:             1             32  [Lorg.hibernate.engine.FetchTiming;
3183:             1             32  [Lorg.hibernate.engine.FetchTiming;
3184:             1             32  [Lorg.hibernate.engine.OptimisticLockStyle;
3185:             1             32  [Lorg.hibernate.engine.OptimisticLockStyle;
3186:             1             32  [Lorg.hibernate.engine.jdbc.internal.FormatStyle;
3187:             1             32  [Lorg.hibernate.engine.jdbc.spi.ExtractedDatabaseMetaData$SQLStateType;
3188:             1             32  [Lorg.hibernate.engine.jdbc.spi.ExtractedDatabaseMetaData$SQLStateType;
3189:             2             32  [Lorg.hibernate.engine.query.spi.OrdinalParameterDescriptor;
3190:             1             32  [Lorg.hibernate.engine.spi.EntityEntry$BooleanState;
3191:             1             32  [Lorg.hibernate.engine.transaction.jta.platform.internal.WebSphereJtaPlatform$WebSphereEnvironment;
3192:             1             32  [Lorg.hibernate.engine.transaction.jta.platform.internal.WebSphereJtaPlatform$WebSphereEnvironment;
3193:             1             32  [Lorg.hibernate.engine.transaction.spi.JoinStatus;
3194:             1             32  [Lorg.hibernate.internal.util.collections.BoundedConcurrentHashMap$Eviction;
3195:             1             32  [Lorg.hibernate.internal.util.collections.BoundedConcurrentHashMap$Eviction;
3196:             1             32  [Lorg.hibernate.internal.util.collections.BoundedConcurrentHashMap$Recency;
3197:             1             32  [Lorg.hibernate.internal.util.collections.BoundedConcurrentHashMap$Recency;
3198:             1             32  [Lorg.hibernate.internal.util.collections.ConcurrentReferenceHashMap$ReferenceType;
3199:             1             32  [Lorg.hibernate.loader.BatchFetchStyle;
3200:             1             32  [Lorg.hibernate.loader.BatchFetchStyle;
3201:             1             32  [Lorg.hibernate.loader.plan.spi.LoadPlan$Disposition;
3202:             1             32  [Lorg.hibernate.loader.plan.spi.LoadPlan$Disposition;
3203:             1             32  [Lorg.hibernate.loader.plan.spi.QuerySpace$Disposition;
3204:             1             32  [Lorg.hibernate.loader.plan.spi.QuerySpace$Disposition;
3205:             1             32  [Lorg.hibernate.metamodel.relational.Size$LobMultiplier;
3206:             1             32  [Lorg.hibernate.metamodel.relational.Size$LobMultiplier;
3207:             1             32  [Lorg.hibernate.tuple.GenerationTiming;
3208:             1             32  [Lorg.hibernate.tuple.GenerationTiming;
3209:             1             32  [Lorg.springframework.context.annotation.ScopedProxyMode;
3210:             1             32  [Lorg.springframework.context.annotation.ScopedProxyMode;
3211:             1             32  [Lorg.springframework.core.type.filter.TypeFilter;
3212:             1             32  [Lorg.springframework.core.type.filter.TypeFilter;
3213:             1             32  [Lorg.springframework.expression.spel.SpelCompilerMode;
3214:             1             32  [Lorg.springframework.expression.spel.SpelCompilerMode;
3215:             1             32  [Lorg.springframework.format.datetime.standard.DateTimeFormatterRegistrar$Type;
3216:             2             32  [Lorg.springframework.web.context.request.async.CallableProcessingInterceptor;
3217:             2             32  [Lorg.springframework.web.context.request.async.DeferredResultProcessingInterceptor;
3218:             1             32  [Lsun.nio.fs.NativeBuffer;
3219:             1             32  [Lsun.security.provider.NativePRNG$Variant;
3220:             2             32  [[Lorg.aspectj.weaver.ResolvedType;
3221:             2             32  [[Lorg.aspectj.weaver.ResolvedType;
3222:             1             32  antlr.CharBuffer
3223:             1             32  antlr.CharQueue
3224:             1             32  antlr.TokenBuffer
3225:             1             32  antlr.TokenQueue
3226:             2             32  cn.nubia.framework.core.ApplicationContextHelper
3227:             2             32  cn.nubia.framework.validator.internal.engine.DefaultParameterNameProvider
3228:             2             32  cn.nubia.framework.validator.internal.engine.constraintvalidation.ConstraintValidatorFactoryImpl
3229:             2             32  cn.nubia.framework.validator.internal.engine.constraintvalidation.ConstraintValidatorFactoryImpl
3230:             2             32  cn.nubia.framework.validator.internal.engine.resolver.DefaultTraversableResolver
3231:             2             32  cn.nubia.framework.validator.internal.metadata.core.ConstraintHelper$ValidatorClassMap
3232:             2             32  cn.nubia.framework.validator.internal.util.ExecutableHelper
3233:             2             32  cn.nubia.framework.validator.internal.util.TypeResolutionHelper
3234:             2             32  com.alibaba.druid.pool.DruidDataSourceStatLoggerImpl
3235:             2             32  com.alibaba.druid.pool.DruidDataSourceStatLoggerImpl
3236:             1             32  com.alibaba.druid.proxy.DruidDriver
3237:             2             32  com.fasterxml.classmate.TypeResolver
3238:             2             32  com.fasterxml.classmate.util.ResolvedTypeCache
3239:             1             32  com.fasterxml.jackson.core.io.SerializedString
3240:             1             32  com.fasterxml.jackson.core.util.DefaultPrettyPrinter
3241:             1             32  com.fasterxml.jackson.core.util.DefaultPrettyPrinter
3242:             1             32  com.fasterxml.jackson.databind.cfg.DeserializerFactoryConfig
3243:             1             32  com.fasterxml.jackson.databind.cfg.DeserializerFactoryConfig
3244:             1             32  com.fasterxml.jackson.databind.introspect.AnnotatedConstructor
3245:             1             32  com.fasterxml.jackson.databind.introspect.VisibilityChecker$Std
3246:             1             32  com.fasterxml.jackson.databind.introspect.VisibilityChecker$Std
3247:             2             32  com.fasterxml.jackson.databind.node.JsonNodeFactory
3248:             2             32  com.fasterxml.jackson.databind.node.JsonNodeFactory
3249:             2             32  com.fasterxml.jackson.databind.ser.impl.PropertySerializerMap$Empty
3250:             1             32  com.fasterxml.jackson.databind.ser.std.NumberSerializers$DoubleSerializer
3251:             1             32  com.fasterxml.jackson.databind.ser.std.NumberSerializers$DoubleSerializer
3252:             1             32  com.fasterxml.jackson.databind.ser.std.NumberSerializers$FloatSerializer
3253:             1             32  com.fasterxml.jackson.databind.ser.std.NumberSerializers$FloatSerializer
3254:             1             32  com.fasterxml.jackson.databind.ser.std.NumberSerializers$IntLikeSerializer
3255:             1             32  com.fasterxml.jackson.databind.ser.std.NumberSerializers$IntLikeSerializer
3256:             1             32  com.fasterxml.jackson.databind.ser.std.NumberSerializers$IntegerSerializer
3257:             1             32  com.fasterxml.jackson.databind.ser.std.NumberSerializers$IntegerSerializer
3258:             1             32  com.fasterxml.jackson.databind.ser.std.NumberSerializers$LongSerializer
3259:             1             32  com.fasterxml.jackson.databind.ser.std.NumberSerializers$LongSerializer
3260:             1             32  com.fasterxml.jackson.databind.ser.std.NumberSerializers$ShortSerializer
3261:             1             32  com.fasterxml.jackson.databind.ser.std.NumberSerializers$ShortSerializer
3262:             1             32  com.fasterxml.jackson.databind.type.TypeFactory
3263:             1             32  com.fasterxml.jackson.databind.type.TypeFactory
3264:             2             32  com.mysql.jdbc.Driver
3265:             1             32  com.mysql.jdbc.JDBC4DatabaseMetaData
3266:             1             32  com.mysql.jdbc.NonRegisteringDriver$ConnectionPhantomReference
3267:             1             32  com.mysql.jdbc.authentication.Sha256PasswordPlugin
3268:             2             32  com.nubia.channel.aspectj.FormAspect
3269:             1             32  com.nubia.channel.cache.AutoLoadConfig
3270:             1             32  com.nubia.channel.cache.CachePointCut
3271:             2             32  com.nubia.channel.common.BaseDao
3272:             2             32  com.nubia.channel.common.BaseService
3273:             1             32  com.nubia.channel.component.ShopStateManager
3274:             2             32  com.nubia.channel.controller.ImeiCheckController
3275:             2             32  com.nubia.channel.controller.RegionController
3276:             2             32  com.nubia.channel.controller.SalesAccountController
3277:             2             32  com.nubia.channel.controller.SelectRegionController
3278:             2             32  com.nubia.channel.controller.TestController
3279:             2             32  com.nubia.channel.controller.UserBehaviorController
3280:             2             32  com.nubia.channel.controller.UserLoginArea
3281:             2             32  com.nubia.channel.excel.interceptor.ExportExcelInterceptor
3282:             2             32  com.nubia.channel.mvc.aspectj.FormAspect
3283:             2             32  com.nubia.channel.mvc.exception.ApiExceptionHandler
3284:             2             32  com.nubia.channel.mvc.service.impl.CsmServiceImpl
3285:             2             32  com.nubia.channel.mvc.service.impl.ExternalAuthConfigServiceImpl
3286:             2             32  com.nubia.channel.service.impl.AppMenuServiceImpl
3287:             2             32  com.nubia.channel.service.impl.AppPCMenuServiceImpl
3288:             2             32  com.nubia.channel.service.impl.BasicDataServiceImpl
3289:             2             32  com.nubia.channel.service.impl.ChannelServiceImpl
3290:             2             32  com.nubia.channel.service.impl.ConfigServiceImpl
3291:             2             32  com.nubia.channel.service.impl.ConstServiceImpl
3292:             2             32  com.nubia.channel.service.impl.CustomerSearchServiceImpl
3293:             2             32  com.nubia.channel.service.impl.CustomerServiceImpl
3294:             2             32  com.nubia.channel.service.impl.DataGatherAPPServiceImpl
3295:             2             32  com.nubia.channel.service.impl.DataProductServiceImpl
3296:             2             32  com.nubia.channel.service.impl.DataStatServiceImpl
3297:             2             32  com.nubia.channel.service.impl.ElsewhereServiceImpl
3298:             2             32  com.nubia.channel.service.impl.ElsewhereWholeServiceImpl
3299:             2             32  com.nubia.channel.service.impl.ExportLogServiceImpl
3300:             2             32  com.nubia.channel.service.impl.FeedbackServiceImpl
3301:             2             32  com.nubia.channel.service.impl.ImeiSearchServiceImpl
3302:             2             32  com.nubia.channel.service.impl.NewCustomerServiceImpl
3303:             2             32  com.nubia.channel.service.impl.NiusaoShopServiceImpl
3304:             2             32  com.nubia.channel.service.impl.PlatformServiceImpl
3305:             2             32  com.nubia.channel.service.impl.ProductMarketServiceImpl
3306:             2             32  com.nubia.channel.service.impl.ProductServiceImpl
3307:             2             32  com.nubia.channel.service.impl.RegionRoleServiceImpl
3308:             2             32  com.nubia.channel.service.impl.RegionServiceImpl
3309:             2             32  com.nubia.channel.service.impl.RoleMenuServiceImpl
3310:             2             32  com.nubia.channel.service.impl.SaleServiceImpl
3311:             2             32  com.nubia.channel.service.impl.SalesAccountServiceImpl
3312:             2             32  com.nubia.channel.service.impl.SalesRegionRegionServiceImpl
3313:             2             32  com.nubia.channel.service.impl.SalesRegionServiceImpl
3314:             2             32  com.nubia.channel.service.impl.SheetNoServiceImpl
3315:             2             32  com.nubia.channel.service.impl.StockoutTraceServiceImpl
3316:             2             32  com.nubia.channel.service.impl.StoreAppServiceIml
3317:             2             32  com.nubia.channel.service.impl.StoreUpgradeServiceImpl
3318:             2             32  com.nubia.channel.service.impl.TestServiceImpl
3319:             2             32  com.nubia.channel.service.impl.TmallCustomerServiceImpl
3320:             2             32  com.nubia.channel.service.impl.UserBehaviorServiceImpl
3321:             2             32  com.nubia.product.service.impl.ProductServiceImpl
3322:             2             32  com.nubia.rbac.service.impl.AdminLogServiceImpl
3323:             2             32  com.nubia.rbac.service.impl.DynamicResServiceImpl
3324:             2             32  com.nubia.rbac.service.impl.MenuServiceImpl
3325:             2             32  com.nubia.rbac.service.impl.ResTypeServiceImpl
3326:             2             32  com.nubia.rbac.service.impl.RoleServiceImpl
3327:             1             32  com.nubia.rbac.service.impl.SysUserServiceImpl
3328:             2             32  com.nubia.rbac.service.impl.UserOperationServiceImpl
3329:             2             32  com.nubia.rbac.service.impl.UserSalesRegionServiceImpl
3330:             2             32  com.sun.beans.WeakCache
3331:             1             32  com.sun.beans.finder.BeanInfoFinder
3332:             1             32  com.sun.jmx.mbeanserver.Repository
3333:             1             32  com.sun.org.apache.xalan.internal.utils.FeatureManager$Feature
3334:             1             32  com.sun.org.apache.xerces.internal.impl.XMLEntityScanner$1
3335:             2             32  com.sun.org.apache.xerces.internal.impl.dv.dtd.ENTITYDatatypeValidator
3336:             2             32  com.sun.org.apache.xerces.internal.impl.dv.xs.QNameDV
3337:             2             32  com.sun.org.apache.xerces.internal.impl.xpath.regex.Token
3338:             1             32  com.sun.org.apache.xerces.internal.impl.xs.XSModelGroupImpl
3339:             2             32  com.sun.proxy.$Proxy100
3340:             2             32  com.sun.proxy.$Proxy101
3341:             2             32  com.sun.proxy.$Proxy102
3342:             2             32  com.sun.proxy.$Proxy103
3343:             2             32  com.sun.proxy.$Proxy104
3344:             2             32  com.sun.proxy.$Proxy105
3345:             2             32  com.sun.proxy.$Proxy106
3346:             2             32  com.sun.proxy.$Proxy107
3347:             2             32  com.sun.proxy.$Proxy108
3348:             2             32  com.sun.proxy.$Proxy109
3349:             2             32  com.sun.proxy.$Proxy110
3350:             2             32  com.sun.proxy.$Proxy111
3351:             2             32  com.sun.proxy.$Proxy112
3352:             2             32  com.sun.proxy.$Proxy113
3353:             2             32  com.sun.proxy.$Proxy114
3354:             2             32  com.sun.proxy.$Proxy115
3355:             2             32  com.sun.proxy.$Proxy116
3356:             2             32  com.sun.proxy.$Proxy117
3357:             2             32  com.sun.proxy.$Proxy118
3358:             2             32  com.sun.proxy.$Proxy119
3359:             2             32  com.sun.proxy.$Proxy120
3360:             2             32  com.sun.proxy.$Proxy121
3361:             2             32  com.sun.proxy.$Proxy122
3362:             2             32  com.sun.proxy.$Proxy123
3363:             2             32  com.sun.proxy.$Proxy124
3364:             2             32  com.sun.proxy.$Proxy125
3365:             2             32  com.sun.proxy.$Proxy126
3366:             2             32  com.sun.proxy.$Proxy130
3367:             2             32  com.sun.proxy.$Proxy131
3368:             2             32  com.sun.proxy.$Proxy132
3369:             2             32  com.sun.proxy.$Proxy14
3370:             2             32  com.sun.proxy.$Proxy16
3371:             2             32  com.sun.proxy.$Proxy35
3372:             2             32  com.sun.proxy.$Proxy37
3373:             2             32  com.sun.proxy.$Proxy43
3374:             2             32  com.sun.proxy.$Proxy57
3375:             2             32  com.sun.proxy.$Proxy59
3376:             2             32  com.sun.proxy.$Proxy70
3377:             2             32  com.sun.proxy.$Proxy75
3378:             2             32  com.sun.proxy.$Proxy78
3379:             2             32  com.sun.proxy.$Proxy79
3380:             2             32  com.sun.proxy.$Proxy80
3381:             2             32  com.sun.proxy.$Proxy81
3382:             2             32  com.sun.proxy.$Proxy82
3383:             2             32  com.sun.proxy.$Proxy84
3384:             2             32  com.sun.proxy.$Proxy85
3385:             2             32  com.sun.proxy.$Proxy86
3386:             2             32  com.sun.proxy.$Proxy87
3387:             2             32  com.sun.proxy.$Proxy88
3388:             2             32  com.sun.proxy.$Proxy89
3389:             2             32  com.sun.proxy.$Proxy90
3390:             2             32  com.sun.proxy.$Proxy91
3391:             2             32  com.sun.proxy.$Proxy92
3392:             2             32  com.sun.proxy.$Proxy93
3393:             2             32  com.sun.proxy.$Proxy94
3394:             2             32  com.sun.proxy.$Proxy95
3395:             2             32  com.sun.proxy.$Proxy96
3396:             2             32  com.sun.proxy.$Proxy97
3397:             2             32  com.sun.proxy.$Proxy98
3398:             2             32  com.sun.proxy.$Proxy99
3399:             2             32  freemarker.template.utility.CaptureOutput
3400:             2             32  freemarker.template.utility.HtmlEscape
3401:             2             32  freemarker.template.utility.NormalizeNewlines
3402:             2             32  freemarker.template.utility.XmlEscape
3403:             1             32  java.beans.ThreadGroupContext
3404:             1             32  java.beans.ThreadGroupContext$1
3405:             1             32  java.io.SerializablePermission
3406:             1             32  java.io.UnixFileSystem
3407:             1             32  java.lang.ArithmeticException
3408:             1             32  java.lang.ArrayIndexOutOfBoundsException
3409:             1             32  java.lang.ArrayStoreException
3410:             1             32  java.lang.ClassCastException
3411:             1             32  java.lang.Exception
3412:             1             32  java.lang.NullPointerException
3413:             2             32  java.lang.Shutdown$Lock
3414:             1             32  java.lang.reflect.WeakCache
3415:             2             32  java.net.InetSocketAddress
3416:             2             32  java.nio.ByteOrder
3417:             1             32  java.security.AlgorithmParameters
3418:             1             32  java.text.DontCareFieldPosition
3419:             1             32  java.time.format.DateTimeFormatterBuilder$FractionPrinterParser
3420:             2             32  java.time.format.DateTimeFormatterBuilder$StringLiteralPrinterParser
3421:             2             32  java.util.IdentityHashMap$EntrySet
3422:             2             32  java.util.IdentityHashMap$Values
3423:             1             32  java.util.concurrent.ScheduledThreadPoolExecutor$DelayedWorkQueue
3424:             2             32  java.util.logging.ErrorManager
3425:             1             32  java.util.logging.LogManager$SystemLoggerContext
3426:             2             32  java.util.logging.SimpleFormatter
3427:             2             32  javax.management.remote.rmi.RMIServerImpl_Stub
3428:             2             32  javax.xml.xpath.SecuritySupport
3429:             2             32  org.apache.catalina.core.ContainerBase$StartChild
3430:             1             32  org.apache.catalina.core.JreMemoryLeakPreventionListener
3431:             1             32  org.apache.catalina.mapper.Mapper$MappedHost
3432:             1             32  org.apache.catalina.startup.Bootstrap
3433:             1             32  org.apache.catalina.startup.Catalina
3434:             1             32  org.apache.catalina.startup.ContextConfig$DefaultWebXmlCacheEntry
3435:             1             32  org.apache.coyote.http11.Http11NioProtocol$Http11ConnectionHandler
3436:             1             32  org.apache.ibatis.ognl.EvaluationPool
3437:             1             32  org.apache.ibatis.ognl.IntHashMap
3438:             1             32  org.apache.ibatis.parsing.XPathParser
3439:             2             32  org.apache.ibatis.session.Configuration$StrictMap$Ambiguity
3440:             1             32  org.apache.ibatis.type.TypeHandlerRegistry
3441:             1             32  org.apache.log4j.PatternLayout
3442:             1             32  org.apache.log4j.PatternLayout
3443:             1             32  org.apache.log4j.helpers.QuietWriter
3444:             1             32  org.apache.log4j.helpers.QuietWriter
3445:             1             32  org.apache.tomcat.util.descriptor.tld.TldRuleSet$Variable
3446:             1             32  org.apache.tomcat.util.descriptor.web.MultipartDef
3447:             1             32  org.apache.tomcat.util.threads.LimitLatch
3448:             1             32  org.apache.tomcat.util.threads.LimitLatch$Sync
3449:             1             32  org.apache.tomcat.util.threads.TaskThreadFactory
3450:             1             32  org.aspectj.internal.lang.reflect.PointcutImpl
3451:             1             32  org.aspectj.internal.lang.reflect.PointcutImpl
3452:             2             32  org.aspectj.weaver.ast.Literal
3453:             2             32  org.aspectj.weaver.ast.Literal
3454:             1             32  org.aspectj.weaver.patterns.AnyAnnotationTypePattern
3455:             1             32  org.aspectj.weaver.patterns.AnyAnnotationTypePattern
3456:             1             32  org.aspectj.weaver.patterns.BasicToken
3457:             1             32  org.aspectj.weaver.patterns.BasicToken
3458:             1             32  org.aspectj.weaver.patterns.EllipsisAnnotationTypePattern
3459:             1             32  org.aspectj.weaver.patterns.EllipsisAnnotationTypePattern
3460:             1             32  org.aspectj.weaver.patterns.ThrowsPattern
3461:             1             32  org.aspectj.weaver.patterns.ThrowsPattern
3462:             2             32  org.aspectj.weaver.patterns.TypePattern$MatchKind
3463:             2             32  org.aspectj.weaver.patterns.TypePattern$MatchKind
3464:             2             32  org.hibernate.annotations.common.reflection.java.JavaMetadataProvider
3465:             2             32  org.hibernate.annotations.common.reflection.java.JavaMetadataProvider
3466:             2             32  org.hibernate.annotations.common.reflection.java.generics.TypeEnvironmentFactory
3467:             2             32  org.hibernate.annotations.common.reflection.java.generics.TypeEnvironmentFactory
3468:             2             32  org.hibernate.cache.internal.CollectionCacheInvalidator
3469:             2             32  org.hibernate.cache.internal.CollectionCacheInvalidator
3470:             2             32  org.hibernate.cfg.Configuration$3
3471:             2             32  org.hibernate.cfg.Configuration$3
3472:             2             32  org.hibernate.cfg.Configuration$ObjectNameNormalizerImpl
3473:             2             32  org.hibernate.cfg.Configuration$ObjectNameNormalizerImpl
3474:             2             32  org.hibernate.cfg.SettingsFactory
3475:             2             32  org.hibernate.cfg.SettingsFactory
3476:             2             32  org.hibernate.cfg.beanvalidation.BeanValidationIntegrator
3477:             2             32  org.hibernate.cfg.beanvalidation.BeanValidationIntegrator
3478:             2             32  org.hibernate.cfg.beanvalidation.GroupsPerOperation
3479:             2             32  org.hibernate.cfg.beanvalidation.GroupsPerOperation
3480:             2             32  org.hibernate.dialect.MySQLDialect$1
3481:             1             32  org.hibernate.dialect.function.VarArgsSQLFunction
3482:             2             32  org.hibernate.dialect.unique.DefaultUniqueDelegate
3483:             2             32  org.hibernate.dialect.unique.DefaultUniqueDelegate
3484:             2             32  org.hibernate.engine.jdbc.dialect.internal.DialectResolverSet
3485:             2             32  org.hibernate.engine.jdbc.dialect.internal.DialectResolverSet
3486:             2             32  org.hibernate.engine.jdbc.internal.LobCreatorBuilder
3487:             2             32  org.hibernate.engine.jdbc.internal.LobCreatorBuilder
3488:             2             32  org.hibernate.engine.jdbc.spi.SqlExceptionHelper
3489:             2             32  org.hibernate.engine.jdbc.spi.SqlExceptionHelper
3490:             2             32  org.hibernate.engine.jdbc.spi.SqlStatementLogger
3491:             2             32  org.hibernate.engine.jdbc.spi.SqlStatementLogger
3492:             2             32  org.hibernate.engine.jndi.internal.JndiServiceImpl
3493:             2             32  org.hibernate.engine.jndi.internal.JndiServiceImpl
3494:             1             32  org.hibernate.engine.query.spi.QueryPlanCache$HQLQueryPlanKey
3495:             2             32  org.hibernate.engine.spi.CascadeStyles$MultipleCascadeStyle
3496:             2             32  org.hibernate.engine.transaction.internal.jdbc.JdbcTransactionFactory
3497:             2             32  org.hibernate.engine.transaction.internal.jdbc.JdbcTransactionFactory
3498:             2             32  org.hibernate.event.internal.DefaultAutoFlushEventListener
3499:             2             32  org.hibernate.event.internal.DefaultAutoFlushEventListener
3500:             2             32  org.hibernate.event.internal.DefaultDeleteEventListener
3501:             2             32  org.hibernate.event.internal.DefaultDeleteEventListener
3502:             2             32  org.hibernate.event.internal.DefaultDirtyCheckEventListener
3503:             2             32  org.hibernate.event.internal.DefaultDirtyCheckEventListener
3504:             2             32  org.hibernate.event.internal.DefaultEvictEventListener
3505:             2             32  org.hibernate.event.internal.DefaultEvictEventListener
3506:             2             32  org.hibernate.event.internal.DefaultFlushEntityEventListener
3507:             2             32  org.hibernate.event.internal.DefaultFlushEntityEventListener
3508:             2             32  org.hibernate.event.internal.DefaultFlushEventListener
3509:             2             32  org.hibernate.event.internal.DefaultFlushEventListener
3510:             2             32  org.hibernate.event.internal.DefaultInitializeCollectionEventListener
3511:             2             32  org.hibernate.event.internal.DefaultInitializeCollectionEventListener
3512:             2             32  org.hibernate.event.internal.DefaultLoadEventListener
3513:             2             32  org.hibernate.event.internal.DefaultLoadEventListener
3514:             2             32  org.hibernate.event.internal.DefaultLockEventListener
3515:             2             32  org.hibernate.event.internal.DefaultLockEventListener
3516:             2             32  org.hibernate.event.internal.DefaultMergeEventListener
3517:             2             32  org.hibernate.event.internal.DefaultMergeEventListener
3518:             2             32  org.hibernate.event.internal.DefaultPersistEventListener
3519:             2             32  org.hibernate.event.internal.DefaultPersistEventListener
3520:             2             32  org.hibernate.event.internal.DefaultPersistOnFlushEventListener
3521:             2             32  org.hibernate.event.internal.DefaultPersistOnFlushEventListener
3522:             2             32  org.hibernate.event.internal.DefaultPostLoadEventListener
3523:             2             32  org.hibernate.event.internal.DefaultPostLoadEventListener
3524:             2             32  org.hibernate.event.internal.DefaultPreLoadEventListener
3525:             2             32  org.hibernate.event.internal.DefaultPreLoadEventListener
3526:             2             32  org.hibernate.event.internal.DefaultRefreshEventListener
3527:             2             32  org.hibernate.event.internal.DefaultRefreshEventListener
3528:             2             32  org.hibernate.event.internal.DefaultReplicateEventListener
3529:             2             32  org.hibernate.event.internal.DefaultReplicateEventListener
3530:             2             32  org.hibernate.event.internal.DefaultResolveNaturalIdEventListener
3531:             2             32  org.hibernate.event.internal.DefaultResolveNaturalIdEventListener
3532:             2             32  org.hibernate.event.internal.DefaultSaveEventListener
3533:             2             32  org.hibernate.event.internal.DefaultSaveEventListener
3534:             2             32  org.hibernate.event.internal.DefaultSaveOrUpdateEventListener
3535:             2             32  org.hibernate.event.internal.DefaultSaveOrUpdateEventListener
3536:             2             32  org.hibernate.event.internal.DefaultUpdateEventListener
3537:             2             32  org.hibernate.event.internal.DefaultUpdateEventListener
3538:             2             32  org.hibernate.exception.internal.SQLExceptionTypeDelegate
3539:             2             32  org.hibernate.exception.internal.SQLExceptionTypeDelegate
3540:             2             32  org.hibernate.exception.internal.StandardSQLExceptionConverter
3541:             2             32  org.hibernate.exception.internal.StandardSQLExceptionConverter
3542:             2             32  org.hibernate.hql.internal.ast.ASTQueryTranslatorFactory
3543:             2             32  org.hibernate.hql.internal.ast.ASTQueryTranslatorFactory
3544:             1             32  org.hibernate.hql.internal.ast.SqlASTFactory
3545:             2             32  org.hibernate.id.Assigned
3546:             2             32  org.hibernate.integrator.internal.IntegratorServiceImpl
3547:             2             32  org.hibernate.integrator.internal.IntegratorServiceImpl
3548:             2             32  org.hibernate.internal.SessionFactoryImpl$3
3549:             2             32  org.hibernate.internal.SessionFactoryImpl$3
3550:             2             32  org.hibernate.internal.SessionFactoryObserverChain
3551:             2             32  org.hibernate.internal.SessionFactoryObserverChain
3552:             2             32  org.hibernate.internal.TypeLocatorImpl
3553:             2             32  org.hibernate.internal.TypeLocatorImpl
3554:             1             32  org.hibernate.mapping.UniqueKey
3555:             2             32  org.hibernate.persister.internal.PersisterFactoryImpl
3556:             2             32  org.hibernate.persister.internal.PersisterFactoryImpl
3557:             2             32  org.hibernate.persister.internal.StandardPersisterClassResolver
3558:             2             32  org.hibernate.persister.internal.StandardPersisterClassResolver
3559:             2             32  org.hibernate.property.BasicPropertyAccessor
3560:             2             32  org.hibernate.property.BasicPropertyAccessor
3561:             2             32  org.hibernate.property.DirectPropertyAccessor
3562:             2             32  org.hibernate.property.DirectPropertyAccessor
3563:             2             32  org.hibernate.property.EmbeddedPropertyAccessor$EmbeddedGetter
3564:             2             32  org.hibernate.property.EmbeddedPropertyAccessor$EmbeddedSetter
3565:             2             32  org.hibernate.secure.internal.DisabledJaccServiceImpl
3566:             2             32  org.hibernate.secure.internal.DisabledJaccServiceImpl
3567:             2             32  org.hibernate.secure.spi.JaccIntegrator
3568:             2             32  org.hibernate.secure.spi.JaccIntegrator
3569:             2             32  org.hibernate.service.internal.SessionFactoryServiceRegistryFactoryImpl
3570:             2             32  org.hibernate.service.internal.SessionFactoryServiceRegistryFactoryImpl
3571:             2             32  org.hibernate.tuple.entity.EntityTuplizerFactory
3572:             2             32  org.hibernate.tuple.entity.EntityTuplizerFactory
3573:             1             32  org.hibernate.type.BigDecimalType
3574:             1             32  org.hibernate.type.BigDecimalType
3575:             1             32  org.hibernate.type.BigIntegerType
3576:             1             32  org.hibernate.type.BigIntegerType
3577:             1             32  org.hibernate.type.BinaryType
3578:             1             32  org.hibernate.type.BinaryType
3579:             1             32  org.hibernate.type.BlobType
3580:             1             32  org.hibernate.type.BlobType
3581:             1             32  org.hibernate.type.BooleanType
3582:             1             32  org.hibernate.type.BooleanType
3583:             1             32  org.hibernate.type.ByteType
3584:             1             32  org.hibernate.type.ByteType
3585:             1             32  org.hibernate.type.CalendarDateType
3586:             1             32  org.hibernate.type.CalendarDateType
3587:             1             32  org.hibernate.type.CalendarType
3588:             1             32  org.hibernate.type.CalendarType
3589:             1             32  org.hibernate.type.CharArrayType
3590:             1             32  org.hibernate.type.CharArrayType
3591:             1             32  org.hibernate.type.CharacterArrayType
3592:             1             32  org.hibernate.type.CharacterArrayType
3593:             1             32  org.hibernate.type.CharacterNCharType
3594:             1             32  org.hibernate.type.CharacterNCharType
3595:             1             32  org.hibernate.type.CharacterType
3596:             1             32  org.hibernate.type.CharacterType
3597:             1             32  org.hibernate.type.ClassType
3598:             1             32  org.hibernate.type.ClassType
3599:             1             32  org.hibernate.type.ClobType
3600:             1             32  org.hibernate.type.ClobType
3601:             1             32  org.hibernate.type.CurrencyType
3602:             1             32  org.hibernate.type.CurrencyType
3603:             1             32  org.hibernate.type.DateType
3604:             1             32  org.hibernate.type.DateType
3605:             1             32  org.hibernate.type.DbTimestampType
3606:             1             32  org.hibernate.type.DbTimestampType
3607:             1             32  org.hibernate.type.DoubleType
3608:             1             32  org.hibernate.type.DoubleType
3609:             1             32  org.hibernate.type.FloatType
3610:             1             32  org.hibernate.type.FloatType
3611:             1             32  org.hibernate.type.ImageType
3612:             1             32  org.hibernate.type.ImageType
3613:             1             32  org.hibernate.type.IntegerType
3614:             1             32  org.hibernate.type.IntegerType
3615:             1             32  org.hibernate.type.LocaleType
3616:             1             32  org.hibernate.type.LocaleType
3617:             1             32  org.hibernate.type.LongType
3618:             1             32  org.hibernate.type.LongType
3619:             1             32  org.hibernate.type.MaterializedBlobType
3620:             1             32  org.hibernate.type.MaterializedBlobType
3621:             1             32  org.hibernate.type.MaterializedClobType
3622:             1             32  org.hibernate.type.MaterializedClobType
3623:             1             32  org.hibernate.type.MaterializedNClobType
3624:             1             32  org.hibernate.type.MaterializedNClobType
3625:             1             32  org.hibernate.type.NClobType
3626:             1             32  org.hibernate.type.NClobType
3627:             1             32  org.hibernate.type.NTextType
3628:             1             32  org.hibernate.type.NTextType
3629:             1             32  org.hibernate.type.NumericBooleanType
3630:             1             32  org.hibernate.type.NumericBooleanType
3631:             1             32  org.hibernate.type.PostgresUUIDType
3632:             1             32  org.hibernate.type.PostgresUUIDType
3633:             1             32  org.hibernate.type.SerializableType
3634:             1             32  org.hibernate.type.SerializableType
3635:             1             32  org.hibernate.type.ShortType
3636:             1             32  org.hibernate.type.ShortType
3637:             1             32  org.hibernate.type.StringNVarcharType
3638:             1             32  org.hibernate.type.StringNVarcharType
3639:             1             32  org.hibernate.type.StringType
3640:             1             32  org.hibernate.type.StringType
3641:             1             32  org.hibernate.type.TextType
3642:             1             32  org.hibernate.type.TextType
3643:             1             32  org.hibernate.type.TimeType
3644:             1             32  org.hibernate.type.TimeType
3645:             1             32  org.hibernate.type.TimeZoneType
3646:             1             32  org.hibernate.type.TimeZoneType
3647:             1             32  org.hibernate.type.TimestampType
3648:             1             32  org.hibernate.type.TimestampType
3649:             1             32  org.hibernate.type.TrueFalseType
3650:             1             32  org.hibernate.type.TrueFalseType
3651:             2             32  org.hibernate.type.TypeFactory
3652:             2             32  org.hibernate.type.TypeFactory
3653:             2             32  org.hibernate.type.TypeFactory$TypeScopeImpl
3654:             2             32  org.hibernate.type.TypeFactory$TypeScopeImpl
3655:             1             32  org.hibernate.type.UUIDBinaryType
3656:             1             32  org.hibernate.type.UUIDBinaryType
3657:             1             32  org.hibernate.type.UUIDCharType
3658:             1             32  org.hibernate.type.UUIDCharType
3659:             1             32  org.hibernate.type.UrlType
3660:             1             32  org.hibernate.type.UrlType
3661:             1             32  org.hibernate.type.WrapperBinaryType
3662:             1             32  org.hibernate.type.WrapperBinaryType
3663:             1             32  org.hibernate.type.YesNoType
3664:             1             32  org.hibernate.type.YesNoType
3665:             2             32  org.springframework.aop.aspectj.annotation.AbstractAspectJAdvisorFactory$AspectJAnnotationParameterNameDiscoverer
3666:             2             32  org.springframework.aop.aspectj.annotation.AbstractAspectJAdvisorFactory$AspectJAnnotationParameterNameDiscoverer
3667:             2             32  org.springframework.beans.factory.parsing.FailFastProblemReporter
3668:             2             32  org.springframework.beans.factory.parsing.FailFastProblemReporter
3669:             2             32  org.springframework.beans.factory.parsing.PassThroughSourceExtractor
3670:             2             32  org.springframework.beans.factory.parsing.PassThroughSourceExtractor
3671:             2             32  org.springframework.beans.factory.support.CglibSubclassingInstantiationStrategy
3672:             2             32  org.springframework.beans.factory.support.CglibSubclassingInstantiationStrategy
3673:             1             32  org.springframework.beans.factory.support.ManagedSet
3674:             1             32  org.springframework.beans.factory.support.ManagedSet
3675:             1             32  org.springframework.cglib.core.ClassNameReader$EarlyExitException
3676:             1             32  org.springframework.cglib.core.ClassNameReader$EarlyExitException
3677:             2             32  org.springframework.cglib.proxy.DispatcherGenerator
3678:             2             32  org.springframework.cglib.proxy.DispatcherGenerator
3679:             1             32  org.springframework.cglib.proxy.MethodProxy$FastClassInfo
3680:             2             32  org.springframework.context.annotation.AnnotationBeanNameGenerator
3681:             2             32  org.springframework.context.annotation.AnnotationBeanNameGenerator
3682:             2             32  org.springframework.context.annotation.ConditionEvaluator
3683:             2             32  org.springframework.context.annotation.ConditionEvaluator
3684:             2             32  org.springframework.context.annotation.ConfigurationClassPostProcessor$1
3685:             2             32  org.springframework.context.annotation.ConfigurationClassPostProcessor$1
3686:             2             32  org.springframework.context.annotation.ConfigurationClassPostProcessor$EnhancedConfigurationBeanPostProcessor
3687:             2             32  org.springframework.context.annotation.ConfigurationClassPostProcessor$EnhancedConfigurationBeanPostProcessor
3688:             2             32  org.springframework.context.annotation.ConfigurationClassPostProcessor$ImportAwareBeanPostProcessor
3689:             2             32  org.springframework.context.annotation.ConfigurationClassPostProcessor$ImportAwareBeanPostProcessor
3690:             2             32  org.springframework.context.event.DefaultEventListenerFactory
3691:             2             32  org.springframework.context.event.DefaultEventListenerFactory
3692:             2             32  org.springframework.context.expression.BeanExpressionContextAccessor
3693:             2             32  org.springframework.context.expression.BeanExpressionContextAccessor
3694:             2             32  org.springframework.context.expression.BeanFactoryAccessor
3695:             2             32  org.springframework.context.expression.BeanFactoryAccessor
3696:             2             32  org.springframework.context.expression.BeanFactoryResolver
3697:             2             32  org.springframework.context.expression.BeanFactoryResolver
3698:             2             32  org.springframework.context.expression.EnvironmentAccessor
3699:             2             32  org.springframework.context.expression.EnvironmentAccessor
3700:             2             32  org.springframework.context.expression.MapAccessor
3701:             2             32  org.springframework.context.expression.MapAccessor
3702:             2             32  org.springframework.context.expression.StandardBeanExpressionResolver$1
3703:             2             32  org.springframework.context.expression.StandardBeanExpressionResolver$1
3704:             2             32  org.springframework.context.support.ApplicationContextAwareProcessor
3705:             2             32  org.springframework.context.support.ApplicationContextAwareProcessor
3706:             2             32  org.springframework.context.support.ApplicationContextAwareProcessor$EmbeddedValueResolver
3707:             1             32  org.springframework.context.support.PropertySourcesPlaceholderConfigurer$1
3708:             2             32  org.springframework.core.$Proxy49
3709:             2             32  org.springframework.core.convert.support.GenericConversionService$NoOpConverter
3710:             2             32  org.springframework.core.convert.support.GenericConversionService$NoOpConverter
3711:             2             32  org.springframework.core.io.DefaultResourceLoader
3712:             2             32  org.springframework.core.io.DefaultResourceLoader
3713:             2             32  org.springframework.expression.spel.support.StandardOperatorOverloader
3714:             2             32  org.springframework.expression.spel.support.StandardOperatorOverloader
3715:             2             32  org.springframework.expression.spel.support.StandardTypeComparator
3716:             2             32  org.springframework.expression.spel.support.StandardTypeComparator
3717:             2             32  org.springframework.format.datetime.DateTimeFormatAnnotationFormatterFactory
3718:             2             32  org.springframework.format.datetime.standard.DateTimeConverters$CalendarToInstantConverter
3719:             2             32  org.springframework.format.datetime.standard.DateTimeConverters$CalendarToLocalDateConverter
3720:             2             32  org.springframework.format.datetime.standard.DateTimeConverters$CalendarToLocalDateTimeConverter
3721:             2             32  org.springframework.format.datetime.standard.DateTimeConverters$CalendarToLocalTimeConverter
3722:             2             32  org.springframework.format.datetime.standard.DateTimeConverters$CalendarToOffsetDateTimeConverter
3723:             2             32  org.springframework.format.datetime.standard.DateTimeConverters$CalendarToZonedDateTimeConverter
3724:             2             32  org.springframework.format.datetime.standard.DateTimeConverters$InstantToLongConverter
3725:             2             32  org.springframework.format.datetime.standard.DateTimeConverters$LocalDateTimeToLocalDateConverter
3726:             2             32  org.springframework.format.datetime.standard.DateTimeConverters$LocalDateTimeToLocalTimeConverter
3727:             2             32  org.springframework.format.datetime.standard.DateTimeConverters$LongToInstantConverter
3728:             2             32  org.springframework.format.datetime.standard.DateTimeConverters$OffsetDateTimeToInstantConverter
3729:             2             32  org.springframework.format.datetime.standard.DateTimeConverters$OffsetDateTimeToLocalDateConverter
3730:             2             32  org.springframework.format.datetime.standard.DateTimeConverters$OffsetDateTimeToLocalDateTimeConverter
3731:             2             32  org.springframework.format.datetime.standard.DateTimeConverters$OffsetDateTimeToLocalTimeConverter
3732:             2             32  org.springframework.format.datetime.standard.DateTimeConverters$OffsetDateTimeToZonedDateTimeConverter
3733:             2             32  org.springframework.format.datetime.standard.DateTimeConverters$ZonedDateTimeToInstantConverter
3734:             2             32  org.springframework.format.datetime.standard.DateTimeConverters$ZonedDateTimeToLocalDateConverter
3735:             2             32  org.springframework.format.datetime.standard.DateTimeConverters$ZonedDateTimeToLocalDateTimeConverter
3736:             2             32  org.springframework.format.datetime.standard.DateTimeConverters$ZonedDateTimeToLocalTimeConverter
3737:             2             32  org.springframework.format.datetime.standard.DateTimeConverters$ZonedDateTimeToOffsetDateTimeConverter
3738:             2             32  org.springframework.format.datetime.standard.InstantFormatter
3739:             2             32  org.springframework.format.datetime.standard.Jsr310DateTimeFormatAnnotationFormatterFactory
3740:             2             32  org.springframework.format.number.NumberFormatAnnotationFormatterFactory
3741:             1             32  org.springframework.transaction.annotation.AnnotationTransactionAttributeSource
3742:             2             32  org.springframework.transaction.interceptor.NameMatchTransactionAttributeSource
3743:             2             32  org.springframework.transaction.interceptor.RollbackRuleAttribute
3744:             2             32  org.springframework.util.DefaultPropertiesPersister
3745:             2             32  org.springframework.validation.beanvalidation.LocaleContextMessageInterpolator
3746:             2             32  org.springframework.validation.beanvalidation.SpringConstraintValidatorFactory
3747:             2             32  org.springframework.web.bind.support.DefaultSessionAttributeStore
3748:             2             32  org.springframework.web.context.support.WebApplicationContextUtils$RequestObjectFactory
3749:             2             32  org.springframework.web.context.support.WebApplicationContextUtils$RequestObjectFactory
3750:             2             32  org.springframework.web.context.support.WebApplicationContextUtils$ResponseObjectFactory
3751:             2             32  org.springframework.web.context.support.WebApplicationContextUtils$ResponseObjectFactory
3752:             2             32  org.springframework.web.context.support.WebApplicationContextUtils$SessionObjectFactory
3753:             2             32  org.springframework.web.context.support.WebApplicationContextUtils$SessionObjectFactory
3754:             2             32  org.springframework.web.context.support.WebApplicationContextUtils$WebRequestObjectFactory
3755:             2             32  org.springframework.web.context.support.WebApplicationContextUtils$WebRequestObjectFactory
3756:             2             32  org.springframework.web.method.annotation.ErrorsMethodArgumentResolver
3757:             2             32  org.springframework.web.method.annotation.RequestHeaderMapMethodArgumentResolver
3758:             2             32  org.springframework.web.method.annotation.SessionStatusMethodArgumentResolver
3759:             2             32  org.springframework.web.servlet.handler.ConversionServiceExposingInterceptor
3760:             2             32  org.springframework.web.servlet.mvc.HttpRequestHandlerAdapter
3761:             2             32  org.springframework.web.servlet.mvc.SimpleControllerHandlerAdapter
3762:             2             32  org.springframework.web.servlet.mvc.method.RequestMappingInfoHandlerMethodMappingNamingStrategy
3763:             2             32  org.springframework.web.servlet.mvc.method.annotation.AsyncTaskMethodReturnValueHandler
3764:             2             32  org.springframework.web.servlet.mvc.method.annotation.CallableMethodReturnValueHandler
3765:             2             32  org.springframework.web.servlet.mvc.method.annotation.DeferredResultMethodReturnValueHandler
3766:             2             32  org.springframework.web.servlet.mvc.method.annotation.HttpHeadersReturnValueHandler
3767:             2             32  org.springframework.web.servlet.mvc.method.annotation.ListenableFutureReturnValueHandler
3768:             2             32  org.springframework.web.servlet.mvc.method.annotation.RedirectAttributesMethodArgumentResolver
3769:             2             32  org.springframework.web.servlet.mvc.method.annotation.UriComponentsBuilderMethodArgumentResolver
3770:             1             32  org.springframework.web.servlet.view.DefaultRequestToViewNameTranslator
3771:             1             32  org.springframework.web.servlet.view.DefaultRequestToViewNameTranslator
3772:             1             32  redis.clients.jedis.Jedis
3773:             1             32  redis.clients.util.RedisInputStream
3774:             1             32  sun.management.MemoryImpl
3775:             2             32  sun.management.jmxremote.ConnectorBootstrap$PermanentExporter
3776:             1             32  sun.management.jmxremote.LocalRMIServerSocketFactory$1
3777:             1             32  sun.management.jmxremote.SingleEntryRegistry
3778:             1             32  sun.misc.GC$LatencyRequest
3779:             2             32  sun.net.www.protocol.file.Handler
3780:             1             32  sun.nio.ch.ServerSocketAdaptor
3781:             1             32  sun.nio.cs.StandardCharsets
3782:             1             32  sun.nio.fs.LinuxFileSystem
3783:             1             32  sun.nio.fs.NativeBuffer
3784:             1             32  sun.rmi.server.UnicastServerRef2
3785:             2             32  sun.rmi.server.WeakClassHashMap$ValueCell
3786:             1             32  sun.rmi.transport.proxy.RMIMasterSocketFactory
3787:             1             32  sun.security.provider.AuthPolicyFile
3788:             1             32  sun.security.x509.AuthorityInfoAccessExtension
3789:             2             32  sun.security.x509.CertificatePolicyId
3790:             1             24  [Lantlr.Token;
3791:             1             24  [Lcn.nubia.framework.validator.internal.metadata.descriptor.ConstraintDescriptorImpl$ConstraintType;
3792:             1             24  [Lcn.nubia.framework.validator.internal.metadata.descriptor.ConstraintDescriptorImpl$ConstraintType;
3793:             1             24  [Lcom.fasterxml.jackson.databind.deser.KeyDeserializers;
3794:             1             24  [Lcom.fasterxml.jackson.databind.deser.KeyDeserializers;
3795:             1             24  [Lcom.google.gson.LongSerializationPolicy;
3796:             1             24  [Lcom.google.gson.LongSerializationPolicy;
3797:             1             24  [Lcom.sun.org.apache.xalan.internal.utils.FeatureManager$Feature;
3798:             1             24  [Lcom.sun.org.apache.xalan.internal.utils.XMLSecurityPropertyManager$Property;
3799:             1             24  [Ljava.io.File$PathStatus;
3800:             1             24  [Ljava.lang.ClassValue$Entry;
3801:             1             24  [Ljava.net.InetAddress$Cache$Type;
3802:             1             24  [Ljava.net.InetSocketAddress;
3803:             1             24  [Ljava.time.temporal.IsoFields$Unit;
3804:             1             24  [Ljava.util.Locale$Category;
3805:             1             24  [Ljavax.validation.metadata.MethodType;
3806:             1             24  [Ljavax.validation.metadata.MethodType;
3807:             1             24  [Lorg.apache.catalina.Service;
3808:             1             24  [Lorg.apache.catalina.connector.Connector;
3809:             1             24  [Lorg.apache.ibatis.mapping.ResultFlag;
3810:             1             24  [Lorg.apache.ibatis.ognl.OgnlRuntime$ClassCache;
3811:             1             24  [Lorg.apache.ibatis.session.LocalCacheScope;
3812:             1             24  [Lorg.apache.tomcat.util.IntrospectionUtils$PropertySource;
3813:             1             24  [Lorg.apache.tomcat.util.net.AbstractEndpoint$Acceptor;
3814:             1             24  [Lorg.apache.tomcat.util.net.NioEndpoint$Poller;
3815:             1             24  [Lorg.aspectj.lang.reflect.Pointcut;
3816:             1             24  [Lorg.aspectj.lang.reflect.Pointcut;
3817:             1             24  [Lorg.hibernate.EntityMode;
3818:             1             24  [Lorg.hibernate.EntityMode;
3819:             1             24  [Lorg.hibernate.annotations.PolymorphismType;
3820:             1             24  [Lorg.hibernate.annotations.PolymorphismType;
3821:             1             24  [Lorg.hibernate.hql.internal.ast.util.LiteralProcessor$DecimalLiteralFormat;
3822:             1             24  [Lorg.hibernate.hql.spi.QueryTranslator;
3823:             1             24  [Lorg.hibernate.persister.entity.Queryable;
3824:             1             24  [Lorg.springframework.context.annotation.ConfigurationCondition$ConfigurationPhase;
3825:             1             24  [Lorg.springframework.context.annotation.ConfigurationCondition$ConfigurationPhase;
3826:             1             24  [Lorg.springframework.util.ConcurrentReferenceHashMap$ReferenceType;
3827:             1             24  [Lorg.springframework.util.ConcurrentReferenceHashMap$ReferenceType;
3828:             1             24  [Lorg.springframework.util.ConcurrentReferenceHashMap$Restructure;
3829:             1             24  [Lorg.springframework.util.ConcurrentReferenceHashMap$Restructure;
3830:             1             24  [Lsun.launcher.LauncherHelper;
3831:             1             24  antlr.ANTLRStringBuffer
3832:             1             24  antlr.ParserSharedInputState
3833:             1             24  cn.nubia.framework.validator.internal.util.ConcurrentReferenceHashMap$Option
3834:             1             24  cn.nubia.framework.validator.internal.util.ConcurrentReferenceHashMap$Option
3835:             1             24  com.alibaba.druid.pool.vendor.MySqlValidConnectionChecker
3836:             1             24  com.alibaba.druid.stat.DruidStatManagerFacade
3837:             1             24  com.fasterxml.classmate.TypeBindings
3838:             1             24  com.fasterxml.classmate.TypeBindings
3839:             1             24  com.fasterxml.jackson.core.io.JsonStringEncoder
3840:             1             24  com.fasterxml.jackson.core.util.BufferRecycler
3841:             1             24  com.fasterxml.jackson.core.util.DefaultIndenter
3842:             1             24  com.fasterxml.jackson.core.util.DefaultIndenter
3843:             1             24  com.fasterxml.jackson.databind.cfg.ContextAttributes$Impl
3844:             1             24  com.fasterxml.jackson.databind.cfg.ContextAttributes$Impl
3845:             1             24  com.fasterxml.jackson.databind.cfg.SerializerFactoryConfig
3846:             1             24  com.fasterxml.jackson.databind.cfg.SerializerFactoryConfig
3847:             1             24  com.fasterxml.jackson.databind.ser.impl.FailingSerializer
3848:             1             24  com.fasterxml.jackson.databind.ser.impl.FailingSerializer
3849:             1             24  com.fasterxml.jackson.databind.ser.impl.JsonSerializerMap
3850:             1             24  com.fasterxml.jackson.databind.ser.impl.ReadOnlyClassToSerializerMap
3851:             1             24  com.fasterxml.jackson.databind.ser.std.CalendarSerializer
3852:             1             24  com.fasterxml.jackson.databind.ser.std.CalendarSerializer
3853:             1             24  com.fasterxml.jackson.databind.ser.std.DateSerializer
3854:             1             24  com.fasterxml.jackson.databind.ser.std.DateSerializer
3855:             1             24  com.google.gson.FieldNamingPolicy$1
3856:             1             24  com.google.gson.FieldNamingPolicy$1
3857:             1             24  com.google.gson.FieldNamingPolicy$2
3858:             1             24  com.google.gson.FieldNamingPolicy$2
3859:             1             24  com.google.gson.FieldNamingPolicy$3
3860:             1             24  com.google.gson.FieldNamingPolicy$3
3861:             1             24  com.google.gson.FieldNamingPolicy$4
3862:             1             24  com.google.gson.FieldNamingPolicy$4
3863:             1             24  com.google.gson.FieldNamingPolicy$5
3864:             1             24  com.google.gson.FieldNamingPolicy$5
3865:             1             24  com.google.gson.LongSerializationPolicy$1
3866:             1             24  com.google.gson.LongSerializationPolicy$1
3867:             1             24  com.google.gson.LongSerializationPolicy$2
3868:             1             24  com.google.gson.LongSerializationPolicy$2
3869:             1             24  com.google.gson.internal.bind.TypeAdapters$34
3870:             1             24  com.google.gson.internal.bind.TypeAdapters$34
3871:             1             24  com.mysql.jdbc.NetworkResources
3872:             1             24  com.mysql.jdbc.SingleByteCharsetConverter
3873:             1             24  com.mysql.jdbc.authentication.MysqlClearPasswordPlugin
3874:             1             24  com.mysql.jdbc.authentication.MysqlNativePasswordPlugin
3875:             1             24  com.mysql.jdbc.authentication.MysqlOldPasswordPlugin
3876:             1             24  com.nubia.cache.RegionCacheHandler
3877:             1             24  com.nubia.channel.component.SelectRegionManager
3878:             1             24  com.nubia.channel.excel.handler.TemplateHandler
3879:             1             24  com.nubia.channel.exception.GlobalExceptionHandler
3880:             1             24  com.nubia.channel.service.impl.ActiveCheckServiceImpl
3881:             1             24  com.nubia.channel.service.impl.CustomerOrderServiceImpl
3882:             1             24  com.nubia.channel.service.impl.DataGatherServiceImpl
3883:             1             24  com.nubia.channel.service.impl.DaysOrderServiceimpl
3884:             1             24  com.nubia.channel.service.impl.DaysStockoutServiceImpl
3885:             1             24  com.nubia.channel.service.impl.ImportDataServiceImpl
3886:             1             24  com.nubia.channel.service.impl.NiusaoSalesDataServiceImpl
3887:             1             24  com.nubia.channel.service.impl.OrderServiceImpl
3888:             1             24  com.nubia.channel.service.impl.StoreServiceImpl
3889:             1             24  com.nubia.channel.sessionfactory.DynamicSessionFactoryImpl
3890:             1             24  com.nubia.rbac.filter.RbacFilter
3891:             1             24  com.sun.beans.util.Cache$Kind$1
3892:             1             24  com.sun.beans.util.Cache$Kind$2
3893:             1             24  com.sun.beans.util.Cache$Kind$3
3894:             1             24  com.sun.jmx.mbeanserver.ClassLoaderRepositorySupport
3895:             1             24  com.sun.jmx.mbeanserver.MXBeanLookup
3896:             1             24  com.sun.org.apache.xerces.internal.impl.Constants$ArrayEnumeration
3897:             1             24  com.sun.org.apache.xerces.internal.impl.xs.util.ShortListImpl
3898:             1             24  com.sun.org.apache.xerces.internal.impl.xs.util.XSObjectListImpl
3899:             1             24  filters.ExampleFilter
3900:             1             24  freemarker.cache.ClassTemplateLoader
3901:             1             24  freemarker.cache.FileTemplateLoader
3902:             1             24  freemarker.core.ArithmeticEngine$BigDecimalEngine
3903:             1             24  freemarker.core.ArithmeticEngine$ConservativeEngine
3904:             1             24  java.lang.ClassValue$Version
3905:             1             24  java.lang.ProcessEnvironment$StringEnvironment
3906:             1             24  java.lang.invoke.MethodType$ConcurrentWeakInternSet
3907:             1             24  java.math.MutableBigInteger
3908:             1             24  java.net.Inet4AddressImpl
3909:             1             24  java.net.Proxy
3910:             1             24  java.security.AllPermissionCollection
3911:             1             24  java.time.format.DecimalStyle
3912:             1             24  java.time.temporal.IsoFields$Field$1
3913:             1             24  java.time.temporal.IsoFields$Field$2
3914:             1             24  java.time.temporal.IsoFields$Field$3
3915:             1             24  java.time.temporal.IsoFields$Field$4
3916:             1             24  java.util.Collections$EmptyMap
3917:             1             24  java.util.Collections$SynchronizedList
3918:             1             24  java.util.Locale$Cache
3919:             1             24  java.util.ResourceBundle$Control$CandidateListCache
3920:             1             24  java.util.concurrent.TimeUnit$1
3921:             1             24  java.util.concurrent.TimeUnit$2
3922:             1             24  java.util.concurrent.TimeUnit$3
3923:             1             24  java.util.concurrent.TimeUnit$4
3924:             1             24  java.util.concurrent.TimeUnit$5
3925:             1             24  java.util.concurrent.TimeUnit$6
3926:             1             24  java.util.concurrent.TimeUnit$7
3927:             1             24  java.util.logging.LogManager$LoggerContext
3928:             1             24  java.util.logging.LoggingPermission
3929:             1             24  javassist.util.proxy.ProxyFactory$2
3930:             1             24  javassist.util.proxy.ProxyFactory$2
3931:             1             24  javax.websocket.CloseReason
3932:             1             24  org.apache.catalina.mapper.Mapper
3933:             1             24  org.apache.catalina.security.SecurityConfig
3934:             1             24  org.apache.catalina.webresources.TomcatURLStreamHandlerFactory
3935:             1             24  org.apache.commons.pool2.impl.LinkedBlockingDeque$Node
3936:             1             24  org.apache.ibatis.binding.MapperRegistry
3937:             1             24  org.apache.ibatis.builder.StaticSqlSource
3938:             1             24  org.apache.ibatis.io.ClassLoaderWrapper
3939:             1             24  org.apache.ibatis.mapping.Environment
3940:             1             24  org.apache.ibatis.scripting.LanguageDriverRegistry
3941:             1             24  org.apache.ibatis.session.RowBounds
3942:             1             24  org.apache.ibatis.type.BigIntegerTypeHandler
3943:             1             24  org.apache.ibatis.type.ByteArrayTypeHandler
3944:             1             24  org.apache.ibatis.type.ByteObjectArrayTypeHandler
3945:             1             24  org.apache.ibatis.type.ObjectTypeHandler
3946:             1             24  org.apache.ibatis.type.SqlDateTypeHandler
3947:             1             24  org.apache.ibatis.type.SqlTimeTypeHandler
3948:             1             24  org.apache.ibatis.type.SqlTimestampTypeHandler
3949:             1             24  org.apache.ibatis.type.UnknownTypeHandler
3950:             1             24  org.apache.log4j.MDC
3951:             1             24  org.apache.log4j.MDC
3952:             1             24  org.apache.log4j.helpers.FormattingInfo
3953:             1             24  org.apache.log4j.helpers.FormattingInfo
3954:             1             24  org.apache.log4j.helpers.OnlyOnceErrorHandler
3955:             1             24  org.apache.log4j.helpers.OnlyOnceErrorHandler
3956:             1             24  org.apache.naming.StringManager
3957:             1             24  org.apache.tomcat.util.descriptor.web.JspConfigDescriptorImpl
3958:             1             24  org.apache.tomcat.util.net.NioBlockingSelector
3959:             1             24  org.apache.tomcat.util.net.NioEndpoint$Acceptor
3960:             1             24  org.apache.tomcat.websocket.WsExtension
3961:             1             24  org.aspectj.apache.bcel.generic.Type$1
3962:             1             24  org.aspectj.apache.bcel.generic.Type$2
3963:             1             24  org.hibernate.cfg.Mappings$PropertyReference
3964:             1             24  org.hibernate.cfg.naming.LegacyNamingStrategyDelegator
3965:             1             24  org.hibernate.cfg.naming.LegacyNamingStrategyDelegator
3966:             1             24  org.hibernate.dialect.function.StandardAnsiSqlAggregationFunctions$AvgFunction
3967:             1             24  org.hibernate.dialect.function.StandardAnsiSqlAggregationFunctions$AvgFunction
3968:             1             24  org.hibernate.dialect.function.StandardAnsiSqlAggregationFunctions$CountFunction
3969:             1             24  org.hibernate.dialect.function.StandardAnsiSqlAggregationFunctions$CountFunction
3970:             1             24  org.hibernate.dialect.function.StandardAnsiSqlAggregationFunctions$MaxFunction
3971:             1             24  org.hibernate.dialect.function.StandardAnsiSqlAggregationFunctions$MaxFunction
3972:             1             24  org.hibernate.dialect.function.StandardAnsiSqlAggregationFunctions$MinFunction
3973:             1             24  org.hibernate.dialect.function.StandardAnsiSqlAggregationFunctions$MinFunction
3974:             1             24  org.hibernate.dialect.function.StandardAnsiSqlAggregationFunctions$SumFunction
3975:             1             24  org.hibernate.dialect.function.StandardAnsiSqlAggregationFunctions$SumFunction
3976:             1             24  org.hibernate.engine.FetchStrategy
3977:             1             24  org.hibernate.engine.FetchStrategy
3978:             1             24  org.hibernate.engine.query.spi.ParameterMetadata
3979:             1             24  org.hibernate.engine.query.spi.ReturnMetadata
3980:             1             24  org.hibernate.engine.spi.ActionQueue$InsertActionSorter
3981:             1             24  org.hibernate.exception.internal.SQLStateConverter$1
3982:             1             24  org.hibernate.exception.internal.SQLStateConverter$1
3983:             1             24  org.hibernate.hql.internal.HolderInstantiator
3984:             1             24  org.hibernate.hql.internal.ast.HqlASTFactory
3985:             1             24  org.hibernate.hql.internal.ast.ParameterTranslationsImpl
3986:             1             24  org.hibernate.hql.internal.ast.util.LiteralProcessor$DecimalLiteralFormat$1
3987:             1             24  org.hibernate.hql.internal.ast.util.LiteralProcessor$DecimalLiteralFormat$2
3988:             1             24  org.hibernate.hql.internal.ast.util.SessionFactoryHelper
3989:             1             24  org.hibernate.id.IdentityGenerator$InsertSelectDelegate
3990:             1             24  org.hibernate.id.UUIDGenerator
3991:             1             24  org.hibernate.id.UUIDGenerator
3992:             1             24  org.hibernate.internal.SessionFactoryRegistry
3993:             1             24  org.hibernate.internal.SessionFactoryRegistry
3994:             1             24  org.hibernate.internal.util.collections.BoundedConcurrentHashMap$Eviction$1
3995:             1             24  org.hibernate.internal.util.collections.BoundedConcurrentHashMap$Eviction$1
3996:             1             24  org.hibernate.internal.util.collections.BoundedConcurrentHashMap$Eviction$2
3997:             1             24  org.hibernate.internal.util.collections.BoundedConcurrentHashMap$Eviction$2
3998:             1             24  org.hibernate.internal.util.collections.BoundedConcurrentHashMap$Eviction$3
3999:             1             24  org.hibernate.internal.util.collections.BoundedConcurrentHashMap$Eviction$3
4000:             1             24  org.hibernate.mapping.Table$ForeignKeyKey
4001:             1             24  org.hibernate.sql.Alias
4002:             1             24  org.hibernate.sql.Alias
4003:             1             24  org.hibernate.tuple.GenerationTiming$1
4004:             1             24  org.hibernate.tuple.GenerationTiming$1
4005:             1             24  org.hibernate.tuple.GenerationTiming$2
4006:             1             24  org.hibernate.tuple.GenerationTiming$2
4007:             1             24  org.hibernate.tuple.GenerationTiming$3
4008:             1             24  org.hibernate.tuple.GenerationTiming$3
4009:             1             24  org.hibernate.tuple.entity.EntityMetamodel$GenerationStrategyPair
4010:             1             24  org.hibernate.tuple.entity.EntityMetamodel$GenerationStrategyPair
4011:             1             24  org.hibernate.type.ObjectType
4012:             1             24  org.hibernate.type.ObjectType
4013:             1             24  org.hibernate.type.descriptor.java.BigDecimalTypeDescriptor
4014:             1             24  org.hibernate.type.descriptor.java.BigDecimalTypeDescriptor
4015:             1             24  org.hibernate.type.descriptor.java.BigIntegerTypeDescriptor
4016:             1             24  org.hibernate.type.descriptor.java.BigIntegerTypeDescriptor
4017:             1             24  org.hibernate.type.descriptor.java.BlobTypeDescriptor
4018:             1             24  org.hibernate.type.descriptor.java.BlobTypeDescriptor
4019:             1             24  org.hibernate.type.descriptor.java.ByteArrayTypeDescriptor
4020:             1             24  org.hibernate.type.descriptor.java.ByteArrayTypeDescriptor
4021:             1             24  org.hibernate.type.descriptor.java.ByteTypeDescriptor
4022:             1             24  org.hibernate.type.descriptor.java.ByteTypeDescriptor
4023:             1             24  org.hibernate.type.descriptor.java.CalendarDateTypeDescriptor
4024:             1             24  org.hibernate.type.descriptor.java.CalendarDateTypeDescriptor
4025:             1             24  org.hibernate.type.descriptor.java.CalendarTypeDescriptor
4026:             1             24  org.hibernate.type.descriptor.java.CalendarTypeDescriptor
4027:             1             24  org.hibernate.type.descriptor.java.CharacterArrayTypeDescriptor
4028:             1             24  org.hibernate.type.descriptor.java.CharacterArrayTypeDescriptor
4029:             1             24  org.hibernate.type.descriptor.java.CharacterTypeDescriptor
4030:             1             24  org.hibernate.type.descriptor.java.CharacterTypeDescriptor
4031:             1             24  org.hibernate.type.descriptor.java.ClassTypeDescriptor
4032:             1             24  org.hibernate.type.descriptor.java.ClassTypeDescriptor
4033:             1             24  org.hibernate.type.descriptor.java.ClobTypeDescriptor
4034:             1             24  org.hibernate.type.descriptor.java.ClobTypeDescriptor
4035:             1             24  org.hibernate.type.descriptor.java.CurrencyTypeDescriptor
4036:             1             24  org.hibernate.type.descriptor.java.CurrencyTypeDescriptor
4037:             1             24  org.hibernate.type.descriptor.java.DoubleTypeDescriptor
4038:             1             24  org.hibernate.type.descriptor.java.DoubleTypeDescriptor
4039:             1             24  org.hibernate.type.descriptor.java.FloatTypeDescriptor
4040:             1             24  org.hibernate.type.descriptor.java.FloatTypeDescriptor
4041:             1             24  org.hibernate.type.descriptor.java.IntegerTypeDescriptor
4042:             1             24  org.hibernate.type.descriptor.java.IntegerTypeDescriptor
4043:             1             24  org.hibernate.type.descriptor.java.JdbcDateTypeDescriptor
4044:             1             24  org.hibernate.type.descriptor.java.JdbcDateTypeDescriptor
4045:             1             24  org.hibernate.type.descriptor.java.JdbcTimeTypeDescriptor
4046:             1             24  org.hibernate.type.descriptor.java.JdbcTimeTypeDescriptor
4047:             1             24  org.hibernate.type.descriptor.java.JdbcTimestampTypeDescriptor
4048:             1             24  org.hibernate.type.descriptor.java.JdbcTimestampTypeDescriptor
4049:             1             24  org.hibernate.type.descriptor.java.LocaleTypeDescriptor
4050:             1             24  org.hibernate.type.descriptor.java.LocaleTypeDescriptor
4051:             1             24  org.hibernate.type.descriptor.java.LongTypeDescriptor
4052:             1             24  org.hibernate.type.descriptor.java.LongTypeDescriptor
4053:             1             24  org.hibernate.type.descriptor.java.NClobTypeDescriptor
4054:             1             24  org.hibernate.type.descriptor.java.NClobTypeDescriptor
4055:             1             24  org.hibernate.type.descriptor.java.PrimitiveByteArrayTypeDescriptor
4056:             1             24  org.hibernate.type.descriptor.java.PrimitiveByteArrayTypeDescriptor
4057:             1             24  org.hibernate.type.descriptor.java.PrimitiveCharacterArrayTypeDescriptor
4058:             1             24  org.hibernate.type.descriptor.java.PrimitiveCharacterArrayTypeDescriptor
4059:             1             24  org.hibernate.type.descriptor.java.SerializableTypeDescriptor
4060:             1             24  org.hibernate.type.descriptor.java.SerializableTypeDescriptor
4061:             1             24  org.hibernate.type.descriptor.java.ShortTypeDescriptor
4062:             1             24  org.hibernate.type.descriptor.java.ShortTypeDescriptor
4063:             1             24  org.hibernate.type.descriptor.java.StringTypeDescriptor
4064:             1             24  org.hibernate.type.descriptor.java.StringTypeDescriptor
4065:             1             24  org.hibernate.type.descriptor.java.TimeZoneTypeDescriptor
4066:             1             24  org.hibernate.type.descriptor.java.TimeZoneTypeDescriptor
4067:             1             24  org.hibernate.type.descriptor.java.UUIDTypeDescriptor
4068:             1             24  org.hibernate.type.descriptor.java.UUIDTypeDescriptor
4069:             1             24  org.hibernate.type.descriptor.java.UrlTypeDescriptor
4070:             1             24  org.hibernate.type.descriptor.java.UrlTypeDescriptor
4071:             1             24  org.slf4j.helpers.BasicMarker
4072:             1             24  org.springframework.aop.aspectj.AspectJPointcutAdvisor
4073:             1             24  org.springframework.aop.config.MethodLocatingFactoryBean
4074:             1             24  org.springframework.aop.config.SimpleBeanFactoryAwareAspectInstanceFactory
4075:             1             24  org.springframework.aop.interceptor.ExposeInvocationInterceptor$1
4076:             1             24  org.springframework.aop.interceptor.ExposeInvocationInterceptor$1
4077:             1             24  org.springframework.aop.support.ComposablePointcut
4078:             1             24  org.springframework.aop.support.MethodMatchers$IntersectionMethodMatcher
4079:             1             24  org.springframework.cglib.core.EmitUtils$ArrayDelimiters
4080:             1             24  org.springframework.cglib.core.EmitUtils$ArrayDelimiters
4081:             1             24  org.springframework.cglib.core.MethodWrapper$MethodWrapperKey$$KeyFactoryByCGLIB$$552be97a
4082:             1             24  org.springframework.cglib.core.MethodWrapper$MethodWrapperKey$$KeyFactoryByCGLIB$$552be97a
4083:             1             24  org.springframework.context.annotation.AnnotationScopeMetadataResolver
4084:             1             24  org.springframework.context.annotation.AnnotationScopeMetadataResolver
4085:             1             24  org.springframework.context.event.GenericApplicationListenerAdapter
4086:             1             24  org.springframework.context.event.GenericApplicationListenerAdapter
4087:             1             24  org.springframework.context.event.SourceFilteringListener
4088:             1             24  org.springframework.context.event.SourceFilteringListener
4089:             1             24  org.springframework.context.support.PropertySourcesPlaceholderConfigurer$2
4090:             1             24  org.springframework.core.convert.support.GenericConversionService$ConverterCacheKey
4091:             1             24  org.springframework.core.env.PropertiesPropertySource
4092:             1             24  org.springframework.objenesis.SpringObjenesis
4093:             1             24  org.springframework.objenesis.SpringObjenesis
4094:             1             24  org.springframework.transaction.interceptor.BeanFactoryTransactionAttributeSourceAdvisor$1
4095:             1             24  org.springframework.web.context.ContextLoaderListener
4096:             1             24  org.springframework.web.context.ContextLoaderListener
4097:             1             24  org.springframework.web.context.support.ServletConfigPropertySource
4098:             1             24  org.springframework.web.context.support.ServletConfigPropertySource
4099:             1             24  org.springframework.web.servlet.support.SessionFlashMapManager
4100:             1             24  org.springframework.web.servlet.support.SessionFlashMapManager
4101:             1             24  redis.clients.jedis.JedisCluster
4102:             1             24  redis.clients.jedis.JedisCluster
4103:             1             24  redis.clients.util.RedisOutputStream
4104:             1             24  sun.invoke.util.ValueConversions$2
4105:             1             24  sun.launcher.LauncherHelper
4106:             1             24  sun.management.CompilationImpl
4107:             1             24  sun.management.OperatingSystemImpl
4108:             1             24  sun.management.RuntimeImpl
4109:             1             24  sun.management.ThreadImpl
4110:             1             24  sun.management.VMManagementImpl
4111:             1             24  sun.net.ProgressMonitor
4112:             1             24  sun.net.sdp.SdpProvider
4113:             1             24  sun.net.www.MimeTable
4114:             1             24  sun.nio.cs.CESU_8
4115:             1             24  sun.nio.cs.IBM437
4116:             1             24  sun.nio.cs.IBM737
4117:             1             24  sun.nio.cs.IBM775
4118:             1             24  sun.nio.cs.IBM850
4119:             1             24  sun.nio.cs.IBM852
4120:             1             24  sun.nio.cs.IBM855
4121:             1             24  sun.nio.cs.IBM857
4122:             1             24  sun.nio.cs.IBM858
4123:             1             24  sun.nio.cs.IBM862
4124:             1             24  sun.nio.cs.IBM866
4125:             1             24  sun.nio.cs.IBM874
4126:             1             24  sun.nio.cs.ISO_8859_1
4127:             1             24  sun.nio.cs.ISO_8859_13
4128:             1             24  sun.nio.cs.ISO_8859_15
4129:             1             24  sun.nio.cs.ISO_8859_2
4130:             1             24  sun.nio.cs.ISO_8859_4
4131:             1             24  sun.nio.cs.ISO_8859_5
4132:             1             24  sun.nio.cs.ISO_8859_7
4133:             1             24  sun.nio.cs.ISO_8859_9
4134:             1             24  sun.nio.cs.KOI8_R
4135:             1             24  sun.nio.cs.KOI8_U
4136:             1             24  sun.nio.cs.MS1250
4137:             1             24  sun.nio.cs.MS1251
4138:             1             24  sun.nio.cs.MS1252
4139:             1             24  sun.nio.cs.MS1253
4140:             1             24  sun.nio.cs.MS1254
4141:             1             24  sun.nio.cs.MS1257
4142:             1             24  sun.nio.cs.ThreadLocalCoders$1
4143:             1             24  sun.nio.cs.ThreadLocalCoders$2
4144:             1             24  sun.nio.cs.US_ASCII
4145:             1             24  sun.nio.cs.UTF_16
4146:             1             24  sun.nio.cs.UTF_16BE
4147:             1             24  sun.nio.cs.UTF_16LE
4148:             1             24  sun.nio.cs.UTF_16LE_BOM
4149:             1             24  sun.nio.cs.UTF_32
4150:             1             24  sun.nio.cs.UTF_32BE
4151:             1             24  sun.nio.cs.UTF_32BE_BOM
4152:             1             24  sun.nio.cs.UTF_32LE
4153:             1             24  sun.nio.cs.UTF_32LE_BOM
4154:             1             24  sun.nio.cs.UTF_8
4155:             1             24  sun.nio.cs.ext.Big5
4156:             1             24  sun.nio.cs.ext.Big5_HKSCS
4157:             1             24  sun.nio.cs.ext.Big5_HKSCS_2001
4158:             1             24  sun.nio.cs.ext.Big5_Solaris
4159:             1             24  sun.nio.cs.ext.COMPOUND_TEXT
4160:             1             24  sun.nio.cs.ext.EUC_CN
4161:             1             24  sun.nio.cs.ext.EUC_JP
4162:             1             24  sun.nio.cs.ext.EUC_JP_LINUX
4163:             1             24  sun.nio.cs.ext.EUC_JP_Open
4164:             1             24  sun.nio.cs.ext.EUC_TW
4165:             1             24  sun.nio.cs.ext.GB18030
4166:             1             24  sun.nio.cs.ext.GBK
4167:             1             24  sun.nio.cs.ext.IBM037
4168:             1             24  sun.nio.cs.ext.IBM1006
4169:             1             24  sun.nio.cs.ext.IBM1025
4170:             1             24  sun.nio.cs.ext.IBM1026
4171:             1             24  sun.nio.cs.ext.IBM1046
4172:             1             24  sun.nio.cs.ext.IBM1047
4173:             1             24  sun.nio.cs.ext.IBM1097
4174:             1             24  sun.nio.cs.ext.IBM1098
4175:             1             24  sun.nio.cs.ext.IBM1112
4176:             1             24  sun.nio.cs.ext.IBM1122
4177:             1             24  sun.nio.cs.ext.IBM1123
4178:             1             24  sun.nio.cs.ext.IBM1124
4179:             1             24  sun.nio.cs.ext.IBM1140
4180:             1             24  sun.nio.cs.ext.IBM1141
4181:             1             24  sun.nio.cs.ext.IBM1142
4182:             1             24  sun.nio.cs.ext.IBM1143
4183:             1             24  sun.nio.cs.ext.IBM1144
4184:             1             24  sun.nio.cs.ext.IBM1145
4185:             1             24  sun.nio.cs.ext.IBM1146
4186:             1             24  sun.nio.cs.ext.IBM1147
4187:             1             24  sun.nio.cs.ext.IBM1148
4188:             1             24  sun.nio.cs.ext.IBM1149
4189:             1             24  sun.nio.cs.ext.IBM1364
4190:             1             24  sun.nio.cs.ext.IBM1381
4191:             1             24  sun.nio.cs.ext.IBM1383
4192:             1             24  sun.nio.cs.ext.IBM273
4193:             1             24  sun.nio.cs.ext.IBM277
4194:             1             24  sun.nio.cs.ext.IBM278
4195:             1             24  sun.nio.cs.ext.IBM280
4196:             1             24  sun.nio.cs.ext.IBM284
4197:             1             24  sun.nio.cs.ext.IBM285
4198:             1             24  sun.nio.cs.ext.IBM290
4199:             1             24  sun.nio.cs.ext.IBM297
4200:             1             24  sun.nio.cs.ext.IBM300
4201:             1             24  sun.nio.cs.ext.IBM33722
4202:             1             24  sun.nio.cs.ext.IBM420
4203:             1             24  sun.nio.cs.ext.IBM424
4204:             1             24  sun.nio.cs.ext.IBM500
4205:             1             24  sun.nio.cs.ext.IBM833
4206:             1             24  sun.nio.cs.ext.IBM834
4207:             1             24  sun.nio.cs.ext.IBM838
4208:             1             24  sun.nio.cs.ext.IBM856
4209:             1             24  sun.nio.cs.ext.IBM860
4210:             1             24  sun.nio.cs.ext.IBM861
4211:             1             24  sun.nio.cs.ext.IBM863
4212:             1             24  sun.nio.cs.ext.IBM864
4213:             1             24  sun.nio.cs.ext.IBM865
4214:             1             24  sun.nio.cs.ext.IBM868
4215:             1             24  sun.nio.cs.ext.IBM869
4216:             1             24  sun.nio.cs.ext.IBM870
4217:             1             24  sun.nio.cs.ext.IBM871
4218:             1             24  sun.nio.cs.ext.IBM875
4219:             1             24  sun.nio.cs.ext.IBM918
4220:             1             24  sun.nio.cs.ext.IBM921
4221:             1             24  sun.nio.cs.ext.IBM922
4222:             1             24  sun.nio.cs.ext.IBM930
4223:             1             24  sun.nio.cs.ext.IBM933
4224:             1             24  sun.nio.cs.ext.IBM935
4225:             1             24  sun.nio.cs.ext.IBM937
4226:             1             24  sun.nio.cs.ext.IBM939
4227:             1             24  sun.nio.cs.ext.IBM942
4228:             1             24  sun.nio.cs.ext.IBM942C
4229:             1             24  sun.nio.cs.ext.IBM943
4230:             1             24  sun.nio.cs.ext.IBM943C
4231:             1             24  sun.nio.cs.ext.IBM948
4232:             1             24  sun.nio.cs.ext.IBM949
4233:             1             24  sun.nio.cs.ext.IBM949C
4234:             1             24  sun.nio.cs.ext.IBM950
4235:             1             24  sun.nio.cs.ext.IBM964
4236:             1             24  sun.nio.cs.ext.IBM970
4237:             1             24  sun.nio.cs.ext.ISCII91
4238:             1             24  sun.nio.cs.ext.ISO2022_CN
4239:             1             24  sun.nio.cs.ext.ISO2022_CN_CNS
4240:             1             24  sun.nio.cs.ext.ISO2022_CN_GB
4241:             1             24  sun.nio.cs.ext.ISO2022_JP
4242:             1             24  sun.nio.cs.ext.ISO2022_JP_2
4243:             1             24  sun.nio.cs.ext.ISO2022_KR
4244:             1             24  sun.nio.cs.ext.ISO_8859_11
4245:             1             24  sun.nio.cs.ext.ISO_8859_3
4246:             1             24  sun.nio.cs.ext.ISO_8859_6
4247:             1             24  sun.nio.cs.ext.ISO_8859_8
4248:             1             24  sun.nio.cs.ext.JISAutoDetect
4249:             1             24  sun.nio.cs.ext.JIS_X_0201
4250:             1             24  sun.nio.cs.ext.JIS_X_0208
4251:             1             24  sun.nio.cs.ext.JIS_X_0212
4252:             1             24  sun.nio.cs.ext.Johab
4253:             1             24  sun.nio.cs.ext.MS1255
4254:             1             24  sun.nio.cs.ext.MS1256
4255:             1             24  sun.nio.cs.ext.MS1258
4256:             1             24  sun.nio.cs.ext.MS50220
4257:             1             24  sun.nio.cs.ext.MS50221
4258:             1             24  sun.nio.cs.ext.MS874
4259:             1             24  sun.nio.cs.ext.MS932
4260:             1             24  sun.nio.cs.ext.MS932_0213
4261:             1             24  sun.nio.cs.ext.MS936
4262:             1             24  sun.nio.cs.ext.MS949
4263:             1             24  sun.nio.cs.ext.MS950
4264:             1             24  sun.nio.cs.ext.MS950_HKSCS
4265:             1             24  sun.nio.cs.ext.MS950_HKSCS_XP
4266:             1             24  sun.nio.cs.ext.MSISO2022JP
4267:             1             24  sun.nio.cs.ext.MacArabic
4268:             1             24  sun.nio.cs.ext.MacCentralEurope
4269:             1             24  sun.nio.cs.ext.MacCroatian
4270:             1             24  sun.nio.cs.ext.MacCyrillic
4271:             1             24  sun.nio.cs.ext.MacDingbat
4272:             1             24  sun.nio.cs.ext.MacGreek
4273:             1             24  sun.nio.cs.ext.MacHebrew
4274:             1             24  sun.nio.cs.ext.MacIceland
4275:             1             24  sun.nio.cs.ext.MacRoman
4276:             1             24  sun.nio.cs.ext.MacRomania
4277:             1             24  sun.nio.cs.ext.MacSymbol
4278:             1             24  sun.nio.cs.ext.MacThai
4279:             1             24  sun.nio.cs.ext.MacTurkish
4280:             1             24  sun.nio.cs.ext.MacUkraine
4281:             1             24  sun.nio.cs.ext.PCK
4282:             1             24  sun.nio.cs.ext.SJIS
4283:             1             24  sun.nio.cs.ext.SJIS_0213
4284:             1             24  sun.nio.cs.ext.TIS_620
4285:             1             24  sun.nio.fs.NativeBuffer$Deallocator
4286:             1             24  sun.rmi.runtime.RuntimeUtil$1
4287:             1             24  sun.rmi.transport.DGCImpl
4288:             1             24  sun.security.provider.DSAParameters
4289:             1             24  sun.security.provider.NativeSeedGenerator
4290:             1             24  sun.security.x509.Extension
4291:             1             24  sun.util.locale.BaseLocale$Cache
4292:             1             24  sun.util.locale.provider.CalendarDataProviderImpl
4293:             1             24  sun.util.locale.provider.CalendarProviderImpl
4294:             1             24  sun.util.locale.provider.CurrencyNameProviderImpl
4295:             1             24  sun.util.locale.provider.DateFormatSymbolsProviderImpl
4296:             1             24  sun.util.locale.provider.DecimalFormatSymbolsProviderImpl
4297:             1             24  sun.util.locale.provider.NumberFormatProviderImpl
4298:             1             24  sun.util.locale.provider.TimeZoneNameProviderImpl
4299:             1             16  [Lcom.fasterxml.classmate.members.RawConstructor;
4300:             1             16  [Lcom.fasterxml.classmate.members.RawConstructor;
4301:             1             16  [Lcom.fasterxml.classmate.members.RawField;
4302:             1             16  [Lcom.fasterxml.classmate.members.RawField;
4303:             1             16  [Lcom.fasterxml.classmate.members.RawMethod;
4304:             1             16  [Lcom.fasterxml.classmate.members.RawMethod;
4305:             1             16  [Lcom.fasterxml.jackson.databind.AbstractTypeResolver;
4306:             1             16  [Lcom.fasterxml.jackson.databind.AbstractTypeResolver;
4307:             1             16  [Lcom.fasterxml.jackson.databind.JavaType;
4308:             1             16  [Lcom.fasterxml.jackson.databind.deser.BeanDeserializerModifier;
4309:             1             16  [Lcom.fasterxml.jackson.databind.deser.BeanDeserializerModifier;
4310:             1             16  [Lcom.fasterxml.jackson.databind.deser.ValueInstantiators;
4311:             1             16  [Lcom.fasterxml.jackson.databind.deser.ValueInstantiators;
4312:             1             16  [Lcom.fasterxml.jackson.databind.introspect.AnnotationMap;
4313:             1             16  [Lcom.fasterxml.jackson.databind.introspect.AnnotationMap;
4314:             1             16  [Lcom.fasterxml.jackson.databind.ser.BeanSerializerModifier;
4315:             1             16  [Lcom.fasterxml.jackson.databind.ser.BeanSerializerModifier;
4316:             1             16  [Lcom.fasterxml.jackson.databind.ser.Serializers;
4317:             1             16  [Lcom.fasterxml.jackson.databind.ser.Serializers;
4318:             1             16  [Lcom.sun.org.apache.xerces.internal.impl.xs.SubstitutionGroupHandler$OneSubGroup;
4319:             1             16  [Lcom.sun.org.apache.xerces.internal.xs.XSObject;
4320:             1             16  [Ljava.beans.EventSetDescriptor;
4321:             1             16  [Ljava.lang.Throwable;
4322:             1             16  [Ljava.nio.file.attribute.FileAttribute;
4323:             1             16  [Ljava.security.Provider;
4324:             1             16  [Ljava.text.FieldPosition;
4325:             1             16  [Ljavax.persistence.Index;
4326:             1             16  [Ljavax.persistence.Index;
4327:             1             16  [Ljavax.persistence.UniqueConstraint;
4328:             1             16  [Ljavax.persistence.UniqueConstraint;
4329:             1             16  [Lorg.apache.catalina.core.DefaultInstanceManager$AnnotationCacheEntry;
4330:             1             16  [Lorg.aspectj.apache.bcel.classfile.CodeException;
4331:             1             16  [Lorg.aspectj.apache.bcel.classfile.annotation.AnnotationGen;
4332:             1             16  [Lorg.aspectj.apache.bcel.classfile.annotation.ElementValue;
4333:             1             16  [Lorg.aspectj.bridge.IMessage;
4334:             1             16  [Lorg.aspectj.bridge.IMessage;
4335:             1             16  [Lorg.aspectj.weaver.JoinPointSignature;
4336:             1             16  [Lorg.aspectj.weaver.JoinPointSignature;
4337:             1             16  [Lorg.aspectj.weaver.Member;
4338:             1             16  [Lorg.aspectj.weaver.Member;
4339:             1             16  [Lorg.aspectj.weaver.ReferenceType;
4340:             1             16  [Lorg.aspectj.weaver.ReferenceType;
4341:             1             16  [Lorg.aspectj.weaver.ResolvedPointcutDefinition;
4342:             1             16  [Lorg.aspectj.weaver.ResolvedPointcutDefinition;
4343:             1             16  [Lorg.aspectj.weaver.ast.Expr;
4344:             1             16  [Lorg.aspectj.weaver.ast.Expr;
4345:             1             16  [Lorg.aspectj.weaver.ast.Var;
4346:             1             16  [Lorg.aspectj.weaver.patterns.AnnotationTypePattern;
4347:             1             16  [Lorg.aspectj.weaver.patterns.AnnotationTypePattern;
4348:             1             16  [Lorg.aspectj.weaver.patterns.BindingPattern;
4349:             1             16  [Lorg.aspectj.weaver.patterns.BindingPattern;
4350:             1             16  [Lorg.aspectj.weaver.patterns.FormalBinding;
4351:             1             16  [Lorg.hibernate.hql.internal.ast.ParameterTranslationsImpl$ParameterInfo;
4352:             1             16  [Lorg.hibernate.loader.plan.spi.BidirectionalEntityReference;
4353:             1             16  [Lorg.hibernate.loader.plan.spi.BidirectionalEntityReference;
4354:             1             16  [Lorg.hibernate.loader.plan.spi.Fetch;
4355:             1             16  [Lorg.hibernate.loader.plan.spi.Fetch;
4356:             1             16  [[Lorg.aspectj.apache.bcel.classfile.annotation.AnnotationGen;
4357:             1             16  [[Lorg.aspectj.weaver.AnnotationAJ;
4358:             1             16  [[Lorg.aspectj.weaver.AnnotationAJ;
4359:             1             16  antlr.ASTNULLType
4360:             1             16  antlr.Token
4361:             1             16  antlr.TreeParserSharedInputState
4362:             1             16  cn.nubia.framework.core.ApplicationContextHelper
4363:             1             16  cn.nubia.framework.util.Properties
4364:             1             16  cn.nubia.framework.validator.HibernateValidator
4365:             1             16  cn.nubia.framework.validator.HibernateValidator
4366:             1             16  cn.nubia.framework.validator.internal.engine.groups.Group
4367:             1             16  cn.nubia.framework.validator.internal.metadata.aggregated.rule.OverridingMethodMustNotAlterParameterConstraints
4368:             1             16  cn.nubia.framework.validator.internal.metadata.aggregated.rule.OverridingMethodMustNotAlterParameterConstraints
4369:             1             16  cn.nubia.framework.validator.internal.metadata.aggregated.rule.ParallelMethodsMustNotDefineGroupConversionForCascadedReturnValue
4370:             1             16  cn.nubia.framework.validator.internal.metadata.aggregated.rule.ParallelMethodsMustNotDefineGroupConversionForCascadedReturnValue
4371:             1             16  cn.nubia.framework.validator.internal.metadata.aggregated.rule.ParallelMethodsMustNotDefineParameterConstraints
4372:             1             16  cn.nubia.framework.validator.internal.metadata.aggregated.rule.ParallelMethodsMustNotDefineParameterConstraints
4373:             1             16  cn.nubia.framework.validator.internal.metadata.aggregated.rule.ReturnValueMayOnlyBeMarkedOnceAsCascadedPerHierarchyLine
4374:             1             16  cn.nubia.framework.validator.internal.metadata.aggregated.rule.ReturnValueMayOnlyBeMarkedOnceAsCascadedPerHierarchyLine
4375:             1             16  cn.nubia.framework.validator.internal.metadata.aggregated.rule.VoidMethodsMustNotBeReturnValueConstrained
4376:             1             16  cn.nubia.framework.validator.internal.metadata.aggregated.rule.VoidMethodsMustNotBeReturnValueConstrained
4377:             1             16  cn.nubia.framework.validator.internal.util.classhierarchy.Filters$InterfacesFilter
4378:             1             16  cn.nubia.framework.validator.internal.util.classhierarchy.Filters$InterfacesFilter
4379:             1             16  cn.nubia.framework.validator.internal.util.classhierarchy.Filters$WeldProxyFilter
4380:             1             16  cn.nubia.framework.validator.internal.util.classhierarchy.Filters$WeldProxyFilter
4381:             1             16  cn.nubia.framework.validator.internal.util.logging.Messages_$bundle
4382:             1             16  cn.nubia.framework.validator.internal.util.logging.Messages_$bundle
4383:             1             16  com.alibaba.druid.pool.DruidDataSource$DestroyTask
4384:             1             16  com.alibaba.druid.pool.vendor.MySqlExceptionSorter
4385:             1             16  com.alibaba.druid.stat.DruidDataSourceStatManager
4386:             1             16  com.alibaba.druid.stat.DruidStatService
4387:             1             16  com.fasterxml.jackson.core.util.DefaultPrettyPrinter$FixedSpaceIndenter
4388:             1             16  com.fasterxml.jackson.core.util.DefaultPrettyPrinter$FixedSpaceIndenter
4389:             1             16  com.fasterxml.jackson.core.util.DefaultPrettyPrinter$NopIndenter
4390:             1             16  com.fasterxml.jackson.core.util.DefaultPrettyPrinter$NopIndenter
4391:             1             16  com.fasterxml.jackson.databind.deser.BeanDeserializerFactory
4392:             1             16  com.fasterxml.jackson.databind.deser.BeanDeserializerFactory
4393:             1             16  com.fasterxml.jackson.databind.deser.std.StdKeyDeserializers
4394:             1             16  com.fasterxml.jackson.databind.deser.std.StdKeyDeserializers
4395:             1             16  com.fasterxml.jackson.databind.ext.OptionalHandlerFactory
4396:             1             16  com.fasterxml.jackson.databind.introspect.AnnotatedMethodMap
4397:             1             16  com.fasterxml.jackson.databind.introspect.BasicClassIntrospector
4398:             1             16  com.fasterxml.jackson.databind.introspect.JacksonAnnotationIntrospector
4399:             1             16  com.fasterxml.jackson.databind.introspect.JacksonAnnotationIntrospector
4400:             1             16  com.fasterxml.jackson.databind.ser.BeanSerializerFactory
4401:             1             16  com.fasterxml.jackson.databind.ser.BeanSerializerFactory
4402:             1             16  com.fasterxml.jackson.databind.ser.impl.UnknownSerializer
4403:             1             16  com.fasterxml.jackson.databind.ser.impl.UnknownSerializer
4404:             1             16  com.fasterxml.jackson.databind.ser.std.NullSerializer
4405:             1             16  com.fasterxml.jackson.databind.ser.std.NullSerializer
4406:             1             16  com.fasterxml.jackson.databind.ser.std.StringSerializer
4407:             1             16  com.fasterxml.jackson.databind.ser.std.StringSerializer
4408:             1             16  com.fasterxml.jackson.databind.ser.std.ToStringSerializer
4409:             1             16  com.fasterxml.jackson.databind.ser.std.ToStringSerializer
4410:             1             16  com.fasterxml.jackson.databind.ser.std.UUIDSerializer
4411:             1             16  com.fasterxml.jackson.databind.ser.std.UUIDSerializer
4412:             1             16  com.fasterxml.jackson.databind.type.TypeParser
4413:             1             16  com.fasterxml.jackson.databind.type.TypeParser
4414:             1             16  com.google.gson.internal.bind.ArrayTypeAdapter$1
4415:             1             16  com.google.gson.internal.bind.ArrayTypeAdapter$1
4416:             1             16  com.google.gson.internal.bind.DateTypeAdapter$1
4417:             1             16  com.google.gson.internal.bind.DateTypeAdapter$1
4418:             1             16  com.google.gson.internal.bind.ObjectTypeAdapter$1
4419:             1             16  com.google.gson.internal.bind.ObjectTypeAdapter$1
4420:             1             16  com.google.gson.internal.bind.SqlDateTypeAdapter$1
4421:             1             16  com.google.gson.internal.bind.SqlDateTypeAdapter$1
4422:             1             16  com.google.gson.internal.bind.TimeTypeAdapter$1
4423:             1             16  com.google.gson.internal.bind.TimeTypeAdapter$1
4424:             1             16  com.google.gson.internal.bind.TypeAdapters$1
4425:             1             16  com.google.gson.internal.bind.TypeAdapters$1
4426:             1             16  com.google.gson.internal.bind.TypeAdapters$10
4427:             1             16  com.google.gson.internal.bind.TypeAdapters$10
4428:             1             16  com.google.gson.internal.bind.TypeAdapters$11
4429:             1             16  com.google.gson.internal.bind.TypeAdapters$11
4430:             1             16  com.google.gson.internal.bind.TypeAdapters$12
4431:             1             16  com.google.gson.internal.bind.TypeAdapters$12
4432:             1             16  com.google.gson.internal.bind.TypeAdapters$13
4433:             1             16  com.google.gson.internal.bind.TypeAdapters$13
4434:             1             16  com.google.gson.internal.bind.TypeAdapters$14
4435:             1             16  com.google.gson.internal.bind.TypeAdapters$14
4436:             1             16  com.google.gson.internal.bind.TypeAdapters$15
4437:             1             16  com.google.gson.internal.bind.TypeAdapters$15
4438:             1             16  com.google.gson.internal.bind.TypeAdapters$16
4439:             1             16  com.google.gson.internal.bind.TypeAdapters$16
4440:             1             16  com.google.gson.internal.bind.TypeAdapters$17
4441:             1             16  com.google.gson.internal.bind.TypeAdapters$17
4442:             1             16  com.google.gson.internal.bind.TypeAdapters$18
4443:             1             16  com.google.gson.internal.bind.TypeAdapters$18
4444:             1             16  com.google.gson.internal.bind.TypeAdapters$19
4445:             1             16  com.google.gson.internal.bind.TypeAdapters$19
4446:             1             16  com.google.gson.internal.bind.TypeAdapters$2
4447:             1             16  com.google.gson.internal.bind.TypeAdapters$2
4448:             1             16  com.google.gson.internal.bind.TypeAdapters$20
4449:             1             16  com.google.gson.internal.bind.TypeAdapters$20
4450:             1             16  com.google.gson.internal.bind.TypeAdapters$21
4451:             1             16  com.google.gson.internal.bind.TypeAdapters$21
4452:             1             16  com.google.gson.internal.bind.TypeAdapters$22
4453:             1             16  com.google.gson.internal.bind.TypeAdapters$22
4454:             1             16  com.google.gson.internal.bind.TypeAdapters$23
4455:             1             16  com.google.gson.internal.bind.TypeAdapters$23
4456:             1             16  com.google.gson.internal.bind.TypeAdapters$24
4457:             1             16  com.google.gson.internal.bind.TypeAdapters$24
4458:             1             16  com.google.gson.internal.bind.TypeAdapters$25
4459:             1             16  com.google.gson.internal.bind.TypeAdapters$25
4460:             1             16  com.google.gson.internal.bind.TypeAdapters$26
4461:             1             16  com.google.gson.internal.bind.TypeAdapters$26
4462:             1             16  com.google.gson.internal.bind.TypeAdapters$27
4463:             1             16  com.google.gson.internal.bind.TypeAdapters$27
4464:             1             16  com.google.gson.internal.bind.TypeAdapters$28
4465:             1             16  com.google.gson.internal.bind.TypeAdapters$28
4466:             1             16  com.google.gson.internal.bind.TypeAdapters$29
4467:             1             16  com.google.gson.internal.bind.TypeAdapters$29
4468:             1             16  com.google.gson.internal.bind.TypeAdapters$3
4469:             1             16  com.google.gson.internal.bind.TypeAdapters$3
4470:             1             16  com.google.gson.internal.bind.TypeAdapters$30
4471:             1             16  com.google.gson.internal.bind.TypeAdapters$30
4472:             1             16  com.google.gson.internal.bind.TypeAdapters$4
4473:             1             16  com.google.gson.internal.bind.TypeAdapters$4
4474:             1             16  com.google.gson.internal.bind.TypeAdapters$5
4475:             1             16  com.google.gson.internal.bind.TypeAdapters$5
4476:             1             16  com.google.gson.internal.bind.TypeAdapters$6
4477:             1             16  com.google.gson.internal.bind.TypeAdapters$6
4478:             1             16  com.google.gson.internal.bind.TypeAdapters$7
4479:             1             16  com.google.gson.internal.bind.TypeAdapters$7
4480:             1             16  com.google.gson.internal.bind.TypeAdapters$8
4481:             1             16  com.google.gson.internal.bind.TypeAdapters$8
4482:             1             16  com.google.gson.internal.bind.TypeAdapters$9
4483:             1             16  com.google.gson.internal.bind.TypeAdapters$9
4484:             1             16  com.mysql.jdbc.Util
4485:             1             16  com.mysql.jdbc.log.NullLogger
4486:             1             16  com.mysql.jdbc.log.StandardLogger
4487:             1             16  com.nubia.cache.EmailCacheHandler
4488:             1             16  com.nubia.cache.RegionCacheHandler$$Lambda$1/750283102
4489:             1             16  com.nubia.cache.RegionCacheHandler$$Lambda$2/1683094276
4490:             1             16  com.nubia.cache.RegionCacheHandler$$Lambda$3/1873823768
4491:             1             16  com.nubia.channel.cache.AutoLoadHandler$AutoLoadRunnable
4492:             1             16  com.nubia.channel.cache.AutoLoadHandler$SortRunnable
4493:             1             16  com.nubia.channel.cache.AutoLoadOldestComparator
4494:             1             16  com.nubia.channel.cache.AutoLoadRequestTimesComparator
4495:             1             16  com.nubia.channel.cache.CacheAspect
4496:             1             16  com.nubia.channel.common.BaseDao
4497:             1             16  com.nubia.channel.common.BaseService
4498:             1             16  com.nubia.channel.datasource.DataSourceProcessor
4499:             1             16  com.nubia.channel.excel.handler.ConfigurationHandler
4500:             1             16  com.nubia.channel.excel.handler.PoiHandler
4501:             1             16  com.nubia.channel.mybatis.dao.impl.MyDataGatherDaoImpl
4502:             1             16  com.nubia.channel.mybatis.dao.impl.MyTerminalSalesDaoImpl
4503:             1             16  com.nubia.channel.mybatis.dao.impl.MyTerminalSalesImeiDaoImpl
4504:             1             16  com.nubia.channel.mybatis.service.impl.MyDataGatherServiceImpl
4505:             1             16  com.nubia.channel.mybatis.service.impl.MyTerminalSalesImeiServiceImpl
4506:             1             16  com.nubia.channel.mybatis.service.impl.MyTerminalSalesServiceImpl
4507:             1             16  com.nubia.channel.redis.service.impl.JedisClusterTemplate
4508:             1             16  com.nubia.channel.redis.service.impl.JedisClusterTemplate
4509:             1             16  com.nubia.channel.service.impl.AppMenuServiceImpl
4510:             1             16  com.nubia.channel.service.impl.AppPCMenuServiceImpl
4511:             1             16  com.nubia.channel.service.impl.BasicDataServiceImpl
4512:             1             16  com.nubia.channel.service.impl.ChannelServiceImpl
4513:             1             16  com.nubia.channel.service.impl.ConfigServiceImpl
4514:             1             16  com.nubia.channel.service.impl.ConstServiceImpl
4515:             1             16  com.nubia.channel.service.impl.CustomerSearchServiceImpl
4516:             1             16  com.nubia.channel.service.impl.CustomerServiceImpl
4517:             1             16  com.nubia.channel.service.impl.DataGatherAPPServiceImpl
4518:             1             16  com.nubia.channel.service.impl.DataProductServiceImpl
4519:             1             16  com.nubia.channel.service.impl.DataStatServiceImpl
4520:             1             16  com.nubia.channel.service.impl.ElsewhereServiceImpl
4521:             1             16  com.nubia.channel.service.impl.ElsewhereWholeServiceImpl
4522:             1             16  com.nubia.channel.service.impl.ExportLogServiceImpl
4523:             1             16  com.nubia.channel.service.impl.FeedbackServiceImpl
4524:             1             16  com.nubia.channel.service.impl.ImeiSearchServiceImpl
4525:             1             16  com.nubia.channel.service.impl.NewCustomerServiceImpl
4526:             1             16  com.nubia.channel.service.impl.NiusaoShopServiceImpl
4527:             1             16  com.nubia.channel.service.impl.PlatformServiceImpl
4528:             1             16  com.nubia.channel.service.impl.ProductMarketServiceImpl
4529:             1             16  com.nubia.channel.service.impl.ProductServiceImpl
4530:             1             16  com.nubia.channel.service.impl.RegionRoleServiceImpl
4531:             1             16  com.nubia.channel.service.impl.RegionServiceImpl
4532:             1             16  com.nubia.channel.service.impl.RegionServiceImpl$$EnhancerBySpringCGLIB$$3a34c135$$FastClassBySpringCGLIB$$9e289d39
4533:             1             16  com.nubia.channel.service.impl.RegionServiceImpl$$FastClassBySpringCGLIB$$57473bdf
4534:             1             16  com.nubia.channel.service.impl.RoleMenuServiceImpl
4535:             1             16  com.nubia.channel.service.impl.SaleServiceImpl
4536:             1             16  com.nubia.channel.service.impl.SalesAccountServiceImpl
4537:             1             16  com.nubia.channel.service.impl.SalesRegionRegionServiceImpl
4538:             1             16  com.nubia.channel.service.impl.SalesRegionServiceImpl
4539:             1             16  com.nubia.channel.service.impl.SheetNoServiceImpl
4540:             1             16  com.nubia.channel.service.impl.StoreAppServiceIml
4541:             1             16  com.nubia.channel.service.impl.StoreUpgradeServiceImpl
4542:             1             16  com.nubia.channel.service.impl.TestServiceImpl
4543:             1             16  com.nubia.channel.service.impl.UserBehaviorServiceImpl
4544:             1             16  com.nubia.channel.utils.CommonPropertyUtils
4545:             1             16  com.nubia.erp.service.impl.CustServiceImpl
4546:             1             16  com.nubia.erp.service.impl.PartNameImpl
4547:             1             16  com.nubia.product.service.impl.ProductServiceImpl
4548:             1             16  com.nubia.r5.service.impl.BillServiceImpl
4549:             1             16  com.nubia.rbac.service.impl.AdminLogServiceImpl
4550:             1             16  com.nubia.rbac.service.impl.DynamicResServiceImpl
4551:             1             16  com.nubia.rbac.service.impl.MenuServiceImpl
4552:             1             16  com.nubia.rbac.service.impl.ResTypeServiceImpl
4553:             1             16  com.nubia.rbac.service.impl.RoleServiceImpl
4554:             1             16  com.nubia.rbac.service.impl.UserOperationServiceImpl
4555:             1             16  com.nubia.rbac.service.impl.UserSalesRegionServiceImpl
4556:             1             16  com.sun.jmx.interceptor.DefaultMBeanServerInterceptor$ResourceContext$1
4557:             1             16  com.sun.jmx.mbeanserver.DefaultMXBeanMappingFactory
4558:             1             16  com.sun.jmx.mbeanserver.DescriptorCache
4559:             1             16  com.sun.jmx.mbeanserver.MBeanAnalyzer$MethodOrder
4560:             1             16  com.sun.jmx.mbeanserver.MBeanInstantiator
4561:             1             16  com.sun.jmx.mbeanserver.MXBeanIntrospector
4562:             1             16  com.sun.jmx.mbeanserver.SecureClassLoaderRepository
4563:             1             16  com.sun.jmx.mbeanserver.StandardMBeanIntrospector
4564:             1             16  com.sun.jmx.remote.protocol.iiop.IIOPProxyImpl
4565:             1             16  com.sun.naming.internal.VersionHelper12
4566:             1             16  com.sun.org.apache.xalan.internal.utils.SecuritySupport
4567:             1             16  com.sun.org.apache.xerces.internal.dom.CharacterDataImpl$1
4568:             1             16  com.sun.org.apache.xerces.internal.impl.XMLDocumentScannerImpl$DTDDriver
4569:             1             16  com.sun.org.apache.xerces.internal.impl.dv.dtd.IDDatatypeValidator
4570:             1             16  com.sun.org.apache.xerces.internal.impl.dv.dtd.IDREFDatatypeValidator
4571:             1             16  com.sun.org.apache.xerces.internal.impl.dv.dtd.NMTOKENDatatypeValidator
4572:             1             16  com.sun.org.apache.xerces.internal.impl.dv.dtd.NOTATIONDatatypeValidator
4573:             1             16  com.sun.org.apache.xerces.internal.impl.dv.dtd.StringDatatypeValidator
4574:             1             16  com.sun.org.apache.xerces.internal.impl.dv.xs.AnyAtomicDV
4575:             1             16  com.sun.org.apache.xerces.internal.impl.dv.xs.AnySimpleDV
4576:             1             16  com.sun.org.apache.xerces.internal.impl.dv.xs.AnyURIDV
4577:             1             16  com.sun.org.apache.xerces.internal.impl.dv.xs.Base64BinaryDV
4578:             1             16  com.sun.org.apache.xerces.internal.impl.dv.xs.BooleanDV
4579:             1             16  com.sun.org.apache.xerces.internal.impl.dv.xs.DateDV
4580:             1             16  com.sun.org.apache.xerces.internal.impl.dv.xs.DateTimeDV
4581:             1             16  com.sun.org.apache.xerces.internal.impl.dv.xs.DayDV
4582:             1             16  com.sun.org.apache.xerces.internal.impl.dv.xs.DayTimeDurationDV
4583:             1             16  com.sun.org.apache.xerces.internal.impl.dv.xs.DecimalDV
4584:             1             16  com.sun.org.apache.xerces.internal.impl.dv.xs.DoubleDV
4585:             1             16  com.sun.org.apache.xerces.internal.impl.dv.xs.DurationDV
4586:             1             16  com.sun.org.apache.xerces.internal.impl.dv.xs.EntityDV
4587:             1             16  com.sun.org.apache.xerces.internal.impl.dv.xs.FloatDV
4588:             1             16  com.sun.org.apache.xerces.internal.impl.dv.xs.HexBinaryDV
4589:             1             16  com.sun.org.apache.xerces.internal.impl.dv.xs.IDDV
4590:             1             16  com.sun.org.apache.xerces.internal.impl.dv.xs.IDREFDV
4591:             1             16  com.sun.org.apache.xerces.internal.impl.dv.xs.IntegerDV
4592:             1             16  com.sun.org.apache.xerces.internal.impl.dv.xs.ListDV
4593:             1             16  com.sun.org.apache.xerces.internal.impl.dv.xs.MonthDV
4594:             1             16  com.sun.org.apache.xerces.internal.impl.dv.xs.MonthDayDV
4595:             1             16  com.sun.org.apache.xerces.internal.impl.dv.xs.PrecisionDecimalDV
4596:             1             16  com.sun.org.apache.xerces.internal.impl.dv.xs.StringDV
4597:             1             16  com.sun.org.apache.xerces.internal.impl.dv.xs.TimeDV
4598:             1             16  com.sun.org.apache.xerces.internal.impl.dv.xs.UnionDV
4599:             1             16  com.sun.org.apache.xerces.internal.impl.dv.xs.XSSimpleTypeDecl$1
4600:             1             16  com.sun.org.apache.xerces.internal.impl.dv.xs.XSSimpleTypeDecl$4
4601:             1             16  com.sun.org.apache.xerces.internal.impl.dv.xs.YearDV
4602:             1             16  com.sun.org.apache.xerces.internal.impl.dv.xs.YearMonthDV
4603:             1             16  com.sun.org.apache.xerces.internal.impl.dv.xs.YearMonthDurationDV
4604:             1             16  com.sun.org.apache.xerces.internal.impl.xs.XSConstraints$1
4605:             1             16  com.sun.org.apache.xerces.internal.impl.xs.models.XSEmptyCM
4606:             1             16  com.sun.org.apache.xerces.internal.impl.xs.util.XIntPool
4607:             1             16  com.sun.org.apache.xerces.internal.impl.xs.util.XSObjectListImpl$1
4608:             1             16  com.sun.org.apache.xerces.internal.jaxp.datatype.DatatypeFactoryImpl
4609:             1             16  com.sun.org.apache.xerces.internal.utils.SecuritySupport
4610:             1             16  com.sun.org.apache.xpath.internal.objects.EqualComparator
4611:             1             16  com.sun.org.apache.xpath.internal.objects.GreaterThanComparator
4612:             1             16  com.sun.org.apache.xpath.internal.objects.GreaterThanOrEqualComparator
4613:             1             16  com.sun.org.apache.xpath.internal.objects.LessThanComparator
4614:             1             16  com.sun.org.apache.xpath.internal.objects.LessThanOrEqualComparator
4615:             1             16  com.sun.org.apache.xpath.internal.objects.NotEqualComparator
4616:             1             16  com.sun.org.apache.xpath.internal.objects.XMLStringFactoryImpl
4617:             1             16  com.sun.proxy.$Proxy15
4618:             1             16  com.sun.proxy.$Proxy20
4619:             1             16  com.sun.proxy.$Proxy29
4620:             1             16  com.sun.proxy.$Proxy3
4621:             1             16  com.sun.proxy.$Proxy36
4622:             1             16  com.sun.proxy.$Proxy40
4623:             1             16  com.sun.proxy.$Proxy45
4624:             1             16  com.sun.proxy.$Proxy48
4625:             1             16  com.sun.proxy.$Proxy50
4626:             1             16  com.sun.proxy.$Proxy52
4627:             1             16  com.sun.proxy.$Proxy55
4628:             1             16  com.sun.proxy.$Proxy56
4629:             1             16  com.sun.proxy.$Proxy60
4630:             1             16  com.sun.proxy.$Proxy61
4631:             1             16  com.sun.proxy.$Proxy68
4632:             1             16  com.sun.proxy.$Proxy77
4633:             1             16  com.sun.proxy.$Proxy8
4634:             1             16  com.sun.proxy.$Proxy9
4635:             1             16  freemarker.core.TemplateClassResolver$1
4636:             1             16  freemarker.core.TemplateClassResolver$2
4637:             1             16  freemarker.core.TemplateClassResolver$3
4638:             1             16  freemarker.ext.beans.BeanModel$1
4639:             1             16  freemarker.ext.beans.BeansWrapper$2
4640:             1             16  freemarker.ext.beans.BeansWrapper$3
4641:             1             16  freemarker.log._Log4JLoggerFactory
4642:             1             16  freemarker.template.SimpleScalar
4643:             1             16  freemarker.template.TemplateExceptionHandler$1
4644:             1             16  freemarker.template.TemplateExceptionHandler$2
4645:             1             16  freemarker.template.TemplateExceptionHandler$3
4646:             1             16  freemarker.template.TemplateExceptionHandler$4
4647:             1             16  freemarker.template.utility.StandardCompress
4648:             1             16  java.io.FileDescriptor$1
4649:             1             16  java.lang.ApplicationShutdownHooks$1
4650:             1             16  java.lang.CharacterData00
4651:             1             16  java.lang.CharacterDataLatin1
4652:             1             16  java.lang.ClassValue$Identity
4653:             1             16  java.lang.InheritableThreadLocal
4654:             1             16  java.lang.Runtime
4655:             1             16  java.lang.String$CaseInsensitiveComparator
4656:             1             16  java.lang.System$2
4657:             1             16  java.lang.Terminator$1
4658:             1             16  java.lang.invoke.MemberName$Factory
4659:             1             16  java.lang.management.PlatformComponent$1
4660:             1             16  java.lang.management.PlatformComponent$10
4661:             1             16  java.lang.management.PlatformComponent$11
4662:             1             16  java.lang.management.PlatformComponent$12
4663:             1             16  java.lang.management.PlatformComponent$13
4664:             1             16  java.lang.management.PlatformComponent$14
4665:             1             16  java.lang.management.PlatformComponent$15
4666:             1             16  java.lang.management.PlatformComponent$2
4667:             1             16  java.lang.management.PlatformComponent$3
4668:             1             16  java.lang.management.PlatformComponent$4
4669:             1             16  java.lang.management.PlatformComponent$5
4670:             1             16  java.lang.management.PlatformComponent$6
4671:             1             16  java.lang.management.PlatformComponent$7
4672:             1             16  java.lang.management.PlatformComponent$8
4673:             1             16  java.lang.management.PlatformComponent$9
4674:             1             16  java.lang.ref.Reference$Lock
4675:             1             16  java.lang.reflect.Proxy$KeyFactory
4676:             1             16  java.lang.reflect.Proxy$ProxyClassFactory
4677:             1             16  java.lang.reflect.ReflectAccess
4678:             1             16  java.math.BigDecimal$1
4679:             1             16  java.net.InetAddress$2
4680:             1             16  java.net.URLClassLoader$7
4681:             1             16  java.nio.Bits$1
4682:             1             16  java.nio.Bits$1$1
4683:             1             16  java.nio.channels.spi.AbstractInterruptibleChannel$1
4684:             1             16  java.nio.charset.CoderResult$1
4685:             1             16  java.nio.charset.CoderResult$2
4686:             1             16  java.nio.file.Files$AcceptAllFilter
4687:             1             16  java.security.ProtectionDomain$1
4688:             1             16  java.security.ProtectionDomain$3
4689:             1             16  java.text.DontCareFieldPosition$1
4690:             1             16  java.text.MessageFormat$Field
4691:             1             16  java.time.chrono.AbstractChronology$$Lambda$5/1010879182
4692:             1             16  java.time.chrono.AbstractChronology$$Lambda$6/1189283848
4693:             1             16  java.time.chrono.AbstractChronology$$Lambda$7/1016634416
4694:             1             16  java.time.chrono.IsoChronology
4695:             1             16  java.time.format.DateTimeFormatter$$Lambda$8/482900641
4696:             1             16  java.time.format.DateTimeFormatter$$Lambda$9/451996730
4697:             1             16  java.time.format.DateTimeFormatterBuilder$$Lambda$4/480624361
4698:             1             16  java.time.format.DateTimeFormatterBuilder$2
4699:             1             16  java.time.format.DateTimeFormatterBuilder$InstantPrinterParser
4700:             1             16  java.time.format.DateTimeTextProvider$1
4701:             1             16  java.util.Collections$EmptyEnumeration
4702:             1             16  java.util.Collections$EmptyIterator
4703:             1             16  java.util.Collections$EmptyList
4704:             1             16  java.util.Collections$EmptySet
4705:             1             16  java.util.Currency$CurrencyNameGetter
4706:             1             16  java.util.EnumMap$1
4707:             1             16  java.util.Optional
4708:             1             16  java.util.ResourceBundle$Control
4709:             1             16  java.util.WeakHashMap$KeySet
4710:             1             16  java.util.concurrent.ThreadPoolExecutor$AbortPolicy
4711:             1             16  java.util.jar.JavaUtilJarAccessImpl
4712:             1             16  java.util.logging.LoggingProxyImpl
4713:             1             16  java.util.regex.Pattern$4
4714:             1             16  java.util.regex.Pattern$LastNode
4715:             1             16  java.util.regex.Pattern$Node
4716:             1             16  java.util.zip.ZipFile$1
4717:             1             16  javassist.util.proxy.ProxyFactory$1
4718:             1             16  javassist.util.proxy.ProxyFactory$1
4719:             1             16  javassist.util.proxy.ProxyFactory$3
4720:             1             16  javassist.util.proxy.ProxyFactory$3
4721:             1             16  javassist.util.proxy.RuntimeSupport$DefaultMethodHandler
4722:             1             16  javassist.util.proxy.RuntimeSupport$DefaultMethodHandler
4723:             1             16  javax.management.JMX
4724:             1             16  javax.management.MBeanServerBuilder
4725:             1             16  javax.management.NotificationBroadcasterSupport$1
4726:             1             16  javax.persistence.Persistence$1
4727:             1             16  javax.persistence.Persistence$1
4728:             1             16  javax.xml.parsers.SecuritySupport
4729:             1             16  javax.xml.stream.SecuritySupport
4730:             1             16  javax.xml.transform.SecuritySupport
4731:             1             16  listeners.ContextListener
4732:             1             16  listeners.SessionListener
4733:             1             16  org.apache.catalina.connector.CoyoteAdapter
4734:             1             16  org.apache.catalina.connector.CoyoteAdapter$1
4735:             1             16  org.apache.catalina.core.ContainerBase$ContainerBackgroundProcessor
4736:             1             16  org.apache.catalina.core.StandardContext$1
4737:             1             16  org.apache.catalina.core.ThreadLocalLeakPreventionListener
4738:             1             16  org.apache.catalina.filters.RequestDumperFilter
4739:             1             16  org.apache.catalina.filters.RequestDumperFilter$1
4740:             1             16  org.apache.catalina.mbeans.GlobalResourcesLifecycleListener
4741:             1             16  org.apache.catalina.mbeans.MBeanFactory
4742:             1             16  org.apache.catalina.realm.X509SubjectDnRetriever
4743:             1             16  org.apache.catalina.startup.EngineConfig
4744:             1             16  org.apache.catalina.util.URLEncoder
4745:             1             16  org.apache.ibatis.builder.xml.XMLMapperEntityResolver
4746:             1             16  org.apache.ibatis.executor.keygen.Jdbc3KeyGenerator
4747:             1             16  org.apache.ibatis.ognl.ArrayElementsAccessor
4748:             1             16  org.apache.ibatis.ognl.ArrayPropertyAccessor
4749:             1             16  org.apache.ibatis.ognl.CollectionElementsAccessor
4750:             1             16  org.apache.ibatis.ognl.EnumerationElementsAccessor
4751:             1             16  org.apache.ibatis.ognl.EnumerationPropertyAccessor
4752:             1             16  org.apache.ibatis.ognl.IteratorElementsAccessor
4753:             1             16  org.apache.ibatis.ognl.IteratorPropertyAccessor
4754:             1             16  org.apache.ibatis.ognl.ListPropertyAccessor
4755:             1             16  org.apache.ibatis.ognl.MapElementsAccessor
4756:             1             16  org.apache.ibatis.ognl.MapPropertyAccessor
4757:             1             16  org.apache.ibatis.ognl.NumberElementsAccessor
4758:             1             16  org.apache.ibatis.ognl.ObjectArrayPool
4759:             1             16  org.apache.ibatis.ognl.ObjectElementsAccessor
4760:             1             16  org.apache.ibatis.ognl.ObjectMethodAccessor
4761:             1             16  org.apache.ibatis.ognl.ObjectNullHandler
4762:             1             16  org.apache.ibatis.ognl.ObjectPropertyAccessor
4763:             1             16  org.apache.ibatis.ognl.SetPropertyAccessor
4764:             1             16  org.apache.ibatis.plugin.InterceptorChain
4765:             1             16  org.apache.ibatis.reflection.factory.DefaultObjectFactory
4766:             1             16  org.apache.ibatis.reflection.wrapper.DefaultObjectWrapperFactory
4767:             1             16  org.apache.ibatis.scripting.defaults.RawLanguageDriver
4768:             1             16  org.apache.ibatis.scripting.defaults.RawSqlSource
4769:             1             16  org.apache.ibatis.scripting.xmltags.DynamicContext$ContextAccessor
4770:             1             16  org.apache.ibatis.scripting.xmltags.XMLLanguageDriver
4771:             1             16  org.apache.ibatis.session.SqlSessionFactoryBuilder
4772:             1             16  org.apache.ibatis.session.defaults.DefaultSqlSessionFactory
4773:             1             16  org.apache.ibatis.type.TypeAliasRegistry
4774:             1             16  org.apache.jasper.runtime.JspFactoryImpl
4775:             1             16  org.apache.juli.logging.LogFactory
4776:             1             16  org.apache.log4j.DefaultCategoryFactory
4777:             1             16  org.apache.log4j.DefaultCategoryFactory
4778:             1             16  org.apache.log4j.helpers.AppenderAttachableImpl
4779:             1             16  org.apache.log4j.helpers.AppenderAttachableImpl
4780:             1             16  org.apache.log4j.helpers.ThreadLocalMap
4781:             1             16  org.apache.log4j.helpers.ThreadLocalMap
4782:             1             16  org.apache.log4j.or.DefaultRenderer
4783:             1             16  org.apache.log4j.or.DefaultRenderer
4784:             1             16  org.apache.log4j.or.RendererMap
4785:             1             16  org.apache.log4j.or.RendererMap
4786:             1             16  org.apache.log4j.spi.DefaultRepositorySelector
4787:             1             16  org.apache.log4j.spi.DefaultRepositorySelector
4788:             1             16  org.apache.naming.NameParserImpl
4789:             1             16  org.apache.tomcat.util.buf.StringCache
4790:             1             16  org.apache.tomcat.util.descriptor.web.JspPropertyGroupDescriptorImpl
4791:             1             16  org.apache.tomcat.util.digester.Digester$SystemPropertySource
4792:             1             16  org.apache.tomcat.util.net.jsse.JSSEImplementation
4793:             1             16  org.apache.tomcat.util.threads.ThreadPoolExecutor$RejectHandler
4794:             1             16  org.apache.tomcat.websocket.server.DefaultServerEndpointConfigurator
4795:             1             16  org.aspectj.bridge.IMessage$Kind$1
4796:             1             16  org.aspectj.bridge.IMessage$Kind$1
4797:             1             16  org.aspectj.bridge.IMessageHandler$1
4798:             1             16  org.aspectj.bridge.IMessageHandler$1
4799:             1             16  org.aspectj.internal.lang.reflect.PointcutExpressionImpl
4800:             1             16  org.aspectj.internal.lang.reflect.PointcutExpressionImpl
4801:             1             16  org.aspectj.util.FuzzyBoolean$MaybeFuzzyBoolean
4802:             1             16  org.aspectj.util.FuzzyBoolean$MaybeFuzzyBoolean
4803:             1             16  org.aspectj.util.FuzzyBoolean$NeverFuzzyBoolean
4804:             1             16  org.aspectj.util.FuzzyBoolean$NeverFuzzyBoolean
4805:             1             16  org.aspectj.util.FuzzyBoolean$NoFuzzyBoolean
4806:             1             16  org.aspectj.util.FuzzyBoolean$NoFuzzyBoolean
4807:             1             16  org.aspectj.util.FuzzyBoolean$YesFuzzyBoolean
4808:             1             16  org.aspectj.util.FuzzyBoolean$YesFuzzyBoolean
4809:             1             16  org.aspectj.weaver.ResolvedType$FieldGetter
4810:             1             16  org.aspectj.weaver.ResolvedType$FieldGetter
4811:             1             16  org.aspectj.weaver.ResolvedType$MethodGetter
4812:             1             16  org.aspectj.weaver.ResolvedType$MethodGetter
4813:             1             16  org.aspectj.weaver.ResolvedType$MethodGetterIncludingItds
4814:             1             16  org.aspectj.weaver.ResolvedType$MethodGetterIncludingItds
4815:             1             16  org.aspectj.weaver.ResolvedType$PointcutGetter
4816:             1             16  org.aspectj.weaver.ResolvedType$PointcutGetter
4817:             1             16  org.aspectj.weaver.SourceContextImpl$1
4818:             1             16  org.aspectj.weaver.SourceContextImpl$1
4819:             1             16  org.aspectj.weaver.patterns.Bindings
4820:             1             16  org.aspectj.weaver.patterns.Bindings
4821:             1             16  org.aspectj.weaver.tools.Jdk14TraceFactory
4822:             1             16  org.aspectj.weaver.tools.Jdk14TraceFactory
4823:             1             16  org.hibernate.EmptyInterceptor
4824:             1             16  org.hibernate.EmptyInterceptor
4825:             1             16  org.hibernate.annotations.common.reflection.XClass$1
4826:             1             16  org.hibernate.annotations.common.reflection.XClass$1
4827:             1             16  org.hibernate.annotations.common.reflection.java.generics.IdentityTypeEnvironment
4828:             1             16  org.hibernate.annotations.common.reflection.java.generics.IdentityTypeEnvironment
4829:             1             16  org.hibernate.annotations.common.util.StandardClassLoaderDelegateImpl
4830:             1             16  org.hibernate.annotations.common.util.StandardClassLoaderDelegateImpl
4831:             1             16  org.hibernate.bytecode.instrumentation.spi.LazyPropertyInitializer$1
4832:             1             16  org.hibernate.bytecode.internal.javassist.BytecodeProviderImpl
4833:             1             16  org.hibernate.bytecode.internal.javassist.BytecodeProviderImpl
4834:             1             16  org.hibernate.bytecode.internal.javassist.ProxyFactoryFactoryImpl$1
4835:             1             16  org.hibernate.bytecode.internal.javassist.ProxyFactoryFactoryImpl$1
4836:             1             16  org.hibernate.cache.internal.NoCachingRegionFactory
4837:             1             16  org.hibernate.cache.internal.NoCachingRegionFactory
4838:             1             16  org.hibernate.cache.internal.RegionFactoryInitiator
4839:             1             16  org.hibernate.cache.internal.RegionFactoryInitiator
4840:             1             16  org.hibernate.cfg.EJB3NamingStrategy
4841:             1             16  org.hibernate.cfg.EJB3NamingStrategy
4842:             1             16  org.hibernate.cfg.annotations.EntityBinder$SecondaryTableNamingStrategyHelper
4843:             1             16  org.hibernate.cfg.annotations.EntityBinder$SecondaryTableNamingStrategyHelper
4844:             1             16  org.hibernate.cfg.annotations.PropertyBinder$NoValueGeneration
4845:             1             16  org.hibernate.cfg.annotations.PropertyBinder$NoValueGeneration
4846:             1             16  org.hibernate.cfg.beanvalidation.DuplicationStrategyImpl
4847:             1             16  org.hibernate.cfg.beanvalidation.DuplicationStrategyImpl
4848:             1             16  org.hibernate.cfg.naming.LegacyHbmNamingStrategyDelegate
4849:             1             16  org.hibernate.cfg.naming.LegacyHbmNamingStrategyDelegate
4850:             1             16  org.hibernate.cfg.naming.LegacyJpaNamingStrategyDelegate
4851:             1             16  org.hibernate.cfg.naming.LegacyJpaNamingStrategyDelegate
4852:             1             16  org.hibernate.dialect.Dialect$1
4853:             1             16  org.hibernate.dialect.Dialect$1
4854:             1             16  org.hibernate.dialect.Dialect$2
4855:             1             16  org.hibernate.dialect.Dialect$2
4856:             1             16  org.hibernate.dialect.Dialect$3
4857:             1             16  org.hibernate.dialect.Dialect$3
4858:             1             16  org.hibernate.dialect.Dialect$4
4859:             1             16  org.hibernate.dialect.Dialect$4
4860:             1             16  org.hibernate.dialect.MySQL5Dialect$1
4861:             1             16  org.hibernate.dialect.MySQL5Dialect$1
4862:             1             16  org.hibernate.dialect.MySQLDialect$1
4863:             1             16  org.hibernate.engine.config.internal.ConfigurationServiceInitiator
4864:             1             16  org.hibernate.engine.config.internal.ConfigurationServiceInitiator
4865:             1             16  org.hibernate.engine.jdbc.batch.internal.BatchBuilderInitiator
4866:             1             16  org.hibernate.engine.jdbc.batch.internal.BatchBuilderInitiator
4867:             1             16  org.hibernate.engine.jdbc.connections.internal.ConnectionProviderInitiator
4868:             1             16  org.hibernate.engine.jdbc.connections.internal.ConnectionProviderInitiator
4869:             1             16  org.hibernate.engine.jdbc.connections.internal.MultiTenantConnectionProviderInitiator
4870:             1             16  org.hibernate.engine.jdbc.connections.internal.MultiTenantConnectionProviderInitiator
4871:             1             16  org.hibernate.engine.jdbc.cursor.internal.RefCursorSupportInitiator
4872:             1             16  org.hibernate.engine.jdbc.cursor.internal.RefCursorSupportInitiator
4873:             1             16  org.hibernate.engine.jdbc.dialect.internal.DialectFactoryInitiator
4874:             1             16  org.hibernate.engine.jdbc.dialect.internal.DialectFactoryInitiator
4875:             1             16  org.hibernate.engine.jdbc.dialect.internal.DialectResolverInitiator
4876:             1             16  org.hibernate.engine.jdbc.dialect.internal.DialectResolverInitiator
4877:             1             16  org.hibernate.engine.jdbc.dialect.internal.StandardDialectResolver
4878:             1             16  org.hibernate.engine.jdbc.dialect.internal.StandardDialectResolver
4879:             1             16  org.hibernate.engine.jdbc.internal.BasicFormatterImpl
4880:             1             16  org.hibernate.engine.jdbc.internal.DDLFormatterImpl
4881:             1             16  org.hibernate.engine.jdbc.internal.FormatStyle$NoFormatImpl
4882:             1             16  org.hibernate.engine.jdbc.internal.JdbcServicesInitiator
4883:             1             16  org.hibernate.engine.jdbc.internal.JdbcServicesInitiator
4884:             1             16  org.hibernate.engine.jdbc.spi.SqlExceptionHelper$1
4885:             1             16  org.hibernate.engine.jdbc.spi.SqlExceptionHelper$1
4886:             1             16  org.hibernate.engine.jdbc.spi.SqlExceptionHelper$StandardWarningHandler
4887:             1             16  org.hibernate.engine.jdbc.spi.SqlExceptionHelper$StandardWarningHandler
4888:             1             16  org.hibernate.engine.jndi.internal.JndiServiceInitiator
4889:             1             16  org.hibernate.engine.jndi.internal.JndiServiceInitiator
4890:             1             16  org.hibernate.engine.query.internal.NativeQueryInterpreterStandardImpl
4891:             1             16  org.hibernate.engine.query.internal.NativeQueryInterpreterStandardImpl
4892:             1             16  org.hibernate.engine.query.spi.NativeQueryInterpreterInitiator
4893:             1             16  org.hibernate.engine.query.spi.NativeQueryInterpreterInitiator
4894:             1             16  org.hibernate.engine.spi.CacheInitiator
4895:             1             16  org.hibernate.engine.spi.CacheInitiator
4896:             1             16  org.hibernate.engine.spi.CascadeStyles$1
4897:             1             16  org.hibernate.engine.spi.CascadeStyles$1
4898:             1             16  org.hibernate.engine.spi.CascadeStyles$10
4899:             1             16  org.hibernate.engine.spi.CascadeStyles$10
4900:             1             16  org.hibernate.engine.spi.CascadeStyles$11
4901:             1             16  org.hibernate.engine.spi.CascadeStyles$11
4902:             1             16  org.hibernate.engine.spi.CascadeStyles$12
4903:             1             16  org.hibernate.engine.spi.CascadeStyles$12
4904:             1             16  org.hibernate.engine.spi.CascadeStyles$2
4905:             1             16  org.hibernate.engine.spi.CascadeStyles$2
4906:             1             16  org.hibernate.engine.spi.CascadeStyles$3
4907:             1             16  org.hibernate.engine.spi.CascadeStyles$3
4908:             1             16  org.hibernate.engine.spi.CascadeStyles$4
4909:             1             16  org.hibernate.engine.spi.CascadeStyles$4
4910:             1             16  org.hibernate.engine.spi.CascadeStyles$5
4911:             1             16  org.hibernate.engine.spi.CascadeStyles$5
4912:             1             16  org.hibernate.engine.spi.CascadeStyles$6
4913:             1             16  org.hibernate.engine.spi.CascadeStyles$6
4914:             1             16  org.hibernate.engine.spi.CascadeStyles$7
4915:             1             16  org.hibernate.engine.spi.CascadeStyles$7
4916:             1             16  org.hibernate.engine.spi.CascadeStyles$8
4917:             1             16  org.hibernate.engine.spi.CascadeStyles$8
4918:             1             16  org.hibernate.engine.spi.CascadeStyles$9
4919:             1             16  org.hibernate.engine.spi.CascadeStyles$9
4920:             1             16  org.hibernate.engine.spi.CascadingActions$1
4921:             1             16  org.hibernate.engine.spi.CascadingActions$1
4922:             1             16  org.hibernate.engine.spi.CascadingActions$2
4923:             1             16  org.hibernate.engine.spi.CascadingActions$2
4924:             1             16  org.hibernate.engine.spi.CascadingActions$3
4925:             1             16  org.hibernate.engine.spi.CascadingActions$3
4926:             1             16  org.hibernate.engine.spi.CascadingActions$4
4927:             1             16  org.hibernate.engine.spi.CascadingActions$4
4928:             1             16  org.hibernate.engine.spi.CascadingActions$5
4929:             1             16  org.hibernate.engine.spi.CascadingActions$5
4930:             1             16  org.hibernate.engine.spi.CascadingActions$6
4931:             1             16  org.hibernate.engine.spi.CascadingActions$6
4932:             1             16  org.hibernate.engine.spi.CascadingActions$7
4933:             1             16  org.hibernate.engine.spi.CascadingActions$7
4934:             1             16  org.hibernate.engine.spi.CascadingActions$8
4935:             1             16  org.hibernate.engine.spi.CascadingActions$8
4936:             1             16  org.hibernate.engine.spi.CascadingActions$9
4937:             1             16  org.hibernate.engine.spi.CascadingActions$9
4938:             1             16  org.hibernate.engine.spi.IdentifierValue$1
4939:             1             16  org.hibernate.engine.spi.IdentifierValue$1
4940:             1             16  org.hibernate.engine.spi.IdentifierValue$2
4941:             1             16  org.hibernate.engine.spi.IdentifierValue$2
4942:             1             16  org.hibernate.engine.spi.IdentifierValue$3
4943:             1             16  org.hibernate.engine.spi.IdentifierValue$3
4944:             1             16  org.hibernate.engine.spi.IdentifierValue$4
4945:             1             16  org.hibernate.engine.spi.IdentifierValue$4
4946:             1             16  org.hibernate.engine.transaction.internal.TransactionFactoryInitiator
4947:             1             16  org.hibernate.engine.transaction.internal.TransactionFactoryInitiator
4948:             1             16  org.hibernate.engine.transaction.jta.platform.internal.JtaPlatformInitiator
4949:             1             16  org.hibernate.engine.transaction.jta.platform.internal.JtaPlatformInitiator
4950:             1             16  org.hibernate.engine.transaction.jta.platform.internal.JtaPlatformResolverInitiator
4951:             1             16  org.hibernate.engine.transaction.jta.platform.internal.JtaPlatformResolverInitiator
4952:             1             16  org.hibernate.engine.transaction.jta.platform.internal.NoJtaPlatform
4953:             1             16  org.hibernate.engine.transaction.jta.platform.internal.NoJtaPlatform
4954:             1             16  org.hibernate.engine.transaction.jta.platform.internal.StandardJtaPlatformResolver
4955:             1             16  org.hibernate.engine.transaction.jta.platform.internal.StandardJtaPlatformResolver
4956:             1             16  org.hibernate.engine.transaction.synchronization.internal.SynchronizationCallbackCoordinatorNonTrackingImpl$1
4957:             1             16  org.hibernate.engine.transaction.synchronization.internal.SynchronizationCallbackCoordinatorNonTrackingImpl$2
4958:             1             16  org.hibernate.engine.transaction.synchronization.internal.SynchronizationCallbackCoordinatorNonTrackingImpl$3
4959:             1             16  org.hibernate.event.service.internal.EventListenerServiceInitiator
4960:             1             16  org.hibernate.event.service.internal.EventListenerServiceInitiator
4961:             1             16  org.hibernate.exception.internal.SQLStateConverter
4962:             1             16  org.hibernate.exception.internal.SQLStateConverter
4963:             1             16  org.hibernate.hql.internal.ast.tree.DotNode$1
4964:             1             16  org.hibernate.hql.internal.ast.tree.FromClause$1
4965:             1             16  org.hibernate.hql.internal.ast.tree.FromClause$2
4966:             1             16  org.hibernate.hql.internal.ast.tree.FromClause$3
4967:             1             16  org.hibernate.hql.internal.ast.tree.FromClause$4
4968:             1             16  org.hibernate.hql.internal.ast.util.AliasGenerator
4969:             1             16  org.hibernate.hql.internal.ast.util.LiteralProcessor
4970:             1             16  org.hibernate.hql.spi.TemporaryTableBulkIdStrategy
4971:             1             16  org.hibernate.hql.spi.TemporaryTableBulkIdStrategy
4972:             1             16  org.hibernate.hql.spi.TemporaryTableBulkIdStrategy$3
4973:             1             16  org.hibernate.hql.spi.TemporaryTableBulkIdStrategy$3
4974:             1             16  org.hibernate.id.Assigned
4975:             1             16  org.hibernate.id.factory.internal.MutableIdentifierGeneratorFactoryInitiator
4976:             1             16  org.hibernate.id.factory.internal.MutableIdentifierGeneratorFactoryInitiator
4977:             1             16  org.hibernate.id.uuid.StandardRandomStrategy
4978:             1             16  org.hibernate.id.uuid.StandardRandomStrategy
4979:             1             16  org.hibernate.internal.SessionFactoryRegistry$1
4980:             1             16  org.hibernate.internal.SessionFactoryRegistry$1
4981:             1             16  org.hibernate.internal.util.ValueHolder$1
4982:             1             16  org.hibernate.internal.util.ValueHolder$1
4983:             1             16  org.hibernate.internal.util.collections.EmptyIterator
4984:             1             16  org.hibernate.internal.util.collections.EmptyIterator
4985:             1             16  org.hibernate.internal.util.compare.ComparableComparator
4986:             1             16  org.hibernate.internal.util.compare.ComparableComparator
4987:             1             16  org.hibernate.internal.util.xml.DTDEntityResolver
4988:             1             16  org.hibernate.internal.util.xml.DTDEntityResolver
4989:             1             16  org.hibernate.jmx.internal.JmxServiceInitiator
4990:             1             16  org.hibernate.jmx.internal.JmxServiceInitiator
4991:             1             16  org.hibernate.loader.JoinWalker$AssociationInitCallback$1
4992:             1             16  org.hibernate.loader.JoinWalker$AssociationInitCallback$1
4993:             1             16  org.hibernate.loader.entity.plan.LegacyBatchingEntityLoaderBuilder
4994:             1             16  org.hibernate.loader.entity.plan.LegacyBatchingEntityLoaderBuilder
4995:             1             16  org.hibernate.loader.plan.build.internal.spaces.JoinHelper
4996:             1             16  org.hibernate.loader.plan.build.internal.spaces.JoinHelper
4997:             1             16  org.hibernate.loader.plan.build.internal.spaces.QuerySpaceHelper
4998:             1             16  org.hibernate.loader.plan.build.internal.spaces.QuerySpaceHelper
4999:             1             16  org.hibernate.loader.plan.build.spi.LoadPlanTreePrinter
5000:             1             16  org.hibernate.loader.plan.build.spi.LoadPlanTreePrinter
5001:             1             16  org.hibernate.loader.plan.exec.internal.RootHelper
5002:             1             16  org.hibernate.loader.plan.exec.internal.RootHelper
5003:             1             16  org.hibernate.mapping.Constraint$ColumnComparator
5004:             1             16  org.hibernate.mapping.Constraint$ColumnComparator
5005:             1             16  org.hibernate.persister.entity.AbstractEntityPersister$NoopCacheEntryHelper
5006:             1             16  org.hibernate.persister.entity.AbstractEntityPersister$NoopCacheEntryHelper
5007:             1             16  org.hibernate.persister.internal.PersisterClassResolverInitiator
5008:             1             16  org.hibernate.persister.internal.PersisterClassResolverInitiator
5009:             1             16  org.hibernate.persister.internal.PersisterFactoryInitiator
5010:             1             16  org.hibernate.persister.internal.PersisterFactoryInitiator
5011:             1             16  org.hibernate.property.BackrefPropertyAccessor$1
5012:             1             16  org.hibernate.property.EmbeddedPropertyAccessor
5013:             1             16  org.hibernate.property.EmbeddedPropertyAccessor
5014:             1             16  org.hibernate.property.EmbeddedPropertyAccessor$EmbeddedGetter
5015:             1             16  org.hibernate.property.EmbeddedPropertyAccessor$EmbeddedSetter
5016:             1             16  org.hibernate.property.MapAccessor
5017:             1             16  org.hibernate.property.MapAccessor
5018:             1             16  org.hibernate.property.NoopAccessor
5019:             1             16  org.hibernate.property.NoopAccessor
5020:             1             16  org.hibernate.proxy.pojo.javassist.JavassistLazyInitializer$1
5021:             1             16  org.hibernate.proxy.pojo.javassist.JavassistLazyInitializer$1
5022:             1             16  org.hibernate.secure.spi.JaccIntegrator$1
5023:             1             16  org.hibernate.secure.spi.JaccIntegrator$1
5024:             1             16  org.hibernate.service.internal.SessionFactoryServiceRegistryFactoryInitiator
5025:             1             16  org.hibernate.service.internal.SessionFactoryServiceRegistryFactoryInitiator
5026:             1             16  org.hibernate.stat.internal.StatisticsInitiator
5027:             1             16  org.hibernate.stat.internal.StatisticsInitiator
5028:             1             16  org.hibernate.stat.internal.StatisticsInitiator$1
5029:             1             16  org.hibernate.stat.internal.StatisticsInitiator$1
5030:             1             16  org.hibernate.tool.hbm2ddl.ImportSqlCommandExtractorInitiator
5031:             1             16  org.hibernate.tool.hbm2ddl.ImportSqlCommandExtractorInitiator
5032:             1             16  org.hibernate.tool.hbm2ddl.SingleLineSqlCommandExtractor
5033:             1             16  org.hibernate.tool.hbm2ddl.SingleLineSqlCommandExtractor
5034:             1             16  org.hibernate.tuple.entity.EntityMetamodel$NoInDatabaseValueGenerationStrategy
5035:             1             16  org.hibernate.tuple.entity.EntityMetamodel$NoInDatabaseValueGenerationStrategy
5036:             1             16  org.hibernate.tuple.entity.EntityMetamodel$NoInMemoryValueGenerationStrategy
5037:             1             16  org.hibernate.tuple.entity.EntityMetamodel$NoInMemoryValueGenerationStrategy
5038:             1             16  org.hibernate.type.ForeignKeyDirection$1
5039:             1             16  org.hibernate.type.ForeignKeyDirection$1
5040:             1             16  org.hibernate.type.ForeignKeyDirection$2
5041:             1             16  org.hibernate.type.ForeignKeyDirection$2
5042:             1             16  org.hibernate.type.PostgresUUIDType$PostgresUUIDSqlTypeDescriptor
5043:             1             16  org.hibernate.type.PostgresUUIDType$PostgresUUIDSqlTypeDescriptor
5044:             1             16  org.hibernate.type.descriptor.java.ArrayMutabilityPlan
5045:             1             16  org.hibernate.type.descriptor.java.ArrayMutabilityPlan
5046:             1             16  org.hibernate.type.descriptor.java.BlobTypeDescriptor$BlobMutabilityPlan
5047:             1             16  org.hibernate.type.descriptor.java.BlobTypeDescriptor$BlobMutabilityPlan
5048:             1             16  org.hibernate.type.descriptor.java.CalendarTypeDescriptor$CalendarMutabilityPlan
5049:             1             16  org.hibernate.type.descriptor.java.CalendarTypeDescriptor$CalendarMutabilityPlan
5050:             1             16  org.hibernate.type.descriptor.java.ClobTypeDescriptor$ClobMutabilityPlan
5051:             1             16  org.hibernate.type.descriptor.java.ClobTypeDescriptor$ClobMutabilityPlan
5052:             1             16  org.hibernate.type.descriptor.java.ImmutableMutabilityPlan
5053:             1             16  org.hibernate.type.descriptor.java.ImmutableMutabilityPlan
5054:             1             16  org.hibernate.type.descriptor.java.JavaTypeDescriptorRegistry
5055:             1             16  org.hibernate.type.descriptor.java.JavaTypeDescriptorRegistry
5056:             1             16  org.hibernate.type.descriptor.java.JdbcDateTypeDescriptor$DateMutabilityPlan
5057:             1             16  org.hibernate.type.descriptor.java.JdbcDateTypeDescriptor$DateMutabilityPlan
5058:             1             16  org.hibernate.type.descriptor.java.JdbcTimeTypeDescriptor$TimeMutabilityPlan
5059:             1             16  org.hibernate.type.descriptor.java.JdbcTimeTypeDescriptor$TimeMutabilityPlan
5060:             1             16  org.hibernate.type.descriptor.java.JdbcTimestampTypeDescriptor$TimestampMutabilityPlan
5061:             1             16  org.hibernate.type.descriptor.java.JdbcTimestampTypeDescriptor$TimestampMutabilityPlan
5062:             1             16  org.hibernate.type.descriptor.java.NClobTypeDescriptor$NClobMutabilityPlan
5063:             1             16  org.hibernate.type.descriptor.java.NClobTypeDescriptor$NClobMutabilityPlan
5064:             1             16  org.hibernate.type.descriptor.java.SerializableTypeDescriptor$SerializableMutabilityPlan
5065:             1             16  org.hibernate.type.descriptor.java.SerializableTypeDescriptor$SerializableMutabilityPlan
5066:             1             16  org.hibernate.type.descriptor.java.UUIDTypeDescriptor$ToStringTransformer
5067:             1             16  org.hibernate.type.descriptor.java.UUIDTypeDescriptor$ToStringTransformer
5068:             1             16  org.hibernate.type.descriptor.sql.BigIntTypeDescriptor
5069:             1             16  org.hibernate.type.descriptor.sql.BigIntTypeDescriptor
5070:             1             16  org.hibernate.type.descriptor.sql.BinaryTypeDescriptor
5071:             1             16  org.hibernate.type.descriptor.sql.BinaryTypeDescriptor
5072:             1             16  org.hibernate.type.descriptor.sql.BlobTypeDescriptor$2
5073:             1             16  org.hibernate.type.descriptor.sql.BlobTypeDescriptor$2
5074:             1             16  org.hibernate.type.descriptor.sql.BlobTypeDescriptor$3
5075:             1             16  org.hibernate.type.descriptor.sql.BlobTypeDescriptor$3
5076:             1             16  org.hibernate.type.descriptor.sql.BlobTypeDescriptor$4
5077:             1             16  org.hibernate.type.descriptor.sql.BlobTypeDescriptor$4
5078:             1             16  org.hibernate.type.descriptor.sql.BlobTypeDescriptor$5
5079:             1             16  org.hibernate.type.descriptor.sql.BlobTypeDescriptor$5
5080:             1             16  org.hibernate.type.descriptor.sql.BooleanTypeDescriptor
5081:             1             16  org.hibernate.type.descriptor.sql.BooleanTypeDescriptor
5082:             1             16  org.hibernate.type.descriptor.sql.CharTypeDescriptor
5083:             1             16  org.hibernate.type.descriptor.sql.CharTypeDescriptor
5084:             1             16  org.hibernate.type.descriptor.sql.ClobTypeDescriptor$2
5085:             1             16  org.hibernate.type.descriptor.sql.ClobTypeDescriptor$2
5086:             1             16  org.hibernate.type.descriptor.sql.ClobTypeDescriptor$3
5087:             1             16  org.hibernate.type.descriptor.sql.ClobTypeDescriptor$3
5088:             1             16  org.hibernate.type.descriptor.sql.ClobTypeDescriptor$4
5089:             1             16  org.hibernate.type.descriptor.sql.ClobTypeDescriptor$4
5090:             1             16  org.hibernate.type.descriptor.sql.ClobTypeDescriptor$5
5091:             1             16  org.hibernate.type.descriptor.sql.ClobTypeDescriptor$5
5092:             1             16  org.hibernate.type.descriptor.sql.DateTypeDescriptor
5093:             1             16  org.hibernate.type.descriptor.sql.DateTypeDescriptor
5094:             1             16  org.hibernate.type.descriptor.sql.DecimalTypeDescriptor
5095:             1             16  org.hibernate.type.descriptor.sql.DecimalTypeDescriptor
5096:             1             16  org.hibernate.type.descriptor.sql.DoubleTypeDescriptor
5097:             1             16  org.hibernate.type.descriptor.sql.DoubleTypeDescriptor
5098:             1             16  org.hibernate.type.descriptor.sql.FloatTypeDescriptor
5099:             1             16  org.hibernate.type.descriptor.sql.FloatTypeDescriptor
5100:             1             16  org.hibernate.type.descriptor.sql.IntegerTypeDescriptor
5101:             1             16  org.hibernate.type.descriptor.sql.IntegerTypeDescriptor
5102:             1             16  org.hibernate.type.descriptor.sql.LongNVarcharTypeDescriptor
5103:             1             16  org.hibernate.type.descriptor.sql.LongNVarcharTypeDescriptor
5104:             1             16  org.hibernate.type.descriptor.sql.LongVarbinaryTypeDescriptor
5105:             1             16  org.hibernate.type.descriptor.sql.LongVarbinaryTypeDescriptor
5106:             1             16  org.hibernate.type.descriptor.sql.LongVarcharTypeDescriptor
5107:             1             16  org.hibernate.type.descriptor.sql.LongVarcharTypeDescriptor
5108:             1             16  org.hibernate.type.descriptor.sql.NCharTypeDescriptor
5109:             1             16  org.hibernate.type.descriptor.sql.NCharTypeDescriptor
5110:             1             16  org.hibernate.type.descriptor.sql.NClobTypeDescriptor$2
5111:             1             16  org.hibernate.type.descriptor.sql.NClobTypeDescriptor$2
5112:             1             16  org.hibernate.type.descriptor.sql.NClobTypeDescriptor$3
5113:             1             16  org.hibernate.type.descriptor.sql.NClobTypeDescriptor$3
5114:             1             16  org.hibernate.type.descriptor.sql.NClobTypeDescriptor$4
5115:             1             16  org.hibernate.type.descriptor.sql.NClobTypeDescriptor$4
5116:             1             16  org.hibernate.type.descriptor.sql.NVarcharTypeDescriptor
5117:             1             16  org.hibernate.type.descriptor.sql.NVarcharTypeDescriptor
5118:             1             16  org.hibernate.type.descriptor.sql.NumericTypeDescriptor
5119:             1             16  org.hibernate.type.descriptor.sql.NumericTypeDescriptor
5120:             1             16  org.hibernate.type.descriptor.sql.RealTypeDescriptor
5121:             1             16  org.hibernate.type.descriptor.sql.RealTypeDescriptor
5122:             1             16  org.hibernate.type.descriptor.sql.SmallIntTypeDescriptor
5123:             1             16  org.hibernate.type.descriptor.sql.SmallIntTypeDescriptor
5124:             1             16  org.hibernate.type.descriptor.sql.TimeTypeDescriptor
5125:             1             16  org.hibernate.type.descriptor.sql.TimeTypeDescriptor
5126:             1             16  org.hibernate.type.descriptor.sql.TimestampTypeDescriptor
5127:             1             16  org.hibernate.type.descriptor.sql.TimestampTypeDescriptor
5128:             1             16  org.hibernate.type.descriptor.sql.TinyIntTypeDescriptor
5129:             1             16  org.hibernate.type.descriptor.sql.TinyIntTypeDescriptor
5130:             1             16  org.hibernate.type.descriptor.sql.VarbinaryTypeDescriptor
5131:             1             16  org.hibernate.type.descriptor.sql.VarbinaryTypeDescriptor
5132:             1             16  org.hibernate.type.descriptor.sql.VarcharTypeDescriptor
5133:             1             16  org.hibernate.type.descriptor.sql.VarcharTypeDescriptor
5134:             1             16  org.jboss.logging.Log4jLoggerProvider
5135:             1             16  org.jboss.logging.Log4jLoggerProvider
5136:             1             16  org.mybatis.spring.transaction.SpringManagedTransactionFactory
5137:             1             16  org.slf4j.helpers.BasicMarkerFactory
5138:             1             16  org.slf4j.helpers.NOPLoggerFactory
5139:             1             16  org.slf4j.helpers.NOPLoggerFactory
5140:             1             16  org.slf4j.helpers.SubstituteLoggerFactory
5141:             1             16  org.slf4j.helpers.SubstituteLoggerFactory
5142:             1             16  org.slf4j.impl.Log4jLoggerFactory
5143:             1             16  org.slf4j.impl.Log4jLoggerFactory
5144:             1             16  org.slf4j.impl.StaticLoggerBinder
5145:             1             16  org.slf4j.impl.StaticLoggerBinder
5146:             1             16  org.slf4j.impl.StaticMarkerBinder
5147:             1             16  org.springframework.aop.TrueClassFilter
5148:             1             16  org.springframework.aop.TrueClassFilter
5149:             1             16  org.springframework.aop.TrueMethodMatcher
5150:             1             16  org.springframework.aop.TrueMethodMatcher
5151:             1             16  org.springframework.aop.TruePointcut
5152:             1             16  org.springframework.aop.TruePointcut
5153:             1             16  org.springframework.aop.aspectj.AbstractAspectJAdvice$AdviceExcludingMethodMatcher
5154:             1             16  org.springframework.aop.aspectj.annotation.ReflectiveAspectJAdvisorFactory$1
5155:             1             16  org.springframework.aop.aspectj.annotation.ReflectiveAspectJAdvisorFactory$1
5156:             1             16  org.springframework.aop.aspectj.annotation.ReflectiveAspectJAdvisorFactory$2
5157:             1             16  org.springframework.aop.aspectj.annotation.ReflectiveAspectJAdvisorFactory$2
5158:             1             16  org.springframework.aop.aspectj.autoproxy.AspectJPrecedenceComparator
5159:             1             16  org.springframework.aop.aspectj.autoproxy.AspectJPrecedenceComparator
5160:             1             16  org.springframework.aop.framework.adapter.AfterReturningAdviceAdapter
5161:             1             16  org.springframework.aop.framework.adapter.AfterReturningAdviceAdapter
5162:             1             16  org.springframework.aop.framework.adapter.DefaultAdvisorAdapterRegistry
5163:             1             16  org.springframework.aop.framework.adapter.DefaultAdvisorAdapterRegistry
5164:             1             16  org.springframework.aop.framework.adapter.MethodBeforeAdviceAdapter
5165:             1             16  org.springframework.aop.framework.adapter.MethodBeforeAdviceAdapter
5166:             1             16  org.springframework.aop.framework.adapter.ThrowsAdviceAdapter
5167:             1             16  org.springframework.aop.framework.adapter.ThrowsAdviceAdapter
5168:             1             16  org.springframework.aop.interceptor.ExposeInvocationInterceptor
5169:             1             16  org.springframework.aop.interceptor.ExposeInvocationInterceptor
5170:             1             16  org.springframework.beans.ExtendedBeanInfoFactory
5171:             1             16  org.springframework.beans.ExtendedBeanInfoFactory
5172:             1             16  org.springframework.cglib.core.DefaultGeneratorStrategy
5173:             1             16  org.springframework.cglib.core.DefaultGeneratorStrategy
5174:             1             16  org.springframework.cglib.core.DefaultNamingPolicy
5175:             1             16  org.springframework.cglib.core.DefaultNamingPolicy
5176:             1             16  org.springframework.cglib.core.KeyFactory$1
5177:             1             16  org.springframework.cglib.core.KeyFactory$1
5178:             1             16  org.springframework.cglib.core.KeyFactory$2
5179:             1             16  org.springframework.cglib.core.KeyFactory$2
5180:             1             16  org.springframework.cglib.core.MethodInfoTransformer
5181:             1             16  org.springframework.cglib.core.MethodInfoTransformer
5182:             1             16  org.springframework.cglib.core.SpringNamingPolicy
5183:             1             16  org.springframework.cglib.core.SpringNamingPolicy
5184:             1             16  org.springframework.cglib.proxy.Enhancer$1
5185:             1             16  org.springframework.cglib.proxy.Enhancer$1
5186:             1             16  org.springframework.cglib.proxy.FixedValueGenerator
5187:             1             16  org.springframework.cglib.proxy.FixedValueGenerator
5188:             1             16  org.springframework.cglib.proxy.InvocationHandlerGenerator
5189:             1             16  org.springframework.cglib.proxy.InvocationHandlerGenerator
5190:             1             16  org.springframework.cglib.proxy.LazyLoaderGenerator
5191:             1             16  org.springframework.cglib.proxy.LazyLoaderGenerator
5192:             1             16  org.springframework.cglib.proxy.MethodInterceptorGenerator
5193:             1             16  org.springframework.cglib.proxy.MethodInterceptorGenerator
5194:             1             16  org.springframework.cglib.proxy.MethodInterceptorGenerator$1
5195:             1             16  org.springframework.cglib.proxy.MethodInterceptorGenerator$1
5196:             1             16  org.springframework.cglib.proxy.NoOp$1
5197:             1             16  org.springframework.cglib.proxy.NoOp$1
5198:             1             16  org.springframework.cglib.proxy.NoOpGenerator
5199:             1             16  org.springframework.cglib.proxy.NoOpGenerator
5200:             1             16  org.springframework.cglib.transform.impl.UndeclaredThrowableStrategy$1
5201:             1             16  org.springframework.cglib.transform.impl.UndeclaredThrowableStrategy$1
5202:             1             16  org.springframework.context.annotation.ConfigurationClassParser$1
5203:             1             16  org.springframework.context.annotation.ConfigurationClassParser$1
5204:             1             16  org.springframework.core.OrderComparator
5205:             1             16  org.springframework.core.OrderComparator
5206:             1             16  org.springframework.core.annotation.AnnotationAwareOrderComparator
5207:             1             16  org.springframework.core.annotation.AnnotationAwareOrderComparator
5208:             1             16  org.springframework.expression.common.TemplateAwareExpressionParser$1
5209:             1             16  org.springframework.expression.common.TemplateAwareExpressionParser$1
5210:             1             16  org.springframework.http.MediaType$1
5211:             1             16  org.springframework.http.MediaType$1
5212:             1             16  org.springframework.http.MediaType$2
5213:             1             16  org.springframework.http.MediaType$2
5214:             1             16  org.springframework.http.converter.xml.Jaxb2RootElementHttpMessageConverter$1
5215:             1             16  org.springframework.http.converter.xml.SourceHttpMessageConverter$1
5216:             1             16  org.springframework.http.converter.xml.SourceHttpMessageConverter$1
5217:             1             16  org.springframework.http.converter.xml.SourceHttpMessageConverter$2
5218:             1             16  org.springframework.http.converter.xml.SourceHttpMessageConverter$2
5219:             1             16  org.springframework.objenesis.strategy.StdInstantiatorStrategy
5220:             1             16  org.springframework.objenesis.strategy.StdInstantiatorStrategy
5221:             1             16  org.springframework.transaction.annotation.JtaTransactionAnnotationParser
5222:             1             16  org.springframework.transaction.annotation.SpringTransactionAnnotationParser
5223:             1             16  org.springframework.transaction.event.TransactionalEventListenerFactory
5224:             1             16  org.springframework.ui.context.support.DelegatingThemeSource
5225:             1             16  org.springframework.ui.context.support.DelegatingThemeSource
5226:             1             16  org.springframework.util.ConcurrentReferenceHashMap$EntrySet
5227:             1             16  org.springframework.util.ConcurrentReferenceHashMap$EntrySet
5228:             1             16  org.springframework.util.DefaultPropertiesPersister
5229:             1             16  org.springframework.util.MimeType$SpecificityComparator
5230:             1             16  org.springframework.util.MimeType$SpecificityComparator
5231:             1             16  org.springframework.util.ReflectionUtils$4
5232:             1             16  org.springframework.util.ReflectionUtils$4
5233:             1             16  org.springframework.util.ReflectionUtils$5
5234:             1             16  org.springframework.util.ReflectionUtils$5
5235:             1             16  org.springframework.util.ReflectionUtils$6
5236:             1             16  org.springframework.util.ReflectionUtils$6
5237:             1             16  org.springframework.util.comparator.ComparableComparator
5238:             1             16  org.springframework.util.comparator.ComparableComparator
5239:             1             16  org.springframework.util.comparator.CompoundComparator
5240:             1             16  org.springframework.util.comparator.CompoundComparator
5241:             1             16  org.springframework.util.comparator.InstanceComparator
5242:             1             16  org.springframework.util.comparator.InstanceComparator
5243:             1             16  org.springframework.web.SpringServletContainerInitializer
5244:             1             16  org.springframework.web.SpringServletContainerInitializer
5245:             1             16  org.springframework.web.servlet.FrameworkServlet$ContextRefreshListener
5246:             1             16  org.springframework.web.servlet.FrameworkServlet$ContextRefreshListener
5247:             1             16  org.springframework.web.servlet.i18n.AcceptHeaderLocaleResolver
5248:             1             16  org.springframework.web.servlet.i18n.AcceptHeaderLocaleResolver
5249:             1             16  org.springframework.web.servlet.mvc.method.annotation.RequestMappingHandlerAdapter$1
5250:             1             16  org.springframework.web.servlet.mvc.method.annotation.RequestMappingHandlerAdapter$1
5251:             1             16  org.springframework.web.servlet.mvc.method.annotation.RequestMappingHandlerAdapter$2
5252:             1             16  org.springframework.web.servlet.mvc.method.annotation.RequestMappingHandlerAdapter$2
5253:             1             16  org.springframework.web.servlet.theme.FixedThemeResolver
5254:             1             16  org.springframework.web.servlet.theme.FixedThemeResolver
5255:             1             16  org.springframework.web.servlet.view.AbstractCachingViewResolver$1
5256:             1             16  org.springframework.web.servlet.view.AbstractCachingViewResolver$1
5257:             1             16  redis.clients.jedis.JedisSlotBasedConnectionHandler
5258:             1             16  redis.clients.jedis.JedisSlotBasedConnectionHandler
5259:             1             16  redis.clients.util.ClusterNodeInformationParser
5260:             1             16  redis.clients.util.ClusterNodeInformationParser
5261:             1             16  sun.management.ClassLoadingImpl
5262:             1             16  sun.management.HotSpotDiagnostic
5263:             1             16  sun.management.ManagementFactoryHelper$PlatformLoggingImpl
5264:             1             16  sun.management.jmxremote.LocalRMIServerSocketFactory
5265:             1             16  sun.misc.ASCIICaseInsensitiveComparator
5266:             1             16  sun.misc.FloatingDecimal$1
5267:             1             16  sun.misc.GC$LatencyLock
5268:             1             16  sun.misc.Launcher
5269:             1             16  sun.misc.Launcher$Factory
5270:             1             16  sun.misc.Perf
5271:             1             16  sun.misc.Unsafe
5272:             1             16  sun.net.DefaultProgressMeteringPolicy
5273:             1             16  sun.net.spi.DefaultProxySelector
5274:             1             16  sun.net.www.protocol.jar.JarFileFactory
5275:             1             16  sun.nio.ch.EPollSelectorProvider
5276:             1             16  sun.nio.ch.FileChannelImpl$1
5277:             1             16  sun.nio.ch.Net$1
5278:             1             16  sun.nio.ch.SocketDispatcher
5279:             1             16  sun.nio.ch.Util$1
5280:             1             16  sun.nio.cs.CharsetMapping$2
5281:             1             16  sun.nio.cs.CharsetMapping$3
5282:             1             16  sun.nio.cs.CharsetMapping$4
5283:             1             16  sun.nio.fs.LinuxFileSystemProvider
5284:             1             16  sun.reflect.GeneratedConstructorAccessor1
5285:             1             16  sun.reflect.GeneratedConstructorAccessor10
5286:             1             16  sun.reflect.GeneratedConstructorAccessor11
5287:             1             16  sun.reflect.GeneratedConstructorAccessor12
5288:             1             16  sun.reflect.GeneratedConstructorAccessor13
5289:             1             16  sun.reflect.GeneratedConstructorAccessor14
5290:             1             16  sun.reflect.GeneratedConstructorAccessor15
5291:             1             16  sun.reflect.GeneratedConstructorAccessor16
5292:             1             16  sun.reflect.GeneratedConstructorAccessor17
5293:             1             16  sun.reflect.GeneratedConstructorAccessor18
5294:             1             16  sun.reflect.GeneratedConstructorAccessor19
5295:             1             16  sun.reflect.GeneratedConstructorAccessor2
5296:             1             16  sun.reflect.GeneratedConstructorAccessor20
5297:             1             16  sun.reflect.GeneratedConstructorAccessor21
5298:             1             16  sun.reflect.GeneratedConstructorAccessor22
5299:             1             16  sun.reflect.GeneratedConstructorAccessor23
5300:             1             16  sun.reflect.GeneratedConstructorAccessor24
5301:             1             16  sun.reflect.GeneratedConstructorAccessor25
5302:             1             16  sun.reflect.GeneratedConstructorAccessor26
5303:             1             16  sun.reflect.GeneratedConstructorAccessor27
5304:             1             16  sun.reflect.GeneratedConstructorAccessor28
5305:             1             16  sun.reflect.GeneratedConstructorAccessor29
5306:             1             16  sun.reflect.GeneratedConstructorAccessor3
5307:             1             16  sun.reflect.GeneratedConstructorAccessor30
5308:             1             16  sun.reflect.GeneratedConstructorAccessor31
5309:             1             16  sun.reflect.GeneratedConstructorAccessor32
5310:             1             16  sun.reflect.GeneratedConstructorAccessor33
5311:             1             16  sun.reflect.GeneratedConstructorAccessor34
5312:             1             16  sun.reflect.GeneratedConstructorAccessor35
5313:             1             16  sun.reflect.GeneratedConstructorAccessor36
5314:             1             16  sun.reflect.GeneratedConstructorAccessor37
5315:             1             16  sun.reflect.GeneratedConstructorAccessor38
5316:             1             16  sun.reflect.GeneratedConstructorAccessor39
5317:             1             16  sun.reflect.GeneratedConstructorAccessor4
5318:             1             16  sun.reflect.GeneratedConstructorAccessor40
5319:             1             16  sun.reflect.GeneratedConstructorAccessor41
5320:             1             16  sun.reflect.GeneratedConstructorAccessor42
5321:             1             16  sun.reflect.GeneratedConstructorAccessor43
5322:             1             16  sun.reflect.GeneratedConstructorAccessor44
5323:             1             16  sun.reflect.GeneratedConstructorAccessor45
5324:             1             16  sun.reflect.GeneratedConstructorAccessor46
5325:             1             16  sun.reflect.GeneratedConstructorAccessor47
5326:             1             16  sun.reflect.GeneratedConstructorAccessor48
5327:             1             16  sun.reflect.GeneratedConstructorAccessor49
5328:             1             16  sun.reflect.GeneratedConstructorAccessor5
5329:             1             16  sun.reflect.GeneratedConstructorAccessor50
5330:             1             16  sun.reflect.GeneratedConstructorAccessor51
5331:             1             16  sun.reflect.GeneratedConstructorAccessor52
5332:             1             16  sun.reflect.GeneratedConstructorAccessor53
5333:             1             16  sun.reflect.GeneratedConstructorAccessor54
5334:             1             16  sun.reflect.GeneratedConstructorAccessor55
5335:             1             16  sun.reflect.GeneratedConstructorAccessor56
5336:             1             16  sun.reflect.GeneratedConstructorAccessor57
5337:             1             16  sun.reflect.GeneratedConstructorAccessor58
5338:             1             16  sun.reflect.GeneratedConstructorAccessor59
5339:             1             16  sun.reflect.GeneratedConstructorAccessor6
5340:             1             16  sun.reflect.GeneratedConstructorAccessor60
5341:             1             16  sun.reflect.GeneratedConstructorAccessor61
5342:             1             16  sun.reflect.GeneratedConstructorAccessor62
5343:             1             16  sun.reflect.GeneratedConstructorAccessor63
5344:             1             16  sun.reflect.GeneratedConstructorAccessor64
5345:             1             16  sun.reflect.GeneratedConstructorAccessor65
5346:             1             16  sun.reflect.GeneratedConstructorAccessor66
5347:             1             16  sun.reflect.GeneratedConstructorAccessor67
5348:             1             16  sun.reflect.GeneratedConstructorAccessor68
5349:             1             16  sun.reflect.GeneratedConstructorAccessor7
5350:             1             16  sun.reflect.GeneratedConstructorAccessor8
5351:             1             16  sun.reflect.GeneratedConstructorAccessor9
5352:             1             16  sun.reflect.GeneratedMethodAccessor1
5353:             1             16  sun.reflect.GeneratedMethodAccessor10
5354:             1             16  sun.reflect.GeneratedMethodAccessor11
5355:             1             16  sun.reflect.GeneratedMethodAccessor12
5356:             1             16  sun.reflect.GeneratedMethodAccessor13
5357:             1             16  sun.reflect.GeneratedMethodAccessor14
5358:             1             16  sun.reflect.GeneratedMethodAccessor15
5359:             1             16  sun.reflect.GeneratedMethodAccessor16
5360:             1             16  sun.reflect.GeneratedMethodAccessor17
5361:             1             16  sun.reflect.GeneratedMethodAccessor18
5362:             1             16  sun.reflect.GeneratedMethodAccessor19
5363:             1             16  sun.reflect.GeneratedMethodAccessor2
5364:             1             16  sun.reflect.GeneratedMethodAccessor20
5365:             1             16  sun.reflect.GeneratedMethodAccessor21
5366:             1             16  sun.reflect.GeneratedMethodAccessor22
5367:             1             16  sun.reflect.GeneratedMethodAccessor23
5368:             1             16  sun.reflect.GeneratedMethodAccessor24
5369:             1             16  sun.reflect.GeneratedMethodAccessor25
5370:             1             16  sun.reflect.GeneratedMethodAccessor26
5371:             1             16  sun.reflect.GeneratedMethodAccessor27
5372:             1             16  sun.reflect.GeneratedMethodAccessor28
5373:             1             16  sun.reflect.GeneratedMethodAccessor29
5374:             1             16  sun.reflect.GeneratedMethodAccessor3
5375:             1             16  sun.reflect.GeneratedMethodAccessor30
5376:             1             16  sun.reflect.GeneratedMethodAccessor31
5377:             1             16  sun.reflect.GeneratedMethodAccessor32
5378:             1             16  sun.reflect.GeneratedMethodAccessor33
5379:             1             16  sun.reflect.GeneratedMethodAccessor34
5380:             1             16  sun.reflect.GeneratedMethodAccessor35
5381:             1             16  sun.reflect.GeneratedMethodAccessor36
5382:             1             16  sun.reflect.GeneratedMethodAccessor37
5383:             1             16  sun.reflect.GeneratedMethodAccessor38
5384:             1             16  sun.reflect.GeneratedMethodAccessor39
5385:             1             16  sun.reflect.GeneratedMethodAccessor4
5386:             1             16  sun.reflect.GeneratedMethodAccessor40
5387:             1             16  sun.reflect.GeneratedMethodAccessor41
5388:             1             16  sun.reflect.GeneratedMethodAccessor42
5389:             1             16  sun.reflect.GeneratedMethodAccessor43
5390:             1             16  sun.reflect.GeneratedMethodAccessor44
5391:             1             16  sun.reflect.GeneratedMethodAccessor45
5392:             1             16  sun.reflect.GeneratedMethodAccessor46
5393:             1             16  sun.reflect.GeneratedMethodAccessor47
5394:             1             16  sun.reflect.GeneratedMethodAccessor48
5395:             1             16  sun.reflect.GeneratedMethodAccessor49
5396:             1             16  sun.reflect.GeneratedMethodAccessor5
5397:             1             16  sun.reflect.GeneratedMethodAccessor50
5398:             1             16  sun.reflect.GeneratedMethodAccessor51
5399:             1             16  sun.reflect.GeneratedMethodAccessor52
5400:             1             16  sun.reflect.GeneratedMethodAccessor53
5401:             1             16  sun.reflect.GeneratedMethodAccessor54
5402:             1             16  sun.reflect.GeneratedMethodAccessor55
5403:             1             16  sun.reflect.GeneratedMethodAccessor56
5404:             1             16  sun.reflect.GeneratedMethodAccessor57
5405:             1             16  sun.reflect.GeneratedMethodAccessor58
5406:             1             16  sun.reflect.GeneratedMethodAccessor59
5407:             1             16  sun.reflect.GeneratedMethodAccessor6
5408:             1             16  sun.reflect.GeneratedMethodAccessor60
5409:             1             16  sun.reflect.GeneratedMethodAccessor61
5410:             1             16  sun.reflect.GeneratedMethodAccessor62
5411:             1             16  sun.reflect.GeneratedMethodAccessor63
5412:             1             16  sun.reflect.GeneratedMethodAccessor64
5413:             1             16  sun.reflect.GeneratedMethodAccessor65
5414:             1             16  sun.reflect.GeneratedMethodAccessor66
5415:             1             16  sun.reflect.GeneratedMethodAccessor67
5416:             1             16  sun.reflect.GeneratedMethodAccessor68
5417:             1             16  sun.reflect.GeneratedMethodAccessor69
5418:             1             16  sun.reflect.GeneratedMethodAccessor7
5419:             1             16  sun.reflect.GeneratedMethodAccessor70
5420:             1             16  sun.reflect.GeneratedMethodAccessor71
5421:             1             16  sun.reflect.GeneratedMethodAccessor72
5422:             1             16  sun.reflect.GeneratedMethodAccessor73
5423:             1             16  sun.reflect.GeneratedMethodAccessor74
5424:             1             16  sun.reflect.GeneratedMethodAccessor75
5425:             1             16  sun.reflect.GeneratedMethodAccessor76
5426:             1             16  sun.reflect.GeneratedMethodAccessor77
5427:             1             16  sun.reflect.GeneratedMethodAccessor78
5428:             1             16  sun.reflect.GeneratedMethodAccessor79
5429:             1             16  sun.reflect.GeneratedMethodAccessor8
5430:             1             16  sun.reflect.GeneratedMethodAccessor80
5431:             1             16  sun.reflect.GeneratedMethodAccessor81
5432:             1             16  sun.reflect.GeneratedMethodAccessor9
5433:             1             16  sun.reflect.GeneratedSerializationConstructorAccessor1
5434:             1             16  sun.reflect.GeneratedSerializationConstructorAccessor10
5435:             1             16  sun.reflect.GeneratedSerializationConstructorAccessor100
5436:             1             16  sun.reflect.GeneratedSerializationConstructorAccessor101
5437:             1             16  sun.reflect.GeneratedSerializationConstructorAccessor102
5438:             1             16  sun.reflect.GeneratedSerializationConstructorAccessor103
5439:             1             16  sun.reflect.GeneratedSerializationConstructorAccessor104
5440:             1             16  sun.reflect.GeneratedSerializationConstructorAccessor105
5441:             1             16  sun.reflect.GeneratedSerializationConstructorAccessor106
5442:             1             16  sun.reflect.GeneratedSerializationConstructorAccessor107
5443:             1             16  sun.reflect.GeneratedSerializationConstructorAccessor108
5444:             1             16  sun.reflect.GeneratedSerializationConstructorAccessor109
5445:             1             16  sun.reflect.GeneratedSerializationConstructorAccessor11
5446:             1             16  sun.reflect.GeneratedSerializationConstructorAccessor110
5447:             1             16  sun.reflect.GeneratedSerializationConstructorAccessor111
5448:             1             16  sun.reflect.GeneratedSerializationConstructorAccessor112
5449:             1             16  sun.reflect.GeneratedSerializationConstructorAccessor113
5450:             1             16  sun.reflect.GeneratedSerializationConstructorAccessor114
5451:             1             16  sun.reflect.GeneratedSerializationConstructorAccessor115
5452:             1             16  sun.reflect.GeneratedSerializationConstructorAccessor116
5453:             1             16  sun.reflect.GeneratedSerializationConstructorAccessor117
5454:             1             16  sun.reflect.GeneratedSerializationConstructorAccessor118
5455:             1             16  sun.reflect.GeneratedSerializationConstructorAccessor119
5456:             1             16  sun.reflect.GeneratedSerializationConstructorAccessor12
5457:             1             16  sun.reflect.GeneratedSerializationConstructorAccessor120
5458:             1             16  sun.reflect.GeneratedSerializationConstructorAccessor121
5459:             1             16  sun.reflect.GeneratedSerializationConstructorAccessor122
5460:             1             16  sun.reflect.GeneratedSerializationConstructorAccessor123
5461:             1             16  sun.reflect.GeneratedSerializationConstructorAccessor124
5462:             1             16  sun.reflect.GeneratedSerializationConstructorAccessor125
5463:             1             16  sun.reflect.GeneratedSerializationConstructorAccessor126
5464:             1             16  sun.reflect.GeneratedSerializationConstructorAccessor127
5465:             1             16  sun.reflect.GeneratedSerializationConstructorAccessor128
5466:             1             16  sun.reflect.GeneratedSerializationConstructorAccessor129
5467:             1             16  sun.reflect.GeneratedSerializationConstructorAccessor13
5468:             1             16  sun.reflect.GeneratedSerializationConstructorAccessor130
5469:             1             16  sun.reflect.GeneratedSerializationConstructorAccessor131
5470:             1             16  sun.reflect.GeneratedSerializationConstructorAccessor132
5471:             1             16  sun.reflect.GeneratedSerializationConstructorAccessor14
5472:             1             16  sun.reflect.GeneratedSerializationConstructorAccessor15
5473:             1             16  sun.reflect.GeneratedSerializationConstructorAccessor16
5474:             1             16  sun.reflect.GeneratedSerializationConstructorAccessor17
5475:             1             16  sun.reflect.GeneratedSerializationConstructorAccessor18
5476:             1             16  sun.reflect.GeneratedSerializationConstructorAccessor19
5477:             1             16  sun.reflect.GeneratedSerializationConstructorAccessor2
5478:             1             16  sun.reflect.GeneratedSerializationConstructorAccessor20
5479:             1             16  sun.reflect.GeneratedSerializationConstructorAccessor21
5480:             1             16  sun.reflect.GeneratedSerializationConstructorAccessor22
5481:             1             16  sun.reflect.GeneratedSerializationConstructorAccessor23
5482:             1             16  sun.reflect.GeneratedSerializationConstructorAccessor24
5483:             1             16  sun.reflect.GeneratedSerializationConstructorAccessor25
5484:             1             16  sun.reflect.GeneratedSerializationConstructorAccessor26
5485:             1             16  sun.reflect.GeneratedSerializationConstructorAccessor27
5486:             1             16  sun.reflect.GeneratedSerializationConstructorAccessor28
5487:             1             16  sun.reflect.GeneratedSerializationConstructorAccessor29
5488:             1             16  sun.reflect.GeneratedSerializationConstructorAccessor3
5489:             1             16  sun.reflect.GeneratedSerializationConstructorAccessor30
5490:             1             16  sun.reflect.GeneratedSerializationConstructorAccessor31
5491:             1             16  sun.reflect.GeneratedSerializationConstructorAccessor32
5492:             1             16  sun.reflect.GeneratedSerializationConstructorAccessor33
5493:             1             16  sun.reflect.GeneratedSerializationConstructorAccessor34
5494:             1             16  sun.reflect.GeneratedSerializationConstructorAccessor35
5495:             1             16  sun.reflect.GeneratedSerializationConstructorAccessor36
5496:             1             16  sun.reflect.GeneratedSerializationConstructorAccessor37
5497:             1             16  sun.reflect.GeneratedSerializationConstructorAccessor38
5498:             1             16  sun.reflect.GeneratedSerializationConstructorAccessor39
5499:             1             16  sun.reflect.GeneratedSerializationConstructorAccessor4
5500:             1             16  sun.reflect.GeneratedSerializationConstructorAccessor40
5501:             1             16  sun.reflect.GeneratedSerializationConstructorAccessor41
5502:             1             16  sun.reflect.GeneratedSerializationConstructorAccessor42
5503:             1             16  sun.reflect.GeneratedSerializationConstructorAccessor43
5504:             1             16  sun.reflect.GeneratedSerializationConstructorAccessor44
5505:             1             16  sun.reflect.GeneratedSerializationConstructorAccessor45
5506:             1             16  sun.reflect.GeneratedSerializationConstructorAccessor46
5507:             1             16  sun.reflect.GeneratedSerializationConstructorAccessor47
5508:             1             16  sun.reflect.GeneratedSerializationConstructorAccessor48
5509:             1             16  sun.reflect.GeneratedSerializationConstructorAccessor49
5510:             1             16  sun.reflect.GeneratedSerializationConstructorAccessor5
5511:             1             16  sun.reflect.GeneratedSerializationConstructorAccessor50
5512:             1             16  sun.reflect.GeneratedSerializationConstructorAccessor51
5513:             1             16  sun.reflect.GeneratedSerializationConstructorAccessor52
5514:             1             16  sun.reflect.GeneratedSerializationConstructorAccessor53
5515:             1             16  sun.reflect.GeneratedSerializationConstructorAccessor54
5516:             1             16  sun.reflect.GeneratedSerializationConstructorAccessor55
5517:             1             16  sun.reflect.GeneratedSerializationConstructorAccessor56
5518:             1             16  sun.reflect.GeneratedSerializationConstructorAccessor57
5519:             1             16  sun.reflect.GeneratedSerializationConstructorAccessor58
5520:             1             16  sun.reflect.GeneratedSerializationConstructorAccessor59
5521:             1             16  sun.reflect.GeneratedSerializationConstructorAccessor6
5522:             1             16  sun.reflect.GeneratedSerializationConstructorAccessor60
5523:             1             16  sun.reflect.GeneratedSerializationConstructorAccessor61
5524:             1             16  sun.reflect.GeneratedSerializationConstructorAccessor62
5525:             1             16  sun.reflect.GeneratedSerializationConstructorAccessor63
5526:             1             16  sun.reflect.GeneratedSerializationConstructorAccessor64
5527:             1             16  sun.reflect.GeneratedSerializationConstructorAccessor65
5528:             1             16  sun.reflect.GeneratedSerializationConstructorAccessor66
5529:             1             16  sun.reflect.GeneratedSerializationConstructorAccessor67
5530:             1             16  sun.reflect.GeneratedSerializationConstructorAccessor68
5531:             1             16  sun.reflect.GeneratedSerializationConstructorAccessor69
5532:             1             16  sun.reflect.GeneratedSerializationConstructorAccessor7
5533:             1             16  sun.reflect.GeneratedSerializationConstructorAccessor70
5534:             1             16  sun.reflect.GeneratedSerializationConstructorAccessor71
5535:             1             16  sun.reflect.GeneratedSerializationConstructorAccessor72
5536:             1             16  sun.reflect.GeneratedSerializationConstructorAccessor73
5537:             1             16  sun.reflect.GeneratedSerializationConstructorAccessor74
5538:             1             16  sun.reflect.GeneratedSerializationConstructorAccessor75
5539:             1             16  sun.reflect.GeneratedSerializationConstructorAccessor76
5540:             1             16  sun.reflect.GeneratedSerializationConstructorAccessor77
5541:             1             16  sun.reflect.GeneratedSerializationConstructorAccessor78
5542:             1             16  sun.reflect.GeneratedSerializationConstructorAccessor79
5543:             1             16  sun.reflect.GeneratedSerializationConstructorAccessor8
5544:             1             16  sun.reflect.GeneratedSerializationConstructorAccessor80
5545:             1             16  sun.reflect.GeneratedSerializationConstructorAccessor81
5546:             1             16  sun.reflect.GeneratedSerializationConstructorAccessor82
5547:             1             16  sun.reflect.GeneratedSerializationConstructorAccessor83
5548:             1             16  sun.reflect.GeneratedSerializationConstructorAccessor84
5549:             1             16  sun.reflect.GeneratedSerializationConstructorAccessor85
5550:             1             16  sun.reflect.GeneratedSerializationConstructorAccessor86
5551:             1             16  sun.reflect.GeneratedSerializationConstructorAccessor87
5552:             1             16  sun.reflect.GeneratedSerializationConstructorAccessor88
5553:             1             16  sun.reflect.GeneratedSerializationConstructorAccessor89
5554:             1             16  sun.reflect.GeneratedSerializationConstructorAccessor9
5555:             1             16  sun.reflect.GeneratedSerializationConstructorAccessor90
5556:             1             16  sun.reflect.GeneratedSerializationConstructorAccessor91
5557:             1             16  sun.reflect.GeneratedSerializationConstructorAccessor92
5558:             1             16  sun.reflect.GeneratedSerializationConstructorAccessor93
5559:             1             16  sun.reflect.GeneratedSerializationConstructorAccessor94
5560:             1             16  sun.reflect.GeneratedSerializationConstructorAccessor95
5561:             1             16  sun.reflect.GeneratedSerializationConstructorAccessor96
5562:             1             16  sun.reflect.GeneratedSerializationConstructorAccessor97
5563:             1             16  sun.reflect.GeneratedSerializationConstructorAccessor98
5564:             1             16  sun.reflect.GeneratedSerializationConstructorAccessor99
5565:             1             16  sun.reflect.ReflectionFactory
5566:             1             16  sun.reflect.generics.tree.BooleanSignature
5567:             1             16  sun.reflect.generics.tree.BottomSignature
5568:             1             16  sun.reflect.generics.tree.ByteSignature
5569:             1             16  sun.reflect.generics.tree.DoubleSignature
5570:             1             16  sun.reflect.generics.tree.IntSignature
5571:             1             16  sun.reflect.generics.tree.LongSignature
5572:             1             16  sun.reflect.generics.tree.VoidDescriptor
5573:             1             16  sun.rmi.registry.RegistryImpl_Skel
5574:             1             16  sun.rmi.registry.RegistryImpl_Stub
5575:             1             16  sun.rmi.runtime.Log$LoggerLogFactory
5576:             1             16  sun.rmi.runtime.RuntimeUtil
5577:             1             16  sun.rmi.server.UnicastRef2
5578:             1             16  sun.rmi.server.UnicastServerRef$HashToMethod_Maps
5579:             1             16  sun.rmi.transport.DGCImpl_Skel
5580:             1             16  sun.rmi.transport.DGCImpl_Stub
5581:             1             16  sun.rmi.transport.proxy.RMIDirectSocketFactory
5582:             1             16  sun.rmi.transport.tcp.TCPTransport$1
5583:             1             16  sun.security.rsa.RSAKeyFactory
5584:             1             16  sun.security.util.ByteArrayLexOrder
5585:             1             16  sun.security.util.ByteArrayTagOrder
5586:             1             16  sun.security.x509.RFC822Name
5587:             1             16  sun.text.normalizer.NormalizerBase$Mode
5588:             1             16  sun.text.normalizer.NormalizerBase$NFCMode
5589:             1             16  sun.text.normalizer.NormalizerBase$NFDMode
5590:             1             16  sun.text.normalizer.NormalizerBase$NFKCMode
5591:             1             16  sun.text.normalizer.NormalizerBase$NFKDMode
5592:             1             16  sun.util.calendar.Gregorian
5593:             1             16  sun.util.locale.provider.AuxLocaleProviderAdapter$NullProvider
5594:             1             16  sun.util.locale.provider.CalendarDataUtility$CalendarWeekParameterGetter
5595:             1             16  sun.util.locale.provider.SPILocaleProviderAdapter
5596:             1             16  sun.util.locale.provider.TimeZoneNameUtility$TimeZoneNameGetter
5597:             1             16  sun.util.resources.LocaleData
5598:             1             16  sun.util.resources.LocaleData$LocaleDataResourceBundleControl
5599:             1             16  websocket.ExamplesConfig
5600:             1             16  websocket.drawboard.DrawboardContextListener
Total       4217321      310654264
